brand-sheet-320: axe0 / overflow0 / assets0
brand-sheet-390: axe0 / overflow0 / assets0
brand-sheet-768: axe0 / overflow0 / assets0
brand-sheet-1440: axe0 / overflow0 / assets0
home-320: axe0 / overflow0 / assets0
fridge-320: axe0 / overflow0 / assets0
recipes-320: axe0 / overflow0 / assets0
planner-320: axe0 / overflow0 / assets0
shopping-320: axe0 / overflow0 / assets0
recipe-320: axe0 / overflow0 / assets0
home-390: axe0 / overflow0 / assets0
fridge-390: axe0 / overflow0 / assets0
recipes-390: axe0 / overflow0 / assets0
planner-390: axe0 / overflow0 / assets0
shopping-390: axe0 / overflow0 / assets0
recipe-390: axe0 / overflow0 / assets0
home-768: axe0 / overflow0 / assets0
fridge-768: axe0 / overflow0 / assets0
recipes-768: axe0 / overflow0 / assets0
planner-768: axe0 / overflow0 / assets0
shopping-768: axe0 / overflow0 / assets0
recipe-768: axe0 / overflow0 / assets0
home-1024: axe0 / overflow0 / assets0
fridge-1024: axe0 / overflow0 / assets0
recipes-1024: axe0 / overflow0 / assets0
planner-1024: axe0 / overflow0 / assets0
shopping-1024: axe0 / overflow0 / assets0
recipe-1024: axe0 / overflow0 / assets0
home-1440: axe0 / overflow0 / assets0
fridge-1440: axe0 / overflow0 / assets0
recipes-1440: axe0 / overflow0 / assets0
planner-1440: axe0 / overflow0 / assets0
shopping-1440: axe0 / overflow0 / assets0
recipe-1440: axe0 / overflow0 / assets0
shopping-enlarged-text-320: axe0 / overflow0 / assets0
shopping-short-390: axe0 / overflow0 / assets0
planner-normal-motion-390: axe0 / overflow0 / assets0
cooking-immersive-320: axe0 / overflow0 / assets0
cooking-immersive-1440: axe0 / overflow0 / assets0
cooking-review-320: axe0 / overflow0 / assets0
cooking-review-1440: axe0 / overflow0 / assets0
PASS 41 checks / 6 journeys / 0 page errors
