7:33:32 PM [vite] (client) Re-optimizing dependencies because vite config has changed
Isolated security preview: Vite 5201, in-memory SQLite API 8901, external API fetch disabled; /__preview for synthetic login/reset
7:40:42 PM [vite] (client) page reload docs/ui-rebuild/round-7/brand-preview.html
[req] GET /api/v1/me 200 2ms 47494dc8-d2ba-42ab-8ad1-108373d3f6cd
[req] GET /api/v1/me 200 1ms 467b2fdf-36de-4325-9e01-42f67d93edac
[req] PATCH /api/v1/preferences 200 2ms 8b7a5106-e54e-49d6-a4f4-8cf4b3fbd5e1
[req] GET /api/v1/inventory 200 1ms bff327f4-cab2-480c-9afe-3e7e4f45ed48
[req] GET /api/v1/me 200 1ms 51a85e37-e1f9-4d03-b1f1-e46cdf1d88e2
[req] GET /api/v1/meal-planning/plans/current 200 1ms 56c2f4e8-847c-4a80-bf8f-26a9ace422d7
[req] GET /api/v1/inventory 200 1ms b4e9be00-994d-48d9-b80c-8af1fce09c7a
[req] GET /api/v1/recipe-discovery 200 16ms d826552b-ac0b-4ede-9599-f47bf95b0eb6
[req] GET /api/v1/me 200 0ms 8da049a8-e5cd-45ac-806a-8873b6af025e
[req] GET /api/v1/inventory 200 0ms 81251998-c9df-4301-a539-c6a73469ae9b
[req] GET /api/v1/me 200 0ms 8e65433f-9097-4300-914e-5963932acfda
[req] GET /api/v1/recipe-discovery 200 5ms 4da4647c-0896-4c89-9502-2653d744d10e
[req] GET /api/v1/me 200 0ms fedf5f8d-2178-47ef-af3e-0f085682cfcd
[req] GET /api/v1/meal-planning/plans/current 200 1ms 88ccceb9-3088-4360-a926-134038820c0a
[req] GET /api/v1/me 200 0ms e635b48e-7c6f-4991-9014-79b24b4278a3
[req] GET /api/v1/shopping-list 200 1ms 4c1c1832-7442-4a3c-802a-9681a0a0d5c7
[req] GET /api/v1/me 200 0ms 13bc9f70-37c5-40ba-9b5d-0f2564823fef
[req] GET /api/v1/recipes/thit-kho-trung 200 1ms f0334734-444b-4eb8-9125-e682e876a39a
[req] GET /api/v1/inventory 200 0ms 6fa82d22-b460-47bf-b758-87ebb86e97df
[req] GET /api/v1/me 200 1ms e23223a7-7458-402f-91bf-cd730ea17011
[req] GET /api/v1/meal-planning/plans/current 200 1ms 02832b95-4762-4717-bc49-ecad3aafbb46
[req] GET /api/v1/inventory 200 1ms 7730d91f-d434-42f1-acbd-30f97564d8e2
[req] GET /api/v1/recipe-discovery 200 4ms d6f9c143-3ef4-44a9-8014-0e4a1f848e70
[req] GET /api/v1/me 200 1ms 76ae4176-2090-4a9e-9086-48177439cfc4
[req] GET /api/v1/inventory 200 0ms e90e66e2-54a4-42c8-9361-81dc048effe8
[req] GET /api/v1/me 200 1ms ef2ce934-ae83-4bb0-94df-2e8b8886bd2c
[req] GET /api/v1/recipe-discovery 200 10ms 6fe55786-8ead-4af4-a8b3-b9306ac76583
[req] GET /api/v1/me 200 1ms 76be8d67-2ac8-4878-a9c7-c38f6bd4d004
[req] GET /api/v1/meal-planning/plans/current 200 1ms 674204bd-4edc-484b-8a45-e042595734af
[req] GET /api/v1/me 200 1ms b7f7afab-12d6-4b37-8fc9-f7cd76471b25
[req] GET /api/v1/shopping-list 200 3ms 51b4f2b2-f50f-42ef-b7e7-7caac7e2bc1e
[req] GET /api/v1/me 200 1ms 1f962d74-a1b0-4c0a-9d35-6487fddd7766
[req] GET /api/v1/recipes/thit-kho-trung 200 1ms 76cd24b5-4869-4fa1-87cc-c91b7e9665c1
[req] GET /api/v1/inventory 200 0ms 77eb90ca-79f5-4ee7-b5e7-8aeaa62367db
[req] GET /api/v1/me 200 1ms b0edec27-74b6-4198-97e4-cec25f650555
[req] GET /api/v1/meal-planning/plans/current 200 1ms 857b09bb-e363-4ca3-be35-f6251e1e3720
[req] GET /api/v1/inventory 200 1ms 3c6e16cf-2887-47f7-a76a-29038c794b70
[req] GET /api/v1/recipe-discovery 200 4ms 3b32c3c7-f97b-4a3b-a880-e226d70b0f64
[req] GET /api/v1/me 200 0ms 1fbe72b6-d768-42b6-b127-84373ef97175
[req] GET /api/v1/inventory 200 1ms 2e7cdb94-b64a-4437-9e96-5f43efbc4f08
[req] GET /api/v1/me 200 1ms eeaea457-0d32-4730-97a4-5003378d419b
[req] GET /api/v1/recipe-discovery 200 4ms b5e2b205-b488-459a-9053-4ed3620fa0ce
[req] GET /api/v1/me 200 1ms b401d5c2-5d78-4849-b5bb-7f961894e480
[req] GET /api/v1/meal-planning/plans/current 200 1ms ede5d5b7-3790-4321-8dbb-c2cedb7d05d1
[req] GET /api/v1/me 200 1ms b035b953-c32e-4656-acbe-51516bd94746
[req] GET /api/v1/shopping-list 200 0ms f5625905-00c8-4f6b-99a9-eb04acd4122c
[req] GET /api/v1/me 200 1ms e23d97e8-ac2e-42df-92a1-d24bfe0d631a
[req] GET /api/v1/recipes/thit-kho-trung 200 3ms 69c437ff-19db-40b5-be65-66301d775d6b
[req] GET /api/v1/inventory 200 1ms d3fe2094-a67a-4e2e-995a-c60d1c0e6357
[req] GET /api/v1/me 200 1ms 08427158-9d04-49b0-8be9-42f46784a95d
[req] GET /api/v1/meal-planning/plans/current 200 1ms 4b4720ff-8e06-4802-9882-69d9fb78513b
[req] GET /api/v1/inventory 200 1ms 0984d673-ca94-4515-a927-f54a42ed2e7d
[req] GET /api/v1/recipe-discovery 200 4ms 1e6d6f6a-1bc2-47ae-b166-f592c4a51d0e
[req] GET /api/v1/me 200 0ms 80c7b2db-34ad-48f2-958b-ad24ae5dfcf0
[req] GET /api/v1/inventory 200 1ms 722691b9-5821-4a2b-903a-d310dd75f446
[req] GET /api/v1/me 200 1ms 715495be-f856-484c-bba6-c652018a17e5
[req] GET /api/v1/recipe-discovery 200 5ms ed3e776a-4cfc-44b4-8499-6b6af0fe58f6
[req] GET /api/v1/me 200 1ms 2a6529c2-b54a-471c-8802-9db98172ad57
[req] GET /api/v1/meal-planning/plans/current 200 1ms ff5516a5-5617-4a17-bbb6-d478635c9640
[req] GET /api/v1/me 200 1ms 5cf05ed7-2bc8-4cd7-a183-63360dba6451
[req] GET /api/v1/shopping-list 200 1ms 9b137e52-9c8c-4b93-bef7-9ff4271b5956
[req] GET /api/v1/me 200 0ms 508a54c2-6630-41de-b205-18e86768bf28
[req] GET /api/v1/recipes/thit-kho-trung 200 1ms fb0265be-d0e1-47ad-a6a1-27cf7ed64d34
[req] GET /api/v1/inventory 200 1ms 7764ec19-5977-45ae-89c2-477dfa9a3e0d
[req] GET /api/v1/me 200 0ms 00926d6b-feca-4dde-9e46-0c847df2d1f0
[req] GET /api/v1/meal-planning/plans/current 200 1ms 083d5afa-f383-4927-b73b-31c3a2a16efa
[req] GET /api/v1/inventory 200 1ms 5391e9be-347d-4552-84fb-596d8c54f819
[req] GET /api/v1/recipe-discovery 200 5ms adfec25d-fe16-48a4-b5d6-8ae7c342b094
[req] GET /api/v1/me 200 0ms 6697cac7-175a-4de0-b804-72f14ae17ab4
[req] GET /api/v1/inventory 200 1ms c34cb625-1df1-4e55-9c4f-909f10837817
[req] GET /api/v1/me 200 0ms 1cc81bbb-43d5-457d-84e4-e14e68b12a05
[req] GET /api/v1/recipe-discovery 200 3ms 0fa4e484-ab6b-4c7f-8b9f-00de7bd42e13
[req] GET /api/v1/me 200 1ms 9f95e2f4-5d46-4e13-bae2-a9abbacd893a
[req] GET /api/v1/meal-planning/plans/current 200 1ms 63beff55-f875-4cf3-b3d4-99908ab66408
[req] GET /api/v1/me 200 0ms 6045f8b9-17af-4965-9a93-11790b835b38
[req] GET /api/v1/shopping-list 200 1ms 060b4bd0-71c1-4574-8f75-74fdfe93dc00
[req] GET /api/v1/me 200 0ms 04ae1c79-29aa-4221-b1a0-56ac4b56cd83
[req] GET /api/v1/recipes/thit-kho-trung 200 0ms 629f2178-3541-4618-98a5-cb90baa3648d
[req] GET /api/v1/inventory 200 0ms 3db3f34b-a151-4f9b-a081-ff568cc8acf4
[req] GET /api/v1/me 200 0ms 5372332e-bacc-42b4-a61c-97136c27d733
[req] GET /api/v1/shopping-list 200 0ms d95b15a6-b6cf-4f12-a2c5-e861e8301a42
[req] GET /api/v1/me 200 1ms 10bbffbf-d638-4dd8-95b2-a10e0afe681b
[req] GET /api/v1/shopping-list 200 1ms dc967fea-7a15-422b-b45d-43f4e8d3fa5f
[req] GET /api/v1/me 200 1ms 0fabdbb2-83c1-4a99-84ba-9dfbd92b0ee6
[req] GET /api/v1/shopping-list 200 0ms cac79284-892c-42d7-8df6-73f039e2f43a
[req] GET /api/v1/me 200 1ms 89ba03fd-20d6-4a51-93bd-16b594078bbc
[req] GET /api/v1/me 200 0ms e7d16678-61b7-4e9e-b6fa-14d6ed2c27e1
[req] GET /api/v1/me 200 1ms 1937c98d-d35a-497e-8529-ad19a7e7da14
[req] GET /api/v1/me 200 1ms f27f49d0-9e44-4d1a-aab1-a853b724e8ef
[req] PATCH /api/v1/preferences 200 1ms a83c44a8-3e1b-41aa-858a-0f7e80d06983
[req] GET /api/v1/inventory 200 1ms 29396bc6-3ebd-4e42-972e-f40189816c3b
[req] GET /api/v1/me 200 0ms 19a22360-e63f-42c8-9048-d17d6fe2b906
[req] GET /api/v1/meal-planning/plans/current 200 0ms bb5b9d6c-93d4-4e4a-b043-471371204f6c
[req] GET /api/v1/inventory 200 0ms b39b277a-5712-49c4-9070-97c4e858d34c
[req] GET /api/v1/recipe-discovery 200 3ms e78ec878-b104-4d83-adfc-1ece519d9651
[req] GET /api/v1/me 200 1ms cd16b853-a737-4b4a-91ae-2634d24679e3
[req] GET /api/v1/inventory 200 1ms ba52e623-e2ec-4b10-8dd1-0fb2f8b84aa5
[req] GET /api/v1/me 200 0ms 413aaa3a-c4af-4409-8659-ec0829df3f42
[req] GET /api/v1/recipe-discovery 200 2ms 7f07ce17-6d8e-4301-af39-09c84c08ac1c
[req] GET /api/v1/me 200 1ms 9bfe7172-4d30-44f9-9e40-d5f27371081e
[req] GET /api/v1/meal-planning/plans/current 200 1ms f877e2af-b756-4e6c-9450-18881c5b7d17
[req] GET /api/v1/me 200 0ms 4051ca95-afce-402b-b703-eb8dd9b95fa5
[req] GET /api/v1/shopping-list 200 1ms b3b424a1-41b4-4df4-97b5-39742e0a61aa
[req] GET /api/v1/me 200 0ms 7306a379-bb5a-46a1-84de-1f266dc75b52
[req] GET /api/v1/recipes/thit-kho-trung 200 1ms 6a2ed36e-d18a-41f3-8a84-9f931c0a930e
[req] GET /api/v1/inventory 200 0ms 34b692eb-a546-4cbd-a93a-4608f963209b
[req] GET /api/v1/me 200 1ms 01b0a87c-7518-4408-bd38-b50e360b9a4b
[req] GET /api/v1/meal-planning/plans/current 200 0ms 37a7f909-aaa7-4778-9b2d-c7bed149e3e9
[req] GET /api/v1/inventory 200 3ms 63c50177-5f41-4e6e-a664-1685ee0569c8
[req] GET /api/v1/recipe-discovery 200 51ms 7628edef-6c0e-4bd3-bc73-ea10609fa04c
[req] GET /api/v1/me 200 0ms 16bc000b-4e59-4a51-bad7-82b02d32299a
[req] GET /api/v1/inventory 200 3ms e8f1c46e-8936-4c41-9d70-b9f0ef73e5fc
[req] GET /api/v1/me 200 1ms bee1b33a-8e7b-462f-a9f8-b32d12f56397
[req] GET /api/v1/recipe-discovery 200 5ms 77e343fe-7610-4e52-8a98-9c710e2c3b56
[req] GET /api/v1/me 200 1ms ca7990da-e4d9-46d0-8b54-70e812514d91
[req] GET /api/v1/meal-planning/plans/current 200 1ms 1c6f18f0-a8df-4357-b29a-39e61e5211be
[req] GET /api/v1/me 200 1ms 01a97cda-ea33-4355-a015-18ef078f7b00
[req] GET /api/v1/shopping-list 200 0ms dd26dcee-1346-44c3-8327-cc16955d44c8
[req] GET /api/v1/me 200 1ms 39e68cb2-fdac-4142-9da9-f3c7b92cb44f
[req] GET /api/v1/recipes/thit-kho-trung 200 1ms b493b366-2b4b-4699-92d8-1c9c45abe01b
[req] GET /api/v1/inventory 200 2ms d487631e-2132-4034-abc2-47657dad0181
[req] GET /api/v1/me 200 1ms 6c6f6b18-6a8a-48c9-babe-18dc05406b6e
[req] GET /api/v1/meal-planning/plans/current 200 2ms 1d2734a8-4aa8-4f54-8115-3873160af2ce
[req] GET /api/v1/inventory 200 1ms df95d7e8-e51c-4e7b-b0cd-1cf5d48f2932
[req] GET /api/v1/recipe-discovery 200 4ms 559299a3-3c52-42ec-a600-97050777c2b8
[req] GET /api/v1/me 200 0ms 950fa01b-137b-4183-84f6-f6c0aad702ff
[req] GET /api/v1/inventory 200 0ms a551314e-b5e9-49aa-88ea-67d919f115b8
[req] GET /api/v1/me 200 0ms c67636c7-a01d-491c-8e97-d2f885a89bac
[req] GET /api/v1/recipe-discovery 200 3ms 79a4284d-8b40-4cb4-82f7-50b8bbfef27e
[req] GET /api/v1/me 200 1ms c8b2affe-4bce-4bac-9c65-3445010e266c
[req] GET /api/v1/meal-planning/plans/current 200 0ms 5847eb16-0c8b-49c0-b3bb-cb6adce18b30
[req] GET /api/v1/me 200 0ms e5236a41-ac24-4338-bcbd-11f6afcd6458
[req] GET /api/v1/shopping-list 200 1ms 9439aa97-a50a-45a7-872f-4bbddb376051
[req] GET /api/v1/me 200 0ms d902bf80-ea91-473a-91f3-3b5447aa8c10
[req] GET /api/v1/recipes/thit-kho-trung 200 2ms ed5872d1-9086-4cca-8662-c363c66b1c3b
[req] GET /api/v1/inventory 200 1ms f43a3148-1840-47cc-b24f-4b9ae6ecdc42
[req] GET /api/v1/me 200 1ms 3d81fa46-980c-4e32-91e6-ff6a85c66e6f
[req] GET /api/v1/meal-planning/plans/current 200 0ms 49633762-2289-4f2d-ac6b-65b570db225d
[req] GET /api/v1/inventory 200 0ms e191780d-0f5f-410a-b81f-87087a8bc007
[req] GET /api/v1/recipe-discovery 200 3ms 71875aaf-e639-401c-9b3d-42f15f8907e2
[req] GET /api/v1/me 200 1ms 797cb172-28f8-46f4-96af-98cf694a29d5
[req] GET /api/v1/inventory 200 2ms 36925ffd-82c3-4233-a4fc-89e1fedf7e16
[req] GET /api/v1/me 200 0ms c51331d7-1977-4aed-b755-0d31968607da
[req] GET /api/v1/recipe-discovery 200 2ms f93e5f43-536e-486a-a933-a91808d7abc0
[req] GET /api/v1/me 200 0ms ae1c43df-a0b8-4851-9451-3c6cce8708ce
[req] GET /api/v1/meal-planning/plans/current 200 1ms 55a5f54c-5514-4600-9258-ee069d5234ae
[req] GET /api/v1/me 200 0ms c295d743-9cda-4b01-946d-c918e25e3ea8
[req] GET /api/v1/shopping-list 200 0ms 5fd50eaf-91eb-4e1a-bc8a-a161bb661e5d
[req] GET /api/v1/me 200 1ms fbb66c7f-3cac-4661-9bbe-3cf7a4f73a6e
[req] GET /api/v1/recipes/thit-kho-trung 200 1ms be2a2a12-ed6f-4976-8d25-950a9e904966
[req] GET /api/v1/inventory 200 1ms 279e2412-d862-45c2-b9bc-67b9501c267d
[req] GET /api/v1/me 200 0ms 4444b1ae-02c6-49a2-963e-07ff016b9b7c
[req] GET /api/v1/meal-planning/plans/current 200 1ms f77c3621-2abf-44f0-ba40-1c2152ef78ec
[req] GET /api/v1/inventory 200 1ms 5c7ac8db-4385-4778-8242-30227e27a63d
[req] GET /api/v1/recipe-discovery 200 4ms 004fab69-aa7f-4fd1-8d58-7625a273b3e0
[req] GET /api/v1/me 200 1ms cced5218-5167-4762-b30a-8cb437db91cb
[req] GET /api/v1/inventory 200 1ms dde25c30-b060-4f01-957a-233470c3c9f6
[req] GET /api/v1/me 200 1ms b039b9cf-dcae-4ce7-8cbf-aabe2962f834
[req] GET /api/v1/recipe-discovery 200 3ms 985d1224-21f5-49a8-af15-e0fbc4d24d44
[req] GET /api/v1/me 200 1ms f272ebd9-00ec-4602-8399-228a15cff63f
[req] GET /api/v1/meal-planning/plans/current 200 1ms 1167b8c6-ace2-412c-9fb9-ea1e96889562
[req] GET /api/v1/me 200 1ms 6a036295-9d66-412d-be58-ae3e72db2258
[req] GET /api/v1/shopping-list 200 1ms 023a49cb-1cea-441c-b4ac-389770511c7c
[req] GET /api/v1/me 200 1ms 6da5257d-839e-4b9f-914b-815afd45d56b
[req] GET /api/v1/recipes/thit-kho-trung 200 1ms eb2b5140-4df8-476d-91c5-9e36eac231d8
[req] GET /api/v1/inventory 200 1ms 57e76cd1-d0ec-40e1-84c2-05784e510c3a
[req] GET /api/v1/me 200 0ms f7e4af64-ad0a-4204-82e7-6704032871bc
[req] GET /api/v1/shopping-list 200 2ms 9b975ea5-9b5e-4bfa-bd4a-c423f38c16d9
[req] GET /api/v1/me 200 0ms 92bb0bf8-6121-42a4-af1e-d508c68608a2
[req] GET /api/v1/shopping-list 200 1ms 4281eedb-506a-4f8a-89e4-1f9e440682a2
[req] GET /api/v1/me 200 1ms 2ed1fdbf-406b-4123-bedd-f868c24cc5a8
[req] GET /api/v1/shopping-list 200 1ms 3b433b84-cccd-430b-9139-2fc62d5c0679
[req] GET /api/v1/me 200 0ms 0b6774a7-fb47-4bcf-9f0f-55253ed60bae
[req] GET /api/v1/shopping-list 200 0ms c9b65714-36ab-4f94-a1dd-51023c6ca2d1
[req] GET /api/v1/me 200 1ms 96065980-6326-4cf5-b5ca-8fb33a7c353e
[req] GET /api/v1/meal-planning/plans/current 200 1ms 3f45501d-b4eb-469c-b377-903e2d271b24
[req] GET /api/v1/me 200 0ms 30e7f841-fc04-45f1-9411-5b33160fc660
[req] GET /api/v1/recipes/thit-kho-trung 200 1ms ddeadd4a-e826-49a7-b5ae-4153d0ec7738
[req] GET /api/v1/inventory 200 0ms 6ba79cdd-a633-4c83-b4f0-7cf981ef6f5c
[req] GET /api/v1/inventory 200 0ms e46e0b17-54e6-4223-b20e-c396c5fee242
[req] GET /api/v1/me 200 1ms e0bd731e-bc2b-4cc9-9fe9-2d8573ba8afc
[req] GET /api/v1/me 200 1ms 329562f6-b535-4b39-a131-bacdd95a7f18
[req] GET /api/v1/me 200 1ms ca555d8d-5061-4a20-a578-482fb216e0e2
[req] PATCH /api/v1/preferences 200 0ms 2952d5db-579e-46f5-b008-350ad9dd4455
[req] GET /api/v1/inventory 200 1ms 8081d8c2-73da-4bd0-8249-93e1a7d76657
[req] GET /api/v1/me 200 1ms d1515074-b969-49dc-85d6-916c974d2008
[req] GET /api/v1/meal-planning/plans/current 200 1ms 500f3a3c-3379-467c-900a-6a6598e248a1
[req] GET /api/v1/inventory 200 0ms 142304a0-2480-4f15-8a68-cc48128da699
[req] GET /api/v1/recipe-discovery 200 5ms 8083cf56-be1d-4a32-bf04-195e4cd5f22f
[req] GET /api/v1/me 200 1ms 559185a8-34a1-4532-8f12-752bf1cce55e
[req] GET /api/v1/inventory 200 0ms 927d4bf6-665f-42f5-bbc0-716e23423d2e
[req] GET /api/v1/me 200 1ms 0353995b-8b35-4431-8a4f-050ea53ea787
[req] GET /api/v1/recipe-discovery 200 3ms 0f6217cb-2ea6-4217-b89e-d1e46b30b3c9
[req] GET /api/v1/me 200 1ms ef9afa1d-1f89-448a-942e-6e9358d4a536
[req] GET /api/v1/meal-planning/plans/current 200 1ms 6f31457d-ca02-4f98-a23e-e37a23228b52
[req] GET /api/v1/me 200 1ms 01140a55-b775-4a31-86d6-1aa355c918db
[req] GET /api/v1/shopping-list 200 1ms 67681ff9-d112-4651-817f-aa634328150c
[req] GET /api/v1/me 200 0ms 4560a6c6-02a6-48bc-b602-b903db2d19f8
[req] GET /api/v1/recipes/thit-kho-trung 200 2ms 31b2c646-898b-4c2a-8828-b337a4310fb8
[req] GET /api/v1/inventory 200 2ms 8b22cb71-65d6-4df2-81f6-994454b7d9d9
[req] GET /api/v1/me 200 1ms 8d573f01-4714-4020-b287-8b30a279a3e2
[req] GET /api/v1/meal-planning/plans/current 200 1ms df1b455c-061a-4bfa-87f9-d6f5a7c041ff
[req] GET /api/v1/inventory 200 1ms af7109b5-e18b-48f9-9828-147909720b39
[req] GET /api/v1/recipe-discovery 200 4ms 183dc165-4e4b-471a-beeb-150f54c522a5
[req] GET /api/v1/me 200 0ms 2b43be42-f605-4802-8516-003e20d7acf5
[req] GET /api/v1/inventory 200 1ms 6b973aff-674a-46c9-931a-dd48146495ed
[req] GET /api/v1/me 200 0ms e3ca9bba-304e-405b-8968-46c84d4a4048
[req] GET /api/v1/recipe-discovery 200 3ms 8994789f-7d47-4255-af43-3f0b2271fe22
[req] GET /api/v1/me 200 0ms 287cc389-9c52-4edd-8d5c-93215c030ab6
[req] GET /api/v1/meal-planning/plans/current 200 1ms 7026b47a-9e95-43c3-a176-7645f114daa2
[req] GET /api/v1/me 200 0ms c965a39c-3f35-406b-a062-b25ad100923e
[req] GET /api/v1/shopping-list 200 1ms cdab5946-de68-451c-be58-c56950703973
[req] GET /api/v1/me 200 1ms d5d4927e-75a0-4516-921f-f98f29f612b8
[req] GET /api/v1/recipes/thit-kho-trung 200 1ms 8f095233-6375-48d7-adb3-96b97e4a1a9c
[req] GET /api/v1/inventory 200 2ms 28e09644-35d5-4505-b473-7698a0289039
[req] GET /api/v1/me 200 0ms 61e34215-3938-451d-a3d9-22092694b881
[req] GET /api/v1/meal-planning/plans/current 200 1ms 7e4a8d1e-897a-45ed-9f0c-31b06b9af5f3
[req] GET /api/v1/inventory 200 1ms c542b4d6-92b1-4769-9829-f25ee8cc44d9
[req] GET /api/v1/recipe-discovery 200 5ms 5247f580-c945-4aec-96b1-b346a1402a87
[req] GET /api/v1/me 200 0ms e07f8339-c764-4e7b-809c-4af4fdcef971
[req] GET /api/v1/inventory 200 1ms 4872ed66-2470-4d7e-89fc-8e2f939d5a7d
[req] GET /api/v1/me 200 1ms 49f97bee-7457-4fb8-af71-af35900d3da3
[req] GET /api/v1/recipe-discovery 200 5ms 78914d18-24df-4d18-a848-ae8abe9c661f
[req] GET /api/v1/me 200 0ms cabece18-2c19-4c69-929a-533c81c9dc1d
[req] GET /api/v1/meal-planning/plans/current 200 0ms a8fba0e4-ea72-471b-aca8-07bad648804a
[req] GET /api/v1/me 200 0ms 39fdd5c6-83d8-4ee5-bccd-e9815ac6e922
[req] GET /api/v1/shopping-list 200 1ms 021e74b4-ba34-48f0-91e3-b5a4a2e93b3d
[req] GET /api/v1/me 200 0ms cbffdf04-bc4e-4bd1-9752-49d0bdded782
[req] GET /api/v1/recipes/thit-kho-trung 200 1ms 2fcd4624-4a25-4c82-b1d4-860b2f849b4b
[req] GET /api/v1/inventory 200 1ms 18613fbd-dfec-49cb-86f3-0f09dd4d1880
[req] GET /api/v1/me 200 0ms d5d11528-5608-4289-be86-f1f8383b12d7
[req] GET /api/v1/meal-planning/plans/current 200 1ms 0331c7bc-a121-4dcf-b6cc-61092a7dcc5c
[req] GET /api/v1/inventory 200 2ms afd7c6a9-ec7f-4452-8225-3ca839f87c49
[req] GET /api/v1/recipe-discovery 200 3ms 9e6160d0-5b08-46da-9e2c-30a08ae790a7
[req] GET /api/v1/me 200 1ms b688bc83-f926-4276-a26e-3ef044088baa
[req] GET /api/v1/inventory 200 1ms c54ead30-e10a-4fad-af86-6cd00ce419fd
[req] GET /api/v1/me 200 0ms 2411fe4d-6ea2-4526-b828-feceb1541c9c
[req] GET /api/v1/recipe-discovery 200 4ms 0cc5f84d-660c-41d6-8203-329edbd77016
[req] GET /api/v1/me 200 0ms 049605f3-d4b9-4522-babb-199951293f9a
[req] GET /api/v1/meal-planning/plans/current 200 1ms 82ea637a-acde-49cd-961c-60cdcc25c1c9
[req] GET /api/v1/me 200 0ms 19df3d69-daa4-4354-999d-3e2bc8bb3885
[req] GET /api/v1/shopping-list 200 1ms ec55fc56-99e3-4dc7-ac87-0dface29ac76
[req] GET /api/v1/me 200 1ms adadf9bf-06ec-4ea2-9a9c-6bf665cb5af9
[req] GET /api/v1/recipes/thit-kho-trung 200 2ms 6b3ea7af-c3ac-48e2-9f54-d3086c55c04d
[req] GET /api/v1/inventory 200 1ms a16ee1d0-603a-4ec5-b1ca-c6d50ad65fa4
[req] GET /api/v1/me 200 1ms 1d74bfb6-268f-4b3f-b756-c4f73826450f
[req] GET /api/v1/meal-planning/plans/current 200 0ms 9108a526-8985-424d-b6ba-f7e9a303c962
[req] GET /api/v1/inventory 200 1ms e1ccba25-252f-4c20-89cd-abf2ae529be0
[req] GET /api/v1/recipe-discovery 200 5ms a22f7365-2a68-429c-9b93-8e251a1d62c1
[req] GET /api/v1/me 200 1ms cfafd249-82eb-41b0-8df6-c631aee728fd
[req] GET /api/v1/inventory 200 2ms 9015146e-5dac-4a8d-9602-5bfe90632400
[req] GET /api/v1/me 200 1ms 552062ab-dd30-4b96-b3f7-3c943bac5a62
[req] GET /api/v1/recipe-discovery 200 3ms 7763d708-cba4-4d94-8467-f45525fef4de
[req] GET /api/v1/me 200 0ms 430bc1dc-4867-4420-9463-462975092252
[req] GET /api/v1/meal-planning/plans/current 200 0ms 41e3661a-0519-4a2f-a231-2081dbcd8713
[req] GET /api/v1/me 200 0ms 2dec82da-0615-442f-b718-19fa496b3403
[req] GET /api/v1/shopping-list 200 0ms 5978c302-a5ab-4ebc-9b77-5032e4be6af5
[req] GET /api/v1/me 200 1ms bce0c81a-8476-4b48-b114-c201a7807366
[req] GET /api/v1/recipes/thit-kho-trung 200 2ms c523d4b4-aab4-4993-807a-51f74cdb50bd
[req] GET /api/v1/inventory 200 1ms 98cca5b6-18f2-4e09-b73d-88d8fefcf2e9
[req] GET /api/v1/me 200 1ms 3470df6d-1c5b-480c-97fd-41c24886065f
[req] GET /api/v1/shopping-list 200 1ms 82c083d5-a5e9-4021-a023-ebcafffdf946
[req] GET /api/v1/me 200 1ms b4f1e497-89b7-469e-9a9d-b9c6eda13a57
[req] GET /api/v1/shopping-list 200 0ms 835501ac-26c6-412a-90bc-057ebe08e7dc
[req] GET /api/v1/me 200 1ms 1a8049dc-11d2-4ad5-9f02-70b9f8a3bed3
[req] GET /api/v1/shopping-list 200 0ms c318045f-bf23-45c3-9ae3-b8c14c653b70
[req] GET /api/v1/me 200 0ms e0e26716-8f11-4fe3-b222-5c4fdcba8396
[req] GET /api/v1/shopping-list 200 0ms ebb1f903-bcd0-4aaf-91f4-8820cdc58341
[req] GET /api/v1/me 200 0ms 83102950-76e5-4e1e-9463-686d9855d970
[req] GET /api/v1/meal-planning/plans/current 200 0ms 0cbfc33a-160c-4a3b-b2bd-09e5034b6431
[req] GET /api/v1/me 200 1ms 4887f074-9af5-4a77-bcc6-a7d639ec7c6f
[req] GET /api/v1/recipes/thit-kho-trung 200 1ms 6ca9686b-4f64-40ca-a307-c11b1e518e2d
[req] GET /api/v1/inventory 200 1ms 63b98591-bb5b-41bc-b381-8213af8772d8
[req] GET /api/v1/me 200 1ms ac6f3d24-4658-4b48-b240-4f47f791b9bf
[req] GET /api/v1/inventory 200 1ms 7af4e4b2-1df1-4508-ba24-ab4ce53d4b9f
[req] GET /api/v1/me 200 1ms de3e8bb0-d221-4527-a0cb-a44d784be126
[req] GET /api/v1/me 200 1ms 1c9fb95f-dd96-452e-93d4-a368792709ab
[req] GET /api/v1/me 200 0ms fde36906-e4b3-49d9-9c2c-04307054df97
[req] PATCH /api/v1/preferences 200 1ms a18f4693-b469-4875-90e5-83d71d822ada
[req] GET /api/v1/inventory 200 1ms 1e129eb0-3cfb-46ce-bac4-ba64588eb640
[req] GET /api/v1/me 200 0ms 460bf01b-4cbb-4cda-9a98-9f09de1c5e68
[req] GET /api/v1/meal-planning/plans/current 200 1ms 9fe41e4b-4ea5-4fba-a7be-eb63c663c7f5
[req] GET /api/v1/inventory 200 1ms aa67c616-edce-4237-8065-3fca807e879a
[req] GET /api/v1/recipe-discovery 200 6ms 2ea5e4be-b2d5-4186-9dae-eb79a47cb6b7
[req] GET /api/v1/me 200 1ms 2ed9aea9-e5d9-4078-ac2d-f5d0bac0ba2b
[req] GET /api/v1/inventory 200 1ms 484c0d45-b4e3-4131-860d-a5078acb3350
[req] GET /api/v1/me 200 1ms 206b5ddb-e4a8-42b5-b204-e8abd2a34b54
[req] GET /api/v1/recipe-discovery 200 4ms 1d2d0248-df5c-4518-82b5-41d79b1ef752
[req] GET /api/v1/me 200 0ms 8db84faf-14c9-4665-9f3f-70048592c162
[req] GET /api/v1/meal-planning/plans/current 200 0ms 17be0ccc-c7e8-440e-ae91-cdd1203e3e7c
[req] GET /api/v1/me 200 1ms 6fa0bc72-e256-439f-bb23-debea0284f63
[req] GET /api/v1/shopping-list 200 0ms e59a65e6-11a9-47c3-a7f7-426b0083365b
[req] GET /api/v1/me 200 1ms 35956f4c-cd24-45c3-bdb7-45dfa660bd8d
[req] GET /api/v1/recipes/thit-kho-trung 200 1ms e67cb7f1-fbfa-46aa-8192-270ff7932a35
[req] GET /api/v1/inventory 200 2ms 956abca3-20c4-4dd3-8a9e-da5e88ceda95
[req] GET /api/v1/me 200 0ms da9ffa35-406a-45e7-bdd8-fb91f25de693
[req] GET /api/v1/meal-planning/plans/current 200 2ms dc5b26b2-cec3-4003-a241-62cb6ea13a87
[req] GET /api/v1/inventory 200 1ms 54579aa9-d059-4656-ab59-54069a6d54d9
[req] GET /api/v1/recipe-discovery 200 5ms ab35c835-8409-4b69-8bdd-d00bc5186b51
[req] GET /api/v1/me 200 1ms 13a935c3-0d5a-460b-9a59-bd3fb85bfada
[req] GET /api/v1/inventory 200 1ms 657b1d89-0d0a-48ea-9c48-71a279b35a51
[req] GET /api/v1/me 200 1ms c7a2ed98-18b8-4603-aee0-42ae9983ee27
[req] GET /api/v1/recipe-discovery 200 3ms d80cd02a-e265-4e02-8a13-b46c153b83d2
[req] GET /api/v1/me 200 1ms 001e375f-344a-4635-bc36-a089ebc16fbe
[req] GET /api/v1/meal-planning/plans/current 200 2ms cbba67bf-d668-4d26-8162-441ec903633e
[req] GET /api/v1/me 200 0ms b99e19b2-4781-4c48-a959-817184f5b33e
[req] GET /api/v1/shopping-list 200 0ms 39fee0de-4144-44e1-93eb-ff3f79cbf637
[req] GET /api/v1/me 200 1ms b49b6a02-e225-4f3b-8574-5043bedfad56
[req] GET /api/v1/recipes/thit-kho-trung 200 1ms e265007d-c787-4258-96cb-e48dd88b536c
[req] GET /api/v1/inventory 200 1ms a7a87813-11f8-495f-9536-1eb85bde3904
[req] GET /api/v1/me 200 0ms 15b15523-468d-4070-bd6e-b1e457625f9e
[req] GET /api/v1/meal-planning/plans/current 200 1ms 08c44dc9-837e-4155-b774-4cb105637536
[req] GET /api/v1/inventory 200 1ms 75d85d89-bc18-43a2-b19e-34e264d3c6c8
[req] GET /api/v1/recipe-discovery 200 4ms a68a47d2-ffe1-4e3d-ad79-671ca4c8d84c
[req] GET /api/v1/me 200 1ms 99812102-4da5-4f7a-b4e5-cbe4cf840c4e
[req] GET /api/v1/inventory 200 0ms 99b5147f-8fea-482e-bfbe-0ba6c89fc3a0
[req] GET /api/v1/me 200 1ms 25f9a30b-6d11-4edd-ac13-62394dfeca4e
[req] GET /api/v1/recipe-discovery 200 5ms 6c91c625-f6b6-41ed-b6b4-efd645ce5649
[req] GET /api/v1/me 200 0ms 1ef032ea-80e9-4fb3-b356-81520247b84e
[req] GET /api/v1/meal-planning/plans/current 200 0ms 6d206dfd-2a5a-4c78-bd59-6a22b1649f52
[req] GET /api/v1/me 200 1ms 369b0d0e-9249-49c0-b9ed-6d102c2e9b4f
[req] GET /api/v1/shopping-list 200 1ms 1638ba35-ec9c-4e44-9138-ba96fe325e6f
[req] GET /api/v1/me 200 1ms cf8d0e58-b0b2-4bb7-9310-86a51f0af740
[req] GET /api/v1/recipes/thit-kho-trung 200 1ms e850fc1e-3fe0-4d53-acf4-87deb3f871de
[req] GET /api/v1/inventory 200 1ms 51446f1f-fbca-41df-a7c8-ba9d7c4abdfc
[req] GET /api/v1/me 200 0ms 731b2ccb-92af-4ce3-8ff1-59f937d56381
[req] GET /api/v1/meal-planning/plans/current 200 1ms fd3d2877-b557-4e51-991f-0f553e5b641a
[req] GET /api/v1/inventory 200 1ms 2cd34d6a-badd-423c-889a-910ae4bba818
[req] GET /api/v1/recipe-discovery 200 4ms d63e7369-9817-44eb-900f-2e192b6b1bf7
[req] GET /api/v1/me 200 0ms 19aca8f2-bf73-4623-a06d-60e2cce61b2b
[req] GET /api/v1/inventory 200 2ms efda7991-ce31-4254-ad34-d224aaf29481
[req] GET /api/v1/me 200 1ms 0818a5d4-46c3-427f-ac56-6181bfe5835c
[req] GET /api/v1/recipe-discovery 200 5ms 40473342-d7f1-404c-95a5-6d7205ce96ea
[req] GET /api/v1/me 200 1ms fff11a2a-ff39-465d-93ca-71cf674e6582
[req] GET /api/v1/meal-planning/plans/current 200 1ms ac06c388-a548-4ca8-a431-898edf9ee9e7
[req] GET /api/v1/me 200 0ms 764e2d79-7fcb-411a-9dc6-637a8efe74de
[req] GET /api/v1/shopping-list 200 0ms 58a55e3d-76e1-4ea5-bed7-1ee30dbfddc3
[req] GET /api/v1/me 200 0ms 52d8a2b9-8056-4f98-ad08-08f9edd3e1fb
[req] GET /api/v1/recipes/thit-kho-trung 200 2ms e46f7bff-bf09-4764-864f-701d0a5a920e
[req] GET /api/v1/inventory 200 1ms bb11dc6f-099e-4182-9d58-8d91933361a1
[req] GET /api/v1/me 200 0ms 77912dcf-5b22-4a0d-bf7f-941965a85b93
[req] GET /api/v1/meal-planning/plans/current 200 1ms 312f2ed0-3278-41b6-919f-d6137dec0d82
[req] GET /api/v1/inventory 200 1ms a8cbe45e-2500-45af-b0ac-2d0d5b2a9529
[req] GET /api/v1/recipe-discovery 200 4ms 354f2b51-52c0-43bb-9b6c-97b6059cd30d
[req] GET /api/v1/me 200 1ms 7d896579-96ec-4303-b1d4-6d2a87787f44
[req] GET /api/v1/inventory 200 1ms 1b484195-3f8a-4380-aed0-4b3e713dab7b
[req] GET /api/v1/me 200 1ms b7ca367c-b7b5-456e-b4fd-efb5e0b872e1
[req] GET /api/v1/recipe-discovery 200 3ms 6dc50581-918d-4956-8dc7-007684ab4813
[req] GET /api/v1/me 200 0ms cdc9d1fb-24fb-40b6-91e1-18f3ffe605ce
[req] GET /api/v1/meal-planning/plans/current 200 0ms 0801ebaf-6fd6-466e-b70f-9d83efec1911
[req] GET /api/v1/me 200 1ms 99915e9c-38f1-4c53-b306-9ab8fa28c588
[req] GET /api/v1/shopping-list 200 1ms 8a2120a7-2cc7-4f31-b244-4ae7e60c3e8b
[req] GET /api/v1/me 200 0ms 4f7f4626-07b0-4af2-b18b-aa00dd8930cf
[req] GET /api/v1/recipes/thit-kho-trung 200 2ms 2ca1af9c-a1c8-4bf1-b881-a382ee38e0c7
[req] GET /api/v1/inventory 200 1ms aeb76684-5ee8-4943-ae37-3017c710a202
[req] GET /api/v1/me 200 1ms b93c5101-d806-442d-981c-66f6bfc971ce
[req] GET /api/v1/shopping-list 200 1ms 08ca1a17-72f3-4ed2-b3d0-a88adef90f28
[req] GET /api/v1/me 200 0ms 48536b74-5157-4b35-bd3f-bda3f21cfc76
[req] GET /api/v1/shopping-list 200 1ms 0afd3d7a-8c83-484b-a4e7-5a85a0727dea
[req] GET /api/v1/me 200 1ms 9eed3398-6a8d-4fc1-80ae-d384e5a1727a
[req] GET /api/v1/shopping-list 200 1ms 5f49f81d-fa23-4d2c-859f-a5dbff51d19f
[req] GET /api/v1/me 200 0ms 89de9a59-73c6-49a7-a39a-7f91d7b5e09d
[req] GET /api/v1/shopping-list 200 0ms df8a2b11-15e8-4161-b9a7-1315e9680b64
[req] GET /api/v1/me 200 0ms 4b3e670f-e1aa-43f1-9aed-94daefa14e43
[req] GET /api/v1/meal-planning/plans/current 200 0ms 131897f9-8bcf-4fdd-ae5f-9f26d74421a6
[req] GET /api/v1/me 200 1ms 25d7aabe-2684-4136-a21a-50d2e4b2a7fb
[req] GET /api/v1/recipes/thit-kho-trung 200 1ms a9b668aa-2dce-4db2-adab-3050316a853c
[req] GET /api/v1/inventory 200 2ms 90db9a2d-aaf6-4fa6-bb4e-e3414993cc0f
[req] GET /api/v1/me 200 0ms 94df9935-122e-45a7-b9c4-30bd72db23f3
[req] GET /api/v1/inventory 200 1ms 7eba4204-1982-406e-8e97-74afee2069f8
