v2/planner-empty-390: axe0 overflow0 broken0 fields16
v2/planner-setup-320: axe0 overflow0 broken0 fields16
v2/planner-board-320: axe0 overflow0 broken0 fields16
v2/planner-meal-320: axe0 overflow0 broken0 fields16
v2/planner-shopping-320: axe0 overflow0 broken0 fields16
v2/planner-setup-390: axe0 overflow0 broken0 fields16
v2/planner-board-390: axe0 overflow0 broken0 fields16
v2/planner-meal-390: axe0 overflow0 broken0 fields16
v2/planner-shopping-390: axe0 overflow0 broken0 fields16
v2/planner-setup-768: axe0 overflow0 broken0 fields16
v2/planner-board-768: axe0 overflow0 broken0 fields16
v2/planner-meal-768: axe0 overflow0 broken0 fields16
v2/planner-shopping-768: axe0 overflow0 broken0 fields16
v2/planner-setup-1024: axe0 overflow0 broken0 fields16
v2/planner-board-1024: axe0 overflow0 broken0 fields16
v2/planner-meal-1024: axe0 overflow0 broken0 fields16
v2/planner-shopping-1024: axe0 overflow0 broken0 fields16
v2/planner-setup-1440: axe0 overflow0 broken0 fields16
v2/planner-board-1440: axe0 overflow0 broken0 fields16
v2/planner-meal-1440: axe0 overflow0 broken0 fields16
v2/planner-shopping-1440: axe0 overflow0 broken0 fields16
v2/composer-picker-390: axe0 overflow0 broken0 fields16
v2/composer-picker-empty-390: axe0 overflow0 broken0 fields16
v2/composer-mutation-error-390: axe0 overflow0 broken0 fields16
v2/composer-saved-390: axe0 overflow0 broken0 fields16
v2/composer-proposal-390: axe0 overflow0 broken0 fields16
v2/planner-partial-390: axe0 overflow0 broken0 fields16
v2/planner-stale-390: axe0 overflow0 broken0 fields16
v2/shopping-budget-invalid-390: axe0 overflow0 broken0 fields16
v2/planner-read-error-390: axe0 overflow0 broken0 fields16
v2/saved-shopping-320: axe0 overflow0 broken0 fields16
v2/saved-shopping-390: axe0 overflow0 broken0 fields16
v2/saved-shopping-768: axe0 overflow0 broken0 fields16
v2/saved-shopping-1024: axe0 overflow0 broken0 fields16
v2/saved-shopping-1440: axe0 overflow0 broken0 fields16
v2/shopping-delete-dialog-390: axe0 overflow0 broken0 fields16
v2/shopping-offline-390: axe0 overflow0 broken0 fields16
v2/planner-text-enlarged-320: axe0 overflow0 broken0 fields16
v2/shopping-text-enlarged-320: axe0 overflow0 broken0 fields16
v2/shopping-short-390: axe0 overflow0 broken0 fields16
v2/planner-motion-390: axe0 overflow0 broken0 fields16
PASS v2: 41 axe/layout checks, 9 journey groups, no page errors
