Isolated security preview: Vite 5214, in-memory SQLite API 8914, external API fetch disabled; /__preview for synthetic login/reset
[req] GET /api/v1/me 200 2ms f34b23b7-5335-4dcf-946c-d176b80ef4a4
[req] GET /api/v1/me 200 0ms ea12f34e-0ee0-4f5e-b3a5-11ef450e7e66
[req] PATCH /api/v1/preferences 200 1ms dbfad75b-8cf7-44ab-a066-01ed5cabd605
[req] GET /api/v1/me 200 1ms aa60ba05-a5e8-4dc7-bbb3-6d120b68daec
[req] GET /api/v1/recipes/thit-kho-trung 200 11ms be92792a-e92b-4731-8075-20114c34c024
[req] GET /api/v1/inventory 200 1ms ce06fac1-5cae-49b7-89d3-488637d50a4d
[req] GET /api/v1/me 200 2ms de9d44ad-ab42-4c36-a4f0-db8086e352fc
[req] GET /api/v1/recipes/thit-kho-trung 200 2ms 4ca5ab3d-b674-49e4-9d45-eb07ffb1c593
[req] GET /api/v1/inventory 200 2ms d19675ef-c3c4-45fa-9631-6c50860d59c9
[req] GET /api/v1/me 200 1ms c241014b-e5db-436a-814d-43100de0e856
[req] GET /api/v1/recipes/thit-kho-trung 200 2ms 319edaae-4f5c-4160-9952-3ad046f03078
[req] GET /api/v1/inventory 200 0ms a9b93783-5e32-41e7-b10c-ec2e30d422e2
[req] GET /api/v1/me 200 0ms 95c4bada-9316-452f-b378-5fa83cc0a50a
[req] GET /api/v1/recipes/thit-kho-trung 200 1ms 9d07ef6e-6e94-46a5-a527-0c582cb5dc20
[req] GET /api/v1/inventory 200 1ms 7203eddd-49c8-4f51-bd7e-982b4686a696
[req] GET /api/v1/me 200 0ms 364573f5-4ac9-4169-92cc-b133dbe7dfb2
[req] GET /api/v1/recipes/thit-kho-trung 200 2ms e58d93ee-a189-4aab-b893-2f35e8c1692d
[req] GET /api/v1/inventory 200 1ms 26d272e0-dd22-4f18-8efc-5df800bfbefb
[req] GET /api/v1/me 200 1ms 6424ebbb-1a9e-4438-bfbe-90dfe3a0abef
[req] GET /api/v1/recipes/thit-kho-trung 200 1ms 1c81a7fc-dc53-4f77-9c56-8a434136dd2b
[req] GET /api/v1/inventory 200 1ms 2235e86d-596e-48b1-a03e-a3b5fd7b22b1
[req] GET /api/v1/me 200 1ms 18583f90-fb3b-4e6c-a9c8-5c10b4f0a528
[req] GET /api/v1/recipe-discovery 200 6ms 67c10ee6-9ec7-460b-b135-37b57ea7c38b
[req] GET /api/v1/me 200 0ms a61f4604-eed9-4568-be51-8a4d240bb590
[req] GET /api/v1/recipe-discovery 200 3ms 839be8e0-3157-44c2-a9a0-46adae4b8cb3
[req] GET /api/v1/me 200 1ms 3a708856-2d1a-47dd-b40f-bb2dc0e759d7
[req] GET /api/v1/meal-planning/plans/current 200 2ms 4bc47a90-05f1-48ec-a6c0-0f6557880765
[req] GET /api/v1/inventory 200 0ms cbf57b18-4415-4c61-9872-3700f796b169
[req] GET /api/v1/recipe-discovery 200 4ms 1a97570c-d30a-424e-a81c-e26b37a2da8f
[req] GET /api/v1/me 200 1ms 9f9a6bcd-2ff9-4dce-b3b0-0f37886ed036
[req] GET /api/v1/meal-planning/plans/current 200 0ms 4e95bf1d-f660-4277-b9df-9ab394ce672d
[req] GET /api/v1/inventory 200 0ms 0b5490f2-6501-4541-9f13-5d7337e3345d
[req] GET /api/v1/recipe-discovery 200 3ms 4a50021f-3ffb-4468-b387-21eb2b6a924e
