Isolated security preview: Vite 5214, in-memory SQLite API 8914, external API fetch disabled; /__preview for synthetic login/reset
[req] GET /api/v1/me 200 2ms 0fc865bc-ec30-4adb-bff5-5b69a39fded4
[req] GET /api/v1/me 200 8ms b9bbc3ab-a2ce-4f43-8d79-c365ed6888a6
[req] GET /api/v1/me 200 1ms d722975c-0c42-44b3-9967-cf022b522da0
[req] PATCH /api/v1/preferences 200 1ms 06188ee1-6dab-49ef-a654-175936d5beb7
[req] GET /api/v1/me 200 2ms de6a144e-0fef-4c5f-ad9b-105d39dc6f49
[req] GET /api/v1/recipes/thit-kho-trung 200 17ms 17e90738-5fd8-4daa-87db-4e067e2d6043
[req] GET /api/v1/inventory 200 1ms a20e0724-8944-411b-980d-fa95b668f2cb
[req] GET /api/v1/me 200 0ms da1e9452-bd51-499e-8122-30081b80f297
[req] GET /api/v1/recipes/thit-kho-trung 200 1ms 9aa8fca7-b317-40b2-95ab-e5277c315218
[req] GET /api/v1/inventory 200 0ms fb293d11-13c6-4b19-8c63-a19736c6ee7d
[req] GET /api/v1/me 200 2ms 118ac2d9-e0a3-4101-858d-215ac71647fd
[req] GET /api/v1/recipes/thit-kho-trung 200 2ms 76acf829-a9d2-476c-b6a2-08553332417a
[req] GET /api/v1/inventory 200 2ms 4d5c016f-7fc7-455e-897b-0c1f5797c951
[req] GET /api/v1/me 200 0ms 91c7ad1a-71a1-4886-ac8e-40c51e691ad0
[req] GET /api/v1/recipes/thit-kho-trung 200 2ms f69c479d-3e42-4bae-8d99-587becc5f1de
[req] GET /api/v1/inventory 200 1ms 79983b8d-025d-4212-b09b-78313da24aba
[req] GET /api/v1/me 200 2ms fa1299c7-85f9-4d0c-810e-d5ae3c0cb30e
[req] GET /api/v1/recipes/thit-kho-trung 200 2ms a9b7d997-a64d-46d0-90bd-abfa00ee3802
[req] GET /api/v1/inventory 200 1ms 6a11d979-4a2e-4f93-9f82-88bb13511f04
[req] GET /api/v1/me 200 1ms 16b75685-df7c-4187-a216-40cad392afc8
[req] GET /api/v1/recipes/thit-kho-trung 200 1ms e6405b36-b152-4f04-a493-a30afc866225
[req] GET /api/v1/inventory 200 1ms ba194b07-7ee8-4aff-af26-656be84e4c1e
[req] GET /api/v1/me 200 1ms ed2df2f7-854f-4268-a4e1-8f952b0d093d
[req] GET /api/v1/recipe-discovery 200 6ms ef4f69c5-fa10-466d-9347-d6e29aeaa302
[req] GET /api/v1/me 200 1ms bae5fb15-13ad-40eb-a3c8-ea5c1d4739ce
[req] GET /api/v1/recipe-discovery 200 5ms 09c2b51f-78a3-4037-913e-764245a28bb8
[req] GET /api/v1/me 200 1ms 25047106-8229-4c3c-867c-645fc40e84f2
[req] GET /api/v1/meal-planning/plans/current 200 2ms 53edc1fc-0a32-49f8-bedb-51fa97018735
[req] GET /api/v1/inventory 200 0ms 8b48c5c5-52fe-45a7-bc9f-961ab478f0c1
[req] GET /api/v1/recipe-discovery 200 5ms a152859a-f9dd-4a59-9a00-8619a4ee934b
[req] GET /api/v1/me 200 0ms b0891812-f92a-4206-85d3-e4450080843a
[req] GET /api/v1/meal-planning/plans/current 200 2ms b9d8e109-ea2e-40df-a36c-910fada88cbd
[req] GET /api/v1/inventory 200 2ms b14ec45f-12a0-4e97-920a-2dfa7a9d53cc
[req] GET /api/v1/recipe-discovery 200 4ms a9d2f289-01a2-4a31-bbca-b9cc59fbfebd
