Isolated security preview: Vite 5213, in-memory SQLite API 8913, external API fetch disabled; /__preview for synthetic login/reset
[req] GET /api/v1/me 200 1ms a2026d11-211f-4b06-abbe-47d353569046
[req] GET /api/v1/me 200 0ms 58e24d08-9687-4ca9-bd39-b8182eb75201
[req] GET /api/v1/me 200 1ms b7069bcd-22d7-47e9-a77b-e3350ac9f877
[req] PATCH /api/v1/preferences 200 1ms c7705b33-23db-48f9-b02d-bea814759a71
[req] GET /api/v1/inventory 200 1ms 57306b12-cfb7-4661-b89a-83d62960e801
[req] GET /api/v1/me 200 0ms 9b572773-c58b-49c2-b2f0-591a576d4a72
[req] GET /api/v1/week/current 200 2ms 25a6a9d7-7f3e-4c45-878e-b406f0b44756
[req] GET /api/v1/me 200 1ms fe89fe83-ad70-49a0-b2f0-9abdeecabcad
[req] GET /api/v1/me 200 1ms 01558da2-addf-4aac-808c-1a66ffa40ab5
[req] GET /api/v1/week/current 200 1ms 73a840b2-0165-4908-a5e4-efe92d80ddd8
[req] GET /api/v1/me 200 1ms 7084e0c6-c85d-4069-9ec4-766b2e52e583
[req] GET /api/v1/me 200 1ms e8ce7322-3e5c-480e-b19d-8cfecfa515e0
[req] GET /api/v1/week/current 200 0ms 042f95c7-8f8a-44f2-b78a-0eb969560e21
[req] GET /api/v1/me 200 0ms edaa1423-8057-488a-a263-182146253bec
[req] GET /api/v1/me 200 1ms a0e31793-b47e-4bab-a958-08ff296f3db1
[req] GET /api/v1/week/current 200 1ms b86736df-0a43-43e2-843c-705ed2b42161
[req] GET /api/v1/me 200 0ms c1ffa062-ed5c-48fe-9164-dc57f39a8ae6
[req] GET /api/v1/me 200 1ms 082b7c65-a16c-49bb-b8eb-2a8049792cdb
[req] GET /api/v1/week/current 200 1ms d633a801-c220-4228-9a27-fe443df90356
[req] GET /api/v1/me 200 1ms 8d3f84a9-e235-4cee-966a-34f84d7727da
[req] GET /api/v1/me 200 1ms d677bbf7-a729-43db-bbc1-113713988ada
[req] GET /api/v1/week/current 200 0ms fd0f2349-6043-4ec4-88d7-e5a9483137fd
[req] GET /api/v1/me 200 1ms cf2796d2-22e6-4e71-864d-4edee46e2243
[req] GET /api/v1/me 200 1ms 5a3950d8-e707-4c67-a377-983bf2739914
[req] GET /api/v1/week/current 200 1ms df945b4a-a163-4244-9a59-e0cc41f765ad
[req] GET /api/v1/me 200 2ms 71582e94-536f-45c2-b6ca-6a6a4bc8963a
[req] GET /api/v1/me 200 0ms 7b854137-790f-46b7-bb18-60d5daf40036
[req] GET /api/v1/week/current 200 0ms 47b66cd1-0dc1-4e8c-9705-d3a8c91d83fe
[req] GET /api/v1/me 200 2ms 51d5effb-3a4e-41e4-9f6c-19fc6688d8b9
[req] GET /api/v1/me 200 1ms e242902f-5f54-4cf4-bf8f-be40e6de76a1
[req] GET /api/v1/week/current 200 1ms 2619d50f-1a87-4a35-b8a6-f554a41985f0
[req] GET /api/v1/me 200 0ms 710dd32f-348e-4bd0-8559-91aafb150c7e
[req] GET /api/v1/me 200 0ms a0a65c66-369c-4a04-9978-26848679b4ad
[req] GET /api/v1/week/current 200 1ms c89aeb84-19d2-4c99-b68a-3a97fefe385e
[req] GET /api/v1/me 200 1ms 4a39d5e4-4164-4239-a423-b777bf9e5dca
[req] GET /api/v1/me 200 1ms 889b7546-5710-4f62-91ff-64d13c318715
[req] GET /api/v1/week/current 200 1ms a6f7ce8e-c94a-4296-8ee1-19dc54509f7b
[req] GET /api/v1/me 200 0ms ea126128-56d1-4e8e-ade9-800ac67bfc05
[req] GET /api/v1/me 200 2ms dcb58c26-2eb9-4793-8c1c-797aa116d6a3
[req] GET /api/v1/week/current 200 1ms 72aa0fa3-f208-4229-94e9-66ef3d1690ad
[req] GET /api/v1/me 200 1ms 5df13556-4925-4a77-a558-3297fdf3c368
[req] GET /api/v1/me 200 1ms 6325ed60-a9dc-4b8e-b65d-2922b8ae1333
[req] GET /api/v1/meal-planning/plans 404 0ms a38870b3-a701-4835-9a22-17db6ddebc00
[req] GET /api/v1/inventory 200 0ms 29938b42-ddb2-46a2-9a13-623ec3fd6683
5:12:30 AM [vite] (client) hmr update /src/web/styles/index.css
