home-320: roots5 overlap0 axe0 width320
stock-320: roots5 overlap0 axe0 width320
detail-320: roots5 overlap0 axe0 width320
review-320: roots5 overlap0 axe0 width320
receipt-320: roots5 overlap0 axe0 width320
recipe-320: roots5 overlap0 axe0 width320
recipes-320: roots5 overlap0 axe0 width320
photo-320: roots5 overlap0 axe0 width320
notifications-320: roots5 overlap0 axe0 width320
privacy-320: roots5 overlap0 axe0 width320
planner-320: roots5 overlap0 axe0 width320
shopping-320: roots5 overlap0 axe0 width320
account-320: roots5 overlap0 axe0 width320
preferences-320: roots5 overlap0 axe0 width320
planning-settings-320: roots5 overlap0 axe0 width320
home-360: roots5 overlap0 axe0 width360
stock-360: roots5 overlap0 axe0 width360
detail-360: roots5 overlap0 axe0 width360
review-360: roots5 overlap0 axe0 width360
receipt-360: roots5 overlap0 axe0 width360
recipe-360: roots5 overlap0 axe0 width360
recipes-360: roots5 overlap0 axe0 width360
photo-360: roots5 overlap0 axe0 width360
notifications-360: roots5 overlap0 axe0 width360
privacy-360: roots5 overlap0 axe0 width360
planner-360: roots5 overlap0 axe0 width360
shopping-360: roots5 overlap0 axe0 width360
account-360: roots5 overlap0 axe0 width360
preferences-360: roots5 overlap0 axe0 width360
planning-settings-360: roots5 overlap0 axe0 width360
home-390: roots5 overlap0 axe0 width390
stock-390: roots5 overlap0 axe0 width390
detail-390: roots5 overlap0 axe0 width390
review-390: roots5 overlap0 axe0 width390
receipt-390: roots5 overlap0 axe0 width390
recipe-390: roots5 overlap0 axe0 width390
recipes-390: roots5 overlap0 axe0 width390
photo-390: roots5 overlap0 axe0 width390
notifications-390: roots5 overlap0 axe0 width390
privacy-390: roots5 overlap0 axe0 width390
planner-390: roots5 overlap0 axe0 width390
shopping-390: roots5 overlap0 axe0 width390
account-390: roots5 overlap0 axe0 width390
preferences-390: roots5 overlap0 axe0 width390
planning-settings-390: roots5 overlap0 axe0 width390
home-430: roots5 overlap0 axe0 width430
stock-430: roots5 overlap0 axe0 width430
detail-430: roots5 overlap0 axe0 width430
review-430: roots5 overlap0 axe0 width430
receipt-430: roots5 overlap0 axe0 width430
recipe-430: roots5 overlap0 axe0 width430
recipes-430: roots5 overlap0 axe0 width430
photo-430: roots5 overlap0 axe0 width430
notifications-430: roots5 overlap0 axe0 width430
privacy-430: roots5 overlap0 axe0 width430
planner-430: roots5 overlap0 axe0 width430
shopping-430: roots5 overlap0 axe0 width430
account-430: roots5 overlap0 axe0 width430
preferences-430: roots5 overlap0 axe0 width430
planning-settings-430: roots5 overlap0 axe0 width430
home-768: roots7 overlap0 axe0 width768
stock-768: roots7 overlap0 axe0 width768
detail-768: roots7 overlap0 axe0 width768
review-768: roots7 overlap0 axe0 width768
receipt-768: roots7 overlap0 axe0 width768
recipe-768: roots7 overlap0 axe0 width768
recipes-768: roots7 overlap0 axe0 width768
photo-768: roots7 overlap0 axe0 width768
notifications-768: roots7 overlap0 axe0 width768
privacy-768: roots7 overlap0 axe0 width768
planner-768: roots7 overlap0 axe0 width768
shopping-768: roots7 overlap0 axe0 width768
account-768: roots7 overlap0 axe0 width768
preferences-768: roots7 overlap0 axe0 width768
planning-settings-768: roots7 overlap0 axe0 width768
home-1024: roots7 overlap0 axe0 width1024
stock-1024: roots7 overlap0 axe0 width1024
detail-1024: roots7 overlap0 axe0 width1024
review-1024: roots7 overlap0 axe0 width1024
receipt-1024: roots7 overlap0 axe0 width1024
recipe-1024: roots7 overlap0 axe0 width1024
recipes-1024: roots7 overlap0 axe0 width1024
photo-1024: roots7 overlap0 axe0 width1024
notifications-1024: roots7 overlap0 axe0 width1024
privacy-1024: roots7 overlap0 axe0 width1024
planner-1024: roots7 overlap0 axe0 width1024
shopping-1024: roots7 overlap0 axe0 width1024
account-1024: roots7 overlap0 axe0 width1024
preferences-1024: roots7 overlap0 axe0 width1024
planning-settings-1024: roots7 overlap0 axe0 width1024
home-1440: roots7 overlap0 axe0 width1440
stock-1440: roots7 overlap0 axe0 width1440
detail-1440: roots7 overlap0 axe0 width1440
review-1440: roots7 overlap0 axe0 width1440
receipt-1440: roots7 overlap0 axe0 width1440
recipe-1440: roots7 overlap0 axe0 width1440
recipes-1440: roots7 overlap0 axe0 width1440
photo-1440: roots7 overlap0 axe0 width1440
notifications-1440: roots7 overlap0 axe0 width1440
privacy-1440: roots7 overlap0 axe0 width1440
planner-1440: roots7 overlap0 axe0 width1440
shopping-1440: roots7 overlap0 axe0 width1440
account-1440: roots7 overlap0 axe0 width1440
preferences-1440: roots7 overlap0 axe0 width1440
planning-settings-1440: roots7 overlap0 axe0 width1440
stock-320-844-text2: roots5 overlap0 axe0 width320
review-320-844-text2: roots5 overlap0 axe0 width320
recipe-320-844-text2: roots5 overlap0 axe0 width320
recipes-320-844-text2: roots5 overlap0 axe0 width320
photo-320-844-text2: roots5 overlap0 axe0 width320
shopping-320-844-text2: roots5 overlap0 axe0 width320
preferences-320-844-text2: roots5 overlap0 axe0 width320
planning-settings-320-844-text2: roots5 overlap0 axe0 width320
stock-768-844-text2: roots7 overlap0 axe0 width768
review-768-844-text2: roots7 overlap0 axe0 width768
recipe-768-844-text2: roots7 overlap0 axe0 width768
recipes-768-844-text2: roots7 overlap0 axe0 width768
photo-768-844-text2: roots7 overlap0 axe0 width768
shopping-768-844-text2: roots7 overlap0 axe0 width768
preferences-768-844-text2: roots7 overlap0 axe0 width768
planning-settings-768-844-text2: roots7 overlap0 axe0 width768
stock-390-420: roots5 overlap0 axe0 width390
review-390-420: roots5 overlap0 axe0 width390
recipe-390-420: roots5 overlap0 axe0 width390
recipes-390-420: roots5 overlap0 axe0 width390
photo-390-420: roots5 overlap0 axe0 width390
shopping-390-420: roots5 overlap0 axe0 width390
preferences-390-420: roots5 overlap0 axe0 width390
planning-settings-390-420: roots5 overlap0 axe0 width390
stock-768-420: roots7 overlap0 axe0 width768
review-768-420: roots7 overlap0 axe0 width768
recipe-768-420: roots7 overlap0 axe0 width768
recipes-768-420: roots7 overlap0 axe0 width768
photo-768-420: roots7 overlap0 axe0 width768
shopping-768-420: roots7 overlap0 axe0 width768
preferences-768-420: roots7 overlap0 axe0 width768
planning-settings-768-420: roots7 overlap0 axe0 width768
stock-320-420-text2: roots5 overlap0 axe0 width320
review-320-420-text2: roots5 overlap0 axe0 width320
recipe-320-420-text2: roots5 overlap0 axe0 width320
recipes-320-420-text2: roots5 overlap0 axe0 width320
photo-320-420-text2: roots5 overlap0 axe0 width320
shopping-320-420-text2: roots5 overlap0 axe0 width320
preferences-320-420-text2: roots5 overlap0 axe0 width320
planning-settings-320-420-text2: roots5 overlap0 axe0 width320
panel-steps-320: roots5 overlap0 axe0 width320
panel-nutrition-320: roots5 overlap0 axe0 width320
panel-steps-390: roots5 overlap0 axe0 width390
panel-nutrition-390: roots5 overlap0 axe0 width390
panel-steps-768: roots7 overlap0 axe0 width768
panel-nutrition-768: roots7 overlap0 axe0 width768
panel-steps-1024: roots7 overlap0 axe0 width1024
panel-nutrition-1024: roots7 overlap0 axe0 width1024
panel-steps-1440: roots7 overlap0 axe0 width1440
panel-nutrition-1440: roots7 overlap0 axe0 width1440
panel-steps-text2-320: roots5 overlap0 axe0 width320
panel-nutrition-text2-320: roots5 overlap0 axe0 width320
panel-steps-text2-768: roots7 overlap0 axe0 width768
panel-nutrition-text2-768: roots7 overlap0 axe0 width768
stock-edit-320: roots5 overlap0 axe0 width320
scan-immersive-320: roots0 overlap0 axe0 width320
cook-immersive-320: roots0 overlap0 axe0 width320
shopping-text2-focus: roots5 overlap0 axe0 width320
synthetic-offline-banner: roots5 overlap0 axe0 width320
synthetic-safe-area-320: roots5 overlap0 axe0 width320
rail-short-scan-focus: roots7 overlap0 axe0 width768
home-normal-motion: roots5 overlap0 axe0 width390
PASS 167 snapshots / 17 journeys
