5:02:08 AM [vite] (client) Re-optimizing dependencies because vite config has changed
Isolated security preview: Vite 5212, in-memory SQLite API 8912, external API fetch disabled; /__preview for synthetic login/reset
[req] GET /api/v1/me 200 2ms f4408781-19b9-4ca0-a475-7571ab58f2b4
[req] GET /api/v1/me 200 1ms f7af2977-acf3-4d4b-a813-3feb9d733d1a
[req] GET /api/v1/me 200 2ms 61d44ba2-40bb-4da9-96c4-cdeddd406053
[req] PATCH /api/v1/preferences 200 1ms 48c782f2-49c0-4f04-940f-5eee7411b169
[req] GET /api/v1/me 200 1ms 35a62305-574d-44ad-8f3c-0f7709ec4a1c
[req] GET /api/v1/recipes/thit-kho-trung 200 9ms 55b97997-1bf1-48b1-baa7-32947cf46378
[req] GET /api/v1/inventory 200 2ms 36614ccb-7ae6-4334-ac11-988ed54b15d2
[req] GET /api/v1/me 200 0ms 11ad9f93-4eda-431f-a0c4-c7fb20bd5921
[req] GET /api/v1/recipes/thit-kho-trung 200 2ms 7b11767f-585c-4d00-8c71-3f25cd7dd47b
[req] GET /api/v1/inventory 200 0ms d194241d-27b1-4e81-b4cb-b4e0f3a0c01a
[req] GET /api/v1/me 200 0ms 181be288-2a81-4a0c-b577-111386731c71
[req] GET /api/v1/recipes/thit-kho-trung 200 1ms bc4ba15a-6e45-4a08-bcac-bf9cd1404310
[req] GET /api/v1/inventory 200 1ms 5215d7ba-d5d3-4419-918a-fe286027dbec
[req] GET /api/v1/me 200 1ms e0f90b76-3627-4534-87bc-2122fb86cb49
[req] GET /api/v1/recipes/thit-kho-trung 200 1ms 29776412-b236-4a20-a2db-65619b08d2ed
[req] GET /api/v1/inventory 200 0ms 749853cf-2ef3-427f-8709-2f3aa4f8cedf
[req] GET /api/v1/me 200 1ms 4a1bcbcf-dc6e-4c91-b715-1b0be65b3dc7
[req] GET /api/v1/recipes/thit-kho-trung 200 1ms d9619b9b-00ae-48ac-a92b-a513c0dd8637
[req] GET /api/v1/inventory 200 0ms 07d58639-3d84-497a-bcaa-d7e84428ee9c
[req] GET /api/v1/me 200 1ms 7926528c-2e8a-4296-972f-a91905a691f4
[req] GET /api/v1/recipes/thit-kho-trung 200 2ms 80fddaf7-0ca1-4ffd-8bb5-09b716d8f72c
[req] GET /api/v1/inventory 200 0ms 0521579e-9772-45b6-a2ca-d511b6d8eedb
[req] GET /api/v1/me 200 1ms 3e974f03-6560-44ec-bf76-cbe9e1a16fd1
[req] GET /api/v1/recipe-discovery 200 6ms 94aa600c-b592-4198-9fc6-8a11af190f5f
[req] GET /api/v1/me 200 1ms 7b08ef8e-0f3c-46b6-a4e4-feb6f6dfaf50
[req] GET /api/v1/recipe-discovery 200 4ms 0f8767e0-5d9d-4224-a4c2-760d278ed2f4
[req] GET /api/v1/me 200 1ms 917d6f57-7628-4a81-b2f0-4bb95deff00f
[req] GET /api/v1/meal-planning/plans/current 200 3ms fca609af-61e6-4ca8-a352-cfbe666ce15e
[req] GET /api/v1/inventory 200 1ms 52b91501-d397-48ff-b04b-7d8c9b1460fd
[req] GET /api/v1/recipe-discovery 200 4ms af275c6c-e49d-4436-8204-4b358e98562c
[req] GET /api/v1/me 200 1ms cea03ec1-f7bd-4b07-8de5-4819e923e57f
[req] GET /api/v1/meal-planning/plans/current 200 0ms 4244782a-a7c1-4541-9ab7-6a52e781e764
[req] GET /api/v1/inventory 200 0ms df11f747-2af7-4e79-9ac3-70a0eecc6c39
[req] GET /api/v1/recipe-discovery 200 4ms 7ac8814a-88bc-478a-bfc9-3d66d79d71be
5:04:32 AM [vite] (client) hmr update /src/web/components/common/RecipeCard.tsx, /src/web/styles/index.css
5:04:32 AM [vite] (client) hmr update /src/web/pages/HomePage.tsx, /src/web/styles/index.css
5:04:32 AM [vite] (client) hmr update /src/web/pages/RecipesPage.tsx, /src/web/styles/index.css
5:04:32 AM [vite] (client) hmr update /src/web/pages/RecipeDetailPage.tsx, /src/web/styles/index.css
5:05:23 AM [vite] (client) hmr update /src/web/pages/RecipeDetailPage.tsx, /src/web/styles/index.css
5:05:23 AM [vite] (client) hmr update /src/web/styles/index.css
[req] GET /api/v1/me 200 1ms 04e85a22-157d-4af3-b5d9-29eafd2bb27c
[req] GET /api/v1/me 200 1ms 50b1819d-7956-458d-91a5-af7385db26fc
[req] GET /api/v1/me 200 0ms 5c0ac743-a3a4-4b5d-a1c5-b769c0150184
[req] PATCH /api/v1/preferences 200 1ms e59b3eae-b50a-4fe3-8e39-6d57448e877e
[req] GET /api/v1/me 200 1ms eaa13040-528b-4413-8e30-86d6659925f5
[req] GET /api/v1/recipes/thit-kho-trung 200 2ms 6adcd002-dbe7-432d-8a9d-18f9a9d6b55f
[req] GET /api/v1/inventory 200 1ms c3e3b83e-6918-4441-9625-d26b55b53ab5
[req] GET /api/v1/me 200 1ms 4cf54d86-0c57-47e7-92ef-f774d654d993
[req] GET /api/v1/recipes/thit-kho-trung 200 2ms 3bcf66f1-2d47-4845-9413-e415365dd10e
[req] GET /api/v1/inventory 200 0ms 75d6a25f-9e82-41cc-b63f-345260a7f437
[req] GET /api/v1/me 200 2ms 37061c3a-7f86-4e40-ad36-a08b15c99f4b
[req] GET /api/v1/recipes/thit-kho-trung 200 1ms 394a2715-865b-468d-92f4-e68dfd5ecd0e
[req] GET /api/v1/inventory 200 1ms b87238db-029f-45ed-9898-1d194f8966f0
[req] GET /api/v1/me 200 1ms 2e4a019a-da4e-4120-8c52-9ec15eced49e
[req] GET /api/v1/recipes/thit-kho-trung 200 4ms 7b3cf302-6ac6-4b85-ad47-d21ab810bf0b
[req] GET /api/v1/inventory 200 1ms b8526044-ca4f-472a-b377-132402c7000f
[req] GET /api/v1/me 200 1ms b119e7dd-117f-4594-8685-5e2d53a5e648
[req] GET /api/v1/recipes/thit-kho-trung 200 2ms 9a4b4987-1088-4da9-ac6c-3b732b46c44e
[req] GET /api/v1/inventory 200 2ms 214c6d76-2a77-4064-97bc-3678e14ede22
[req] GET /api/v1/me 200 1ms 78a90c76-7e4d-40b3-95fa-94b05e0fdd52
[req] GET /api/v1/recipes/thit-kho-trung 200 2ms adf0e760-b5c6-4ef7-ba89-7089c8d125b6
[req] GET /api/v1/inventory 200 4ms 536e341b-7c8b-429a-858f-ebc790a8fa71
[req] GET /api/v1/me 200 1ms 48e1212c-0554-4528-a23b-13b4d33a2b71
[req] GET /api/v1/recipe-discovery 200 4ms 0f428ff5-c07e-4766-aadf-c53fee1046e9
[req] GET /api/v1/me 200 0ms 18f8103c-6e97-4f03-b7ae-a8f0a9e59160
[req] GET /api/v1/recipe-discovery 200 8ms 0f444c9f-6194-42cc-a719-61d3c8ce4f66
[req] GET /api/v1/me 200 1ms b958aa32-b632-42b7-a2f7-f08366b2ef11
[req] GET /api/v1/meal-planning/plans/current 200 1ms c9781503-b3dc-4d55-8ed8-a95ad749b11b
[req] GET /api/v1/inventory 200 3ms 3b5141be-2fd2-49eb-b883-bea1e89d3dc9
[req] GET /api/v1/recipe-discovery 200 6ms 68cad351-78f0-42a8-bfd4-4b8944d33381
[req] GET /api/v1/me 200 0ms a8bc421a-ca6a-4d36-8eca-89764ca02551
[req] GET /api/v1/meal-planning/plans/current 200 1ms bfda4bb4-041b-4e1c-bf79-c7eddfa0e239
[req] GET /api/v1/inventory 200 1ms dfac1715-d8e8-499d-8c03-b63be0c10425
[req] GET /api/v1/recipe-discovery 200 6ms 916f3dd4-6772-4940-beb3-752d4047d561
5:06:26 AM [vite] (client) hmr update /src/web/styles/index.css
5:06:26 AM [vite] (client) hmr update /src/web/pages/RecipeDetailPage.tsx, /src/web/styles/index.css
5:06:27 AM [vite] (client) hmr update /src/web/components/common/RecipeMedia.tsx, /src/web/styles/index.css
5:06:27 AM [vite] (client) hmr update /src/web/components/common/RecipeCard.tsx, /src/web/styles/index.css
5:06:27 AM [vite] (client) hmr update /src/web/pages/HomePage.tsx, /src/web/styles/index.css
5:06:27 AM [vite] (client) hmr update /src/web/pages/RecipeDetailPage.tsx, /src/web/styles/index.css
[req] GET /api/v1/me 200 1ms d2e743b5-92e0-4f34-b0f7-e86b480ebe96
[req] GET /api/v1/me 200 3ms d076d656-4291-42ce-bad1-dd0127343b5b
[req] GET /api/v1/me 200 1ms 68846d4a-6ebb-4fad-908a-8e70b9a06faa
[req] PATCH /api/v1/preferences 200 0ms ad52f63a-9bd0-4597-8a44-0aeed2abcdc6
[req] GET /api/v1/inventory 200 2ms ff702667-79f3-4b7d-8d20-0acd1ae7237f
[req] GET /api/v1/meal-planning/plans/current 200 1ms e30e4fb6-fdca-4f34-9163-a81b27998775
[req] GET /api/v1/inventory 200 1ms da4a0749-ef73-44a2-b855-27e5016beb55
[req] GET /api/v1/recipe-discovery 200 8ms 8a025411-995b-4359-9fd3-adda7cc6781f
[req] GET /api/v1/inventory 200 2ms 6783e899-56e2-4ac1-9e65-3f4260ae1631
[req] GET /api/v1/me 200 1ms c07ec2ee-dc23-44d5-8276-1141f8aabc6b
[req] GET /api/v1/meal-planning/plans/current 200 1ms 04f9d740-660e-44e2-8a9b-bc364b247f42
[req] GET /api/v1/inventory 200 2ms 28349c85-a289-4baf-b498-8cf1529d939d
[req] GET /api/v1/recipe-discovery 200 5ms f8603e59-0b5b-4a71-a617-c2921ab63c39
[req] GET /api/v1/me 200 1ms bda7dee4-01d1-44c2-af12-7270a338ca2d
[req] GET /api/v1/inventory 200 1ms fc70a9f9-7c64-4284-9d15-4f7dd4b0832e
[req] GET /api/v1/me 200 1ms d1f63620-4fb1-4f6e-b224-ee53b1105719
[req] GET /api/v1/inventory/lots/preview-stock-egg 409 1ms 348b6755-0c80-48a5-b69d-f6781ac19c90
[req] GET /api/v1/inventory 200 1ms 751f1736-2b36-4a3a-bac2-f63b3252c737
[req] GET /api/v1/me 200 0ms 8adab7d3-938e-425f-bcc1-0d469bdd573c
[req] GET /api/v1/scans/t13b-preview-fridge 200 1ms fae827ba-5272-44f7-8b2d-d47768c3c52c
[req] GET /api/v1/me 200 2ms de4037c8-4271-44f4-aff9-abbcf4f69daa
[req] GET /api/v1/scans/t13b-preview-receipt 200 0ms f1f460ed-b660-46f3-a54f-da59c0078151
[req] GET /api/v1/me 200 1ms 2f96a714-2c89-4f1b-a66a-66d21c8ff3b4
[req] GET /api/v1/recipes/thit-kho-trung 200 2ms 72da99e7-a55f-4e55-99bd-078956017905
[req] GET /api/v1/inventory 200 1ms ff3c8ed0-8c15-44ea-aee4-2f92d733a1a0
[req] GET /api/v1/me 200 2ms 09991e60-5aad-4a81-ba16-acc754a125b4
[req] GET /api/v1/recipe-discovery 200 4ms b8017b4b-489f-4105-bea6-e7b4815531e8
[req] GET /api/v1/me 200 1ms 5b54a3f2-575d-4594-b34b-8e0c48f2e941
[req] GET /api/v1/me 200 1ms e8a3a059-1b6c-440f-afb2-c6dd07b7af21
[req] PATCH /api/v1/preferences 200 0ms f463d4ca-799a-4be5-ade0-2c89b0cc6cb8
[req] GET /api/v1/inventory 200 1ms 344b0175-8235-4692-8c20-4a2fd98c392d
[req] GET /api/v1/me 200 0ms 0a3466a3-1376-4d9d-909d-8213d4900083
[req] GET /api/v1/meal-planning/plans/current 200 1ms 2f7d5c76-91b6-4cda-8e64-78460c5809c0
[req] GET /api/v1/inventory 200 2ms e32448bd-3728-46c2-8986-46a3bb4a8061
[req] GET /api/v1/recipe-discovery 200 6ms 717d9192-a294-4d0b-a978-5e4c6bfc5e9a
[req] GET /api/v1/me 200 1ms fbe262b3-e6c9-4186-a394-86cdf9bf19b2
[req] GET /api/v1/inventory 200 1ms 8f836f5d-caf4-440b-8b8d-6d76ed6b8877
[req] GET /api/v1/me 200 0ms 42c6ca26-8516-4c9a-9856-39cf9060cb41
[req] GET /api/v1/inventory/lots/preview-stock-egg 409 0ms 7c6b3e65-0058-42d3-b4ed-10f26448ff5c
[req] GET /api/v1/inventory 200 0ms f01bc183-662c-41f4-82d1-d3d93f7ae49a
[req] GET /api/v1/me 200 1ms af61cbd0-0aa2-4d33-a861-02742dbfcdc1
[req] GET /api/v1/scans/t13b-preview-fridge 200 1ms 500b5ae0-d1af-4b38-8d58-6d6a9c955c41
[req] GET /api/v1/me 200 1ms 5856ffc0-f3fb-410d-91c0-48a2d5655f5a
[req] GET /api/v1/scans/t13b-preview-receipt 200 1ms 13656288-c76f-4a52-8f5f-332b32e610b3
[req] GET /api/v1/me 200 1ms 07f008da-ae4d-4bf3-a6c0-b470a8380800
[req] GET /api/v1/recipes/thit-kho-trung 200 1ms c99c03be-ff93-4239-afdb-570cfcfef5ee
[req] GET /api/v1/inventory 200 1ms bae5c8c6-a5e9-4a45-a21e-6c8f4a92380b
[req] GET /api/v1/me 200 1ms 1d82ced8-17da-426a-98b2-687f0e283c2e
[req] GET /api/v1/recipe-discovery 200 4ms 9dda3f19-0b57-499b-8da9-265b5118b5a8
[req] GET /api/v1/me 200 1ms dbfcdc9e-a6ae-4416-8ff4-088deebcb533
[req] GET /api/v1/recipes/pasta-pomodoro 200 1ms 9d41b78f-e7f5-4775-9198-cc68088a1d45
[req] GET /api/v1/inventory 200 0ms d7e0e774-f910-41f7-9631-ac136bd8f305
[req] GET /api/v1/me 200 0ms f59209ed-f0de-4fb7-8b34-446022a8f5f9
[req] GET /api/v1/notifications 200 1ms 8c80b90d-c36b-4dc0-9bda-1d0dd1f68092
[req] GET /api/v1/me 200 0ms e4548fe5-9d7c-4619-b419-b1221128c4bf
[req] GET /api/v1/me 200 1ms 155d486c-700f-449e-8616-1ae3455afd90
[req] GET /api/v1/meal-planning/plans/current 200 1ms 86830508-5a77-4d68-9f89-058436fa84f5
[req] GET /api/v1/me 200 1ms 8b893f8a-f67b-4c91-9460-f1d267c21a17
[req] GET /api/v1/shopping-list 200 1ms e4bcdbc0-3267-4339-8313-2b6119403193
[req] GET /api/v1/me 200 1ms f7deda9c-b37e-4cf0-bb19-79e2b947e5d4
[req] GET /api/v1/me 200 0ms 3ee343ea-3f58-4497-8377-29eed420c600
[req] GET /api/v1/preferences 200 1ms 2e4f3661-0357-45d4-979a-f80d31219244
[req] GET /api/v1/me 200 1ms 81cebcb0-cc5b-4523-aedd-5d461d0a64a4
[req] GET /api/v1/week/preferences 200 0ms c2c44aee-d7e0-480f-88d8-06994e2fee54
[req] GET /api/v1/me 200 1ms 7ecec429-8041-4a84-8726-28dfc227a360
[req] GET /api/v1/meal-planning/plans/current 200 1ms 4705658c-4b53-4cf9-ba9f-81155efa6876
[req] GET /api/v1/inventory 200 1ms 5b04ab91-02c8-4249-ac58-03c9d0c2450b
[req] GET /api/v1/recipe-discovery 200 4ms debd61a9-56af-4160-8f82-76d4da9b5531
[req] GET /api/v1/me 200 1ms 5b92aaf2-9e78-4daf-9ed0-505fc2e19666
[req] GET /api/v1/inventory 200 1ms 16c6f941-64cc-43fa-ad79-c685e9911a1f
[req] GET /api/v1/me 200 0ms 8f892f43-589b-4549-8beb-711fa0ba8fe3
[req] GET /api/v1/inventory/lots/preview-stock-egg 409 1ms f0654c7c-3e79-4941-99ad-fc9aaa1e4e59
[req] GET /api/v1/inventory 200 0ms 079ac658-21b7-4a2d-88b3-e28e95424364
[req] GET /api/v1/me 200 1ms ef6b2960-a5f7-4678-8e84-da99fe8690ca
[req] GET /api/v1/scans/t13b-preview-fridge 200 2ms 9903d2b6-acfb-4fb7-a7ac-96dd62a7156b
[req] GET /api/v1/me 200 0ms e9b3136d-a17a-4e31-bc6e-82f7a29f7d98
[req] GET /api/v1/scans/t13b-preview-receipt 200 1ms 8d7e1d9d-d179-4d49-a4a0-715975a47126
[req] GET /api/v1/me 200 1ms 7f53446b-f5b5-48ac-9d66-4b64ecdfaa49
[req] GET /api/v1/recipes/thit-kho-trung 200 1ms e847f8ff-e917-47e7-9618-e1c02f341764
[req] GET /api/v1/inventory 200 0ms 0215bb7b-92e2-4134-8485-dd1db7473cbf
[req] GET /api/v1/me 200 1ms fdd6f43a-7a25-4234-ac9a-ef6f409c2854
[req] GET /api/v1/recipe-discovery 200 3ms 0223811b-7a3a-4595-9883-fda0ae6bb8dc
[req] GET /api/v1/me 200 1ms 4f3dcd69-c924-4911-960c-8a3f74ab4134
[req] GET /api/v1/recipes/pasta-pomodoro 200 1ms 3f1c415e-67f6-4606-813a-b575a970b45d
[req] GET /api/v1/inventory 200 0ms c706278b-cdb8-4a98-bedc-bb238081a83c
[req] GET /api/v1/me 200 0ms e7c313c5-939d-4b25-b40b-d51f12f5f428
[req] GET /api/v1/notifications 200 1ms 6c0478f4-c552-4fa5-87a2-26fbd501ef3d
[req] GET /api/v1/me 200 0ms e42f0ee7-a95a-4260-9812-c375080080ae
[req] GET /api/v1/me 200 1ms cde5ce08-e3b3-4eb5-9da0-801140fc50f0
[req] GET /api/v1/meal-planning/plans/current 200 1ms 6dc04c74-8631-4a31-af09-5b9526fa163d
[req] GET /api/v1/me 200 1ms b0eee0ee-ae2e-42bb-b2d3-bdd45eda2509
[req] GET /api/v1/shopping-list 200 1ms 55aab76d-3e49-4093-80c7-f642d7bad03a
[req] GET /api/v1/me 200 1ms 38e1cb47-3b5b-4314-8d4e-2fa8eed0f3f5
[req] GET /api/v1/me 200 1ms 713f449f-218a-4c39-9c3d-bbb93ed70f43
[req] GET /api/v1/preferences 200 1ms 66c34ec7-19a5-4b72-915c-7727691df9b7
[req] GET /api/v1/me 200 0ms 3716b81d-0fa9-45ce-8906-2c12a09e4aef
[req] GET /api/v1/week/preferences 200 1ms ba5fdb85-9f6a-41f3-8bd8-221587c45c48
[req] GET /api/v1/me 200 1ms fc38060a-7252-4325-8fc1-b2db843fba58
[req] GET /api/v1/meal-planning/plans/current 200 0ms 2584f74f-c75f-429d-8378-6ed8e31da960
[req] GET /api/v1/inventory 200 2ms 70929fbb-169c-4460-9150-6365aec9cc61
[req] GET /api/v1/recipe-discovery 200 5ms 10ce05db-8ea7-47a9-b3c3-b8e7598552c6
[req] GET /api/v1/me 200 1ms 661b95f8-c57d-4aa3-81d1-fe6f63eb6816
[req] GET /api/v1/inventory 200 1ms 89c13539-1071-49af-9592-6bcf78ec7b78
[req] GET /api/v1/me 200 0ms 5e59252a-dcd8-4559-a098-d17259fb566e
[req] GET /api/v1/inventory/lots/preview-stock-egg 409 0ms 025be3f8-626b-413e-ab2f-1c851e5cdaff
[req] GET /api/v1/inventory 200 0ms f39622ba-1823-463b-8939-d0bb0683b436
[req] GET /api/v1/me 200 1ms 460f6be0-b1c3-4f27-9898-ffb87307c19a
[req] GET /api/v1/scans/t13b-preview-fridge 200 1ms ffcd849a-f756-4b3f-b9c0-3e480990b934
[req] GET /api/v1/me 200 1ms 451fc395-17c4-4fa4-a98e-02b4dc1f14e4
[req] GET /api/v1/scans/t13b-preview-receipt 200 0ms 2f905a6f-898d-430b-b158-752a09d8412a
[req] GET /api/v1/me 200 1ms 8f27c45b-154e-4b82-b660-7a2eec00e50a
[req] GET /api/v1/recipes/thit-kho-trung 200 1ms 2c844dd0-a86e-4792-8b4d-a6ad8f7e85ce
[req] GET /api/v1/inventory 200 0ms 1b02b3ec-841a-4777-96e9-f8fd1d9679e6
[req] GET /api/v1/me 200 0ms 8947320d-218f-4936-8a44-680c1411a0b2
[req] GET /api/v1/recipe-discovery 200 3ms 39111865-7e8a-4cd2-87e6-0527c56772cb
[req] GET /api/v1/me 200 0ms 523dff22-cc37-4ad0-b7d6-f43428d451d9
[req] GET /api/v1/recipes/pasta-pomodoro 200 2ms 696c1760-6035-4dcd-b51f-42b0a65978b0
[req] GET /api/v1/inventory 200 2ms 685d892c-afd1-4e4a-9676-29c8b5d0d6ab
[req] GET /api/v1/me 200 1ms 2b25383d-ba4e-49f0-b396-3458f00272c8
[req] GET /api/v1/notifications 200 0ms fcb031ba-94d2-4ab7-b6b9-b910defbe75f
[req] GET /api/v1/me 200 1ms 5732a8bf-e847-4944-91f7-7d3a7117d1d4
[req] GET /api/v1/me 200 0ms 3248d7a4-fbac-46e8-a6d2-e9ab4d9814f8
[req] GET /api/v1/meal-planning/plans/current 200 1ms 161eae18-3bd9-4e5e-813f-1b1c1a32c74c
[req] GET /api/v1/me 200 1ms 71ad02b7-81ca-4005-b875-d27fddf82550
[req] GET /api/v1/shopping-list 200 1ms 0b279fad-62ba-426e-832d-350d7d79df58
[req] GET /api/v1/me 200 1ms 91a28d46-cc3c-450d-b0f3-ae627217e2f4
[req] GET /api/v1/me 200 1ms c86e8a6e-19be-431d-81f0-8ff57a1e6101
[req] GET /api/v1/preferences 200 0ms 80e8de7b-5678-45b1-b795-023bf07b9929
[req] GET /api/v1/me 200 1ms 02e7c5f6-5999-451b-aca4-329952e5ae1f
[req] GET /api/v1/week/preferences 200 1ms bbe18344-0d86-408a-8ff7-22a4c60b972f
[req] GET /api/v1/me 200 1ms 03e4c065-ae28-471e-816d-e223e0e912bd
[req] GET /api/v1/meal-planning/plans/current 200 1ms ff41800f-34d2-482f-8a77-cb2358dce591
[req] GET /api/v1/inventory 200 1ms 4cb33e1f-f264-4f24-92dc-35fe07e208d4
[req] GET /api/v1/recipe-discovery 200 4ms 23ed82d4-416c-48dd-b64b-cfce3541e5f9
[req] GET /api/v1/me 200 0ms ee70e3f5-cb5b-4d29-b5f4-e412c434310f
[req] GET /api/v1/inventory 200 1ms bf61b91c-0165-4666-865d-a2f0d3d3d59d
[req] GET /api/v1/me 200 2ms c513562d-f34d-4fa3-8f2c-368eab50ec50
[req] GET /api/v1/inventory/lots/preview-stock-egg 409 0ms 301bd6c7-2d7b-40a0-bd32-4816f4cb5333
[req] GET /api/v1/inventory 200 0ms ecdd7849-cdf3-4663-b2c2-762c42bd449a
[req] GET /api/v1/me 200 0ms ed68309c-2e23-476c-9b72-aceac1d50eda
[req] GET /api/v1/scans/t13b-preview-fridge 200 0ms 71772b29-3466-48d5-97a7-b207c59d1b82
[req] GET /api/v1/me 200 0ms 539eae96-b3a6-46a1-8727-96c94c17ec87
[req] GET /api/v1/scans/t13b-preview-receipt 200 1ms d7d456a8-1766-4e08-9290-8fbc0a172e98
[req] GET /api/v1/me 200 1ms 5225be81-51d1-436b-b1af-ce4003bb2682
[req] GET /api/v1/recipes/thit-kho-trung 200 1ms 2677ccc1-ecd3-471e-875d-dafb7355be96
[req] GET /api/v1/inventory 200 1ms c7734977-be7e-48b3-9730-31d333fd2af8
[req] GET /api/v1/me 200 0ms e681d530-d79a-4297-8f34-ebfe2cbb25c7
[req] GET /api/v1/recipe-discovery 200 3ms 41973ab2-0bc8-41c9-a798-c892db6c31dc
[req] GET /api/v1/me 200 1ms c975dfbc-aec6-4cfd-8dcc-63e68d2cdd96
[req] GET /api/v1/recipes/pasta-pomodoro 200 2ms 91cd15d7-ee8f-4485-80b6-b915abdbedf4
[req] GET /api/v1/inventory 200 1ms d302f878-21ec-4875-ab75-1a7d3430773d
[req] GET /api/v1/me 200 1ms 3806938e-a6c0-4000-87e1-b8f8726acfc3
[req] GET /api/v1/notifications 200 1ms 0be4526e-b40b-4188-a8f0-db6bc2f7c0f0
[req] GET /api/v1/me 200 0ms 05f5309f-84c8-4b6b-bfec-80504872361b
[req] GET /api/v1/me 200 1ms 954cc5bc-1efb-4747-b8b4-5672dda61130
[req] GET /api/v1/meal-planning/plans/current 200 1ms 74b9f666-0eac-4187-8d26-864afc727527
[req] GET /api/v1/me 200 1ms b76b1dd8-1f91-4237-b4cf-333ff3b54079
[req] GET /api/v1/shopping-list 200 0ms c8241742-c4a5-43d7-9d46-a795be3ddcea
[req] GET /api/v1/me 200 0ms 878c202f-c00c-4fa8-ab95-5b513ec32328
[req] GET /api/v1/me 200 1ms f3d62a56-5cfd-41c0-adec-9178284ca9d8
[req] GET /api/v1/preferences 200 1ms d39bfac5-47fa-4735-9e5b-bd9e4ee45407
[req] GET /api/v1/me 200 1ms ec150fbf-985b-4fb9-a8f5-2065523ab195
[req] GET /api/v1/week/preferences 200 1ms 0ccb9311-27eb-47de-8e89-9ca5c21a6cb7
[req] GET /api/v1/me 200 1ms 56e709d0-56f9-434c-85d5-b545448e4cc1
[req] GET /api/v1/meal-planning/plans/current 200 1ms 9fbe44ee-7b33-4b8f-9e64-bdf499677dca
[req] GET /api/v1/inventory 200 2ms 1827f206-9b67-4667-a992-c1e16feca943
[req] GET /api/v1/recipe-discovery 200 4ms edb39972-d479-4d69-8a98-35cb6d64345d
[req] GET /api/v1/me 200 1ms f50dbb9e-341f-4d81-9f0d-093b8834d062
[req] GET /api/v1/inventory 200 1ms 121131a1-3af7-4ded-abfc-8dfc474c1017
[req] GET /api/v1/me 200 1ms 0a6a6237-710c-4328-b9c8-4f6e1be819ce
[req] GET /api/v1/inventory/lots/preview-stock-egg 409 0ms 43745348-7eed-4289-9324-f09e273266d4
[req] GET /api/v1/inventory 200 1ms 155a1f45-0cb4-4b46-a641-7fb04d8a0874
[req] GET /api/v1/me 200 1ms db72c4e4-5845-415d-a32f-952c29e7989b
[req] GET /api/v1/scans/t13b-preview-fridge 200 1ms 2b84731c-b37c-41f7-a878-921878bf5f1f
[req] GET /api/v1/me 200 0ms 36db1681-f5d4-4b47-a2cf-13cc223d3d0d
[req] GET /api/v1/scans/t13b-preview-receipt 200 1ms de338127-31c7-4bb6-9051-92f01f5a43c3
[req] GET /api/v1/me 200 2ms dc82aa94-aae3-4c17-b184-4cda62864dc6
[req] GET /api/v1/recipes/thit-kho-trung 200 1ms 98c9471e-0828-46ba-8440-97aad23dc1af
[req] GET /api/v1/inventory 200 1ms 3ee1ce1b-4d2d-4a9f-bc99-5638d1a6fae8
[req] GET /api/v1/me 200 0ms d219b780-7ed1-404b-bcff-bebdf8721095
[req] GET /api/v1/recipe-discovery 200 6ms a2bc2d83-5e4e-432d-be86-919efadece94
[req] GET /api/v1/me 200 1ms d2fd0c4d-5dca-4998-bc24-71bede8d5000
[req] GET /api/v1/recipes/pasta-pomodoro 200 1ms 8f1f15d4-39dd-442c-ad48-5009157da944
[req] GET /api/v1/inventory 200 0ms 3adaf8c5-87fb-45d6-9130-02fdd0f675fd
[req] GET /api/v1/me 200 1ms d08c68aa-e765-4e07-8684-15914901e733
[req] GET /api/v1/notifications 200 1ms decc5c10-9615-4d4c-b034-a3b57c33f455
[req] GET /api/v1/me 200 0ms a87848dc-43cf-4f90-b532-140870e2f043
[req] GET /api/v1/me 200 1ms afa38c64-3ae7-4faa-8f08-c0598b78812b
[req] GET /api/v1/meal-planning/plans/current 200 1ms 4021565f-45fe-4186-a0f6-08a6f6cfeb12
[req] GET /api/v1/me 200 1ms f0897a47-b71a-4629-9e38-d3c5438a1559
[req] GET /api/v1/shopping-list 200 1ms 56a15aa9-9b94-42a5-9936-93a50f8c9d74
[req] GET /api/v1/me 200 1ms c06b98ab-2c08-4ca6-b343-06d8ef2044d1
[req] GET /api/v1/me 200 0ms 7e142e44-2362-4f1f-9e11-b01951b21a64
[req] GET /api/v1/preferences 200 0ms 7f122c58-b425-4f89-83a5-295292b376dc
[req] GET /api/v1/me 200 2ms e10f366c-6863-4293-90b4-76d5fdc3300e
[req] GET /api/v1/week/preferences 200 1ms 76d43112-e30a-47f5-9441-2a89297ab978
[req] GET /api/v1/me 200 0ms 03fdd36a-6cb2-4d09-9701-682211d46c6f
[req] GET /api/v1/meal-planning/plans/current 200 2ms 7d55a9d7-1c3f-4627-baec-eb11b1451cb1
[req] GET /api/v1/inventory 200 1ms ec7bc515-5ad4-4b68-bc0f-c91a25ba8375
[req] GET /api/v1/recipe-discovery 200 6ms 71b90b47-00bb-4c88-bc61-48b153f2ecc0
[req] GET /api/v1/me 200 1ms ae3fe188-7e74-45a0-af7b-13977848a17b
[req] GET /api/v1/inventory 200 0ms ce1b19d1-c4f2-4db5-9fa6-fd2f358d34a6
[req] GET /api/v1/me 200 1ms d9bd6af1-5d31-40c3-9548-2e2d7cbe2ed7
[req] GET /api/v1/inventory/lots/preview-stock-egg 409 1ms 4297600d-e1f8-45d1-8c27-4436b8ab388b
[req] GET /api/v1/inventory 200 0ms 3adcc5db-4ab2-4a49-a1e8-985fe7c83295
[req] GET /api/v1/me 200 1ms de9fef94-b1ec-4665-bae6-2dc21851c821
[req] GET /api/v1/scans/t13b-preview-fridge 200 1ms d8b3241e-8d6c-450d-b0e9-f6733e2e5097
[req] GET /api/v1/me 200 0ms d7edcb12-9c70-4a0b-94f2-9bb8fe04d52a
[req] GET /api/v1/scans/t13b-preview-receipt 200 1ms 733896f6-8802-4fb4-8a52-45896b9a3202
[req] GET /api/v1/me 200 1ms 09c1a69d-6f25-422b-807c-18bdd2743e01
[req] GET /api/v1/recipes/thit-kho-trung 200 1ms 96248113-508c-4933-8ac6-7b56016988d7
[req] GET /api/v1/inventory 200 0ms 818d4096-aeff-4947-a047-c7fdb8e1460f
[req] GET /api/v1/me 200 1ms 4dcaf66c-ea37-40de-82c0-393508d44fd1
[req] GET /api/v1/recipe-discovery 200 5ms b4cd5e60-64d4-4b35-8216-c21b4661dd31
[req] GET /api/v1/me 200 1ms f084a2a3-4cab-467f-9538-b6c3261f8f7e
[req] GET /api/v1/recipes/pasta-pomodoro 200 1ms 084a355c-7e44-4a22-9b5d-27cba10779ba
[req] GET /api/v1/inventory 200 1ms a13aa585-fd05-4555-9443-447550d6a80e
[req] GET /api/v1/me 200 1ms 745a2fe0-c28b-4370-9f59-13db2f2f6b11
[req] GET /api/v1/notifications 200 0ms 09d0a810-a4bd-47a8-8fd7-266aede52824
[req] GET /api/v1/me 200 1ms 46ae81d3-da10-4483-b4fc-463a5db06c13
[req] GET /api/v1/me 200 1ms 39874769-8358-41bd-abe9-c6210b3342a2
[req] GET /api/v1/meal-planning/plans/current 200 1ms cb4e8382-eecc-4f54-9860-6255be573bcd
[req] GET /api/v1/me 200 0ms 40225333-2a1b-49b2-9e2a-bc46864e6a68
[req] GET /api/v1/shopping-list 200 0ms 82c4224a-20f7-4403-9def-77ca5aca5b2c
[req] GET /api/v1/me 200 1ms ed32b3da-cbc9-4566-85f6-b1df97b243b9
[req] GET /api/v1/me 200 1ms 1dfd8e67-f571-4b29-b125-1ddbd4af20d5
[req] GET /api/v1/preferences 200 1ms 15bfbf34-c4aa-4040-a211-aa17916a1e34
[req] GET /api/v1/me 200 1ms 0cc8a28d-d130-46bf-adea-4c2e73c62f1e
[req] GET /api/v1/week/preferences 200 0ms acc642fb-9d70-4092-853a-550c83b4cf74
[req] GET /api/v1/me 200 1ms 13f023fa-11bc-4de4-8d3e-8703271eb45d
[req] GET /api/v1/meal-planning/plans/current 200 0ms e7280069-6bbc-420f-b1de-e03a5edc5eab
[req] GET /api/v1/inventory 200 1ms b028d34e-ec90-415b-ac99-96a60869b716
[req] GET /api/v1/recipe-discovery 200 5ms e93d42ab-8848-4431-a38f-56ddbae54111
[req] GET /api/v1/me 200 0ms bd72f523-abcb-4d0d-baaf-82e2033a8e76
[req] GET /api/v1/inventory 200 1ms 6aa39da9-4c87-4a28-a1d6-f238b66f58b4
[req] GET /api/v1/me 200 1ms 73a48e53-af6b-482b-843f-1239744fd3ff
[req] GET /api/v1/inventory/lots/preview-stock-egg 409 1ms acfe41f6-4c3f-4ef3-9a00-8b95ff7fe56e
[req] GET /api/v1/inventory 200 0ms 217c4bdb-1e45-44f2-960e-c4793939d71a
[req] GET /api/v1/me 200 0ms 27bc73f0-3860-4694-8d14-06360ae5e20a
[req] GET /api/v1/scans/t13b-preview-fridge 200 1ms 1cb0f2cc-6433-4519-a4d4-11777418d4aa
[req] GET /api/v1/me 200 1ms 55aeaabb-c3c4-4774-b715-c045032b042d
[req] GET /api/v1/scans/t13b-preview-receipt 200 1ms e222dd68-846d-48a6-8d58-449fecfe97fa
[req] GET /api/v1/me 200 1ms 62ab19e6-75d9-4465-a9a8-da5c1b55e56d
[req] GET /api/v1/recipes/thit-kho-trung 200 1ms c042e4ed-696c-455f-8702-c0b21cb26786
[req] GET /api/v1/inventory 200 1ms 92fd3fe5-0ad6-4569-ab1f-db248ecdb686
[req] GET /api/v1/me 200 0ms f7dfd499-a2e4-4049-83dc-f545cc780488
[req] GET /api/v1/recipe-discovery 200 4ms f4d98de4-d519-424f-87a8-c885aa9255b0
[req] GET /api/v1/me 200 0ms a9d2e493-7ea0-40b8-a83d-3225a1c84d90
[req] GET /api/v1/recipes/pasta-pomodoro 200 1ms b14c8d98-102a-432c-86e6-e98834eabbed
[req] GET /api/v1/inventory 200 1ms 0c98c85b-8389-4946-b5b1-73163d53e0f2
[req] GET /api/v1/me 200 1ms 7884c0c1-6cf7-402d-abe9-14876626c41a
[req] GET /api/v1/notifications 200 1ms 0f1c1f44-827e-4fec-aecd-21b37761fcbe
[req] GET /api/v1/me 200 0ms f78aae23-336a-4a0d-8801-4c779d3d9ede
[req] GET /api/v1/me 200 1ms 798a5187-8e12-44dc-b470-9c468cbb2370
[req] GET /api/v1/meal-planning/plans/current 200 1ms f1cc86ac-93f3-4a40-a717-2f447cb6ed6b
[req] GET /api/v1/me 200 0ms 6ca47bbf-e63a-4e47-b29a-34ca0bac0cd2
[req] GET /api/v1/shopping-list 200 1ms 6a3108d1-503f-4d9c-8e78-250c36e3ef8f
[req] GET /api/v1/me 200 1ms 73d0245e-5feb-4c0c-9aeb-1be723ddd4f4
[req] GET /api/v1/me 200 1ms cd009317-ac93-4035-8222-89e592f414b1
[req] GET /api/v1/preferences 200 1ms 417624f3-1c98-4f0d-bff0-814a28bfc975
[req] GET /api/v1/me 200 0ms de6d22eb-166e-4993-8aad-8ecbeec4dce5
[req] GET /api/v1/week/preferences 200 0ms 0533b0aa-043b-48e0-9d99-22a53d7e6007
[req] GET /api/v1/me 200 1ms 8f7077dc-2c3c-43dd-b2ab-ab822daad3d6
[req] GET /api/v1/inventory 200 0ms a3273a49-8731-4970-acbb-3bcc4dba5606
[req] GET /api/v1/me 200 1ms b112db4a-cd82-4539-a531-ade72ddd0e7a
[req] GET /api/v1/scans/t13b-preview-fridge 200 1ms 0d87ddd6-f09e-40c7-b984-53e32067ab55
[req] GET /api/v1/me 200 0ms 77dc1587-becc-4815-b2c1-c9ceaf3daeab
[req] GET /api/v1/recipes/thit-kho-trung 200 2ms 381b7a0c-fe19-456e-958f-ac50b52b9f2f
[req] GET /api/v1/inventory 200 0ms d7d1329a-e2da-46f1-963d-5d592cc75cff
[req] GET /api/v1/me 200 0ms 39314fb1-fc37-411e-98ad-ea1672474345
[req] GET /api/v1/recipe-discovery 200 4ms ae1ae483-48e7-4133-bdca-44f2942bdf15
[req] GET /api/v1/me 200 0ms cd5f336b-bf0b-49d4-8fff-37d9186f352c
[req] GET /api/v1/recipes/pasta-pomodoro 200 1ms 79e31040-e60b-4a78-8cba-7e1378e45dad
[req] GET /api/v1/inventory 200 2ms b32f51f1-8fe3-485d-8861-26db5cd5665a
[req] GET /api/v1/me 200 1ms d353ca23-fb63-4deb-8c3d-c08e45c5a6d4
[req] GET /api/v1/shopping-list 200 1ms 9153ade2-956b-49ff-9d7d-baf19cbf0ba0
[req] GET /api/v1/me 200 2ms 114ea1d2-22b1-419f-bbaa-d6504ef9a04f
[req] GET /api/v1/preferences 200 1ms 6c50fd1e-0b6a-4c39-8197-f919bb7b6d8f
[req] GET /api/v1/me 200 1ms 0fc364d4-d9ca-4da6-ba3a-59bfa48648f3
[req] GET /api/v1/week/preferences 200 1ms 4305bdab-7914-4d9f-9cf1-a9e1d30e370e
[req] GET /api/v1/me 200 0ms aa380330-8c0c-4062-b2e5-61342bb78ff4
[req] GET /api/v1/inventory 200 0ms 256f352b-f43c-45e8-9d15-fa18547f8f45
[req] GET /api/v1/me 200 1ms 31922b4d-c472-445e-9fe0-14b38fa6e60c
[req] GET /api/v1/scans/t13b-preview-fridge 200 1ms 22e7b60e-812b-4b20-9bf0-9a6002bb70d8
[req] GET /api/v1/me 200 0ms 39f41317-08fd-4805-ac3a-780ecb1f886a
[req] GET /api/v1/recipes/thit-kho-trung 200 1ms 334ad2e9-f468-4e94-9f22-d85da10852e9
[req] GET /api/v1/inventory 200 1ms 55f34d4c-3288-4982-9f3b-1f653b7663a3
[req] GET /api/v1/me 200 0ms b2609630-ec30-41ac-a9cb-0caf18aaae0d
[req] GET /api/v1/recipe-discovery 200 3ms 8d382a39-a60b-415e-9725-bec365709041
[req] GET /api/v1/me 200 1ms a54a398d-e7e7-422a-b239-28d5b691e9ce
[req] GET /api/v1/recipes/pasta-pomodoro 200 1ms 8c36c6a6-e5a4-4d2e-a669-4f23f3fe7c12
[req] GET /api/v1/inventory 200 0ms 477b54a6-21e0-48a8-a854-a85170671471
[req] GET /api/v1/me 200 1ms 08d3a4a2-e479-41f6-811f-10218b8e5e07
[req] GET /api/v1/shopping-list 200 1ms 13d43f7b-7fb3-4133-bc64-8bbf824623e6
[req] GET /api/v1/me 200 0ms b18c5cab-6623-4c94-99d1-103e1096ab1a
[req] GET /api/v1/preferences 200 3ms 2b86d325-3b2e-45ce-92c3-3d4d53a61d72
[req] GET /api/v1/me 200 1ms 08b4c987-2227-464b-b662-962b25e5bd80
[req] GET /api/v1/week/preferences 200 0ms 1455fba4-aa8b-4710-90d0-ab27f8749230
[req] GET /api/v1/me 200 0ms 4e14bb76-650b-4130-aacf-94aeabb1028f
[req] GET /api/v1/inventory 200 0ms c54d3110-8efa-43a0-a371-c72812620da0
[req] GET /api/v1/me 200 1ms 6d9f535d-3a3a-4b97-b5a5-5f9601037323
[req] GET /api/v1/scans/t13b-preview-fridge 200 0ms 87a273a5-fa2d-46aa-9d40-bb440135af8f
[req] GET /api/v1/me 200 1ms f39c7f34-c330-40cf-b336-c7d7a4442703
[req] GET /api/v1/recipes/thit-kho-trung 200 1ms 66ba5165-f4f0-493f-b708-2b61f17d84a3
[req] GET /api/v1/inventory 200 1ms 08446bb1-e59b-4e4f-8bed-627bc9aa25e3
[req] GET /api/v1/me 200 0ms 65cf026c-60d1-4d4d-861a-05817ce897de
[req] GET /api/v1/recipe-discovery 200 7ms f54a4143-f405-413b-9ef0-a1131f3dc662
[req] GET /api/v1/me 200 1ms b937aa14-8301-4853-a028-cbfeccc1772a
[req] GET /api/v1/recipes/pasta-pomodoro 200 1ms c135dc4f-830b-413e-b01b-a95d70cfc942
[req] GET /api/v1/inventory 200 0ms 6b48881f-8bd1-41ee-a78b-1d857ec90121
[req] GET /api/v1/me 200 2ms b913df35-2d0e-4ad9-a759-1af871773934
[req] GET /api/v1/shopping-list 200 0ms 6098d3f7-e739-4ddd-9cd6-f34887019057
[req] GET /api/v1/me 200 2ms ca98678d-78d3-4f7c-8d36-8cdab66919b5
[req] GET /api/v1/preferences 200 1ms 8d00ae96-409b-45d6-98f0-fd6308d7cf8b
[req] GET /api/v1/me 200 1ms cadc2c5c-9a37-40f9-b47c-504fae59f456
[req] GET /api/v1/week/preferences 200 0ms 44929076-0fd4-466a-9367-aa6a3f6ea769
[req] GET /api/v1/me 200 0ms 30e5648d-0916-42cb-813d-56c56070f3cb
[req] GET /api/v1/inventory 200 1ms d27530dd-441e-430e-a146-2d0c55e53566
[req] GET /api/v1/me 200 1ms a753e9f9-7188-4dbe-b2cb-b79ea0ae3da2
[req] GET /api/v1/scans/t13b-preview-fridge 200 1ms 387feda7-fa07-4148-b399-d677668321d3
[req] GET /api/v1/me 200 1ms 5594de23-7bc4-4d68-9a21-2d8d935137ae
[req] GET /api/v1/recipes/thit-kho-trung 200 1ms a52ace93-ad1d-446a-b3cc-87f51b49ed42
[req] GET /api/v1/inventory 200 1ms ca4c06ab-20c1-4df4-aab6-4f14bcf2ea43
[req] GET /api/v1/me 200 1ms 3eec8409-85b5-4063-a10b-1fb439290714
[req] GET /api/v1/recipe-discovery 200 2ms b2361c9a-d78f-41a9-8779-60af2c502a71
[req] GET /api/v1/me 200 0ms c0fcf821-6185-42b9-a5b0-1a66b834e03c
[req] GET /api/v1/recipes/pasta-pomodoro 200 1ms 4ab00dd0-feb5-4a28-a013-94b44f3d09f0
[req] GET /api/v1/inventory 200 1ms c7aedf90-d382-4699-a99b-4f952bd85dff
[req] GET /api/v1/me 200 0ms 6fb8f04b-56c5-4bb4-ad6d-5eaa21a0e6e1
[req] GET /api/v1/shopping-list 200 0ms b7d4dd4e-da68-4047-8ef0-3763390833dd
[req] GET /api/v1/me 200 0ms e02c4cd5-2fad-4be9-83b6-f2d02878f163
[req] GET /api/v1/preferences 200 1ms 2a504e29-9832-4c00-b058-06d237fbaab1
[req] GET /api/v1/me 200 1ms 21988f59-699e-408f-80a7-eb3549e3f778
[req] GET /api/v1/week/preferences 200 1ms ae4ff3d0-77ee-49ad-987d-8397297d690d
[req] GET /api/v1/me 200 1ms 1a873456-b322-491a-adcc-74f2f9fa9a6c
[req] GET /api/v1/inventory 200 0ms d3b27385-9261-44c9-8726-fde14647f253
[req] GET /api/v1/me 200 0ms c6e2ac28-1b9d-45fc-b42e-aa56907e2dd4
[req] GET /api/v1/scans/t13b-preview-fridge 200 1ms 1000f372-baeb-4876-8ee5-7e88bb89ef29
[req] GET /api/v1/me 200 1ms 2d766a1a-a0b0-472c-b854-8b1e0037d2e8
[req] GET /api/v1/recipes/thit-kho-trung 200 1ms c16735fc-0424-409b-9c44-b652398395dc
[req] GET /api/v1/inventory 200 1ms 65a8350a-49ed-461f-931a-7a03b4b8cb9a
[req] GET /api/v1/me 200 1ms a756ae30-6061-46ba-a773-f33d77757347
[req] GET /api/v1/recipe-discovery 200 4ms 7967d662-f2ce-457e-8612-bc73e4bf2d25
[req] GET /api/v1/me 200 0ms f9a49bcb-7f24-4e31-9978-41a07795d98d
[req] GET /api/v1/recipes/pasta-pomodoro 200 1ms 58582cd5-2764-4ed5-8fef-03ff34ff2fbe
[req] GET /api/v1/inventory 200 1ms fc42f2c9-15a6-4384-aadf-81d0fd64ba03
[req] GET /api/v1/me 200 1ms 9afc4855-1f19-4b5b-8f7e-a90c97c9c114
[req] GET /api/v1/shopping-list 200 1ms 3fb33776-a840-4189-b8e8-0562c2421236
[req] GET /api/v1/me 200 1ms fb5ecb1c-7591-4fbf-8ce5-037bbfa85afa
[req] GET /api/v1/preferences 200 0ms 8df27c98-24a3-4b6c-a4dd-b0bb98d44976
[req] GET /api/v1/me 200 0ms 9fc52106-1a6c-4ffd-a0b2-01db5a371704
[req] GET /api/v1/week/preferences 200 0ms ebe5b3d0-fac1-4828-a6d7-a23d99c17b51
[req] GET /api/v1/me 200 0ms bccad545-aab0-4422-843a-fb737f486df5
[req] GET /api/v1/recipes/thit-kho-trung 200 1ms 1e20e3c5-dd48-45d2-a09b-cb44913a8dcc
[req] GET /api/v1/inventory 200 0ms fdabb076-3603-4d61-be91-ed2ff00b0e7c
[req] GET /api/v1/me 200 1ms d05e1b67-c39f-4b0b-afef-d872f6d5fdf1
[req] GET /api/v1/recipes/thit-kho-trung 200 1ms 870076a8-919d-4913-82be-875726e0d33e
[req] GET /api/v1/inventory 200 6ms 77b9dd76-187b-429f-8df8-568b19b0331e
[req] GET /api/v1/me 200 1ms ccb7d24a-23b4-461c-a3d8-ffe6ed47bfa7
[req] GET /api/v1/recipes/thit-kho-trung 200 1ms ec4b0a66-3007-4791-96a8-91d2e48515a0
[req] GET /api/v1/inventory 200 0ms 7aac9272-99ad-43ad-bef5-f2b6a385697c
[req] GET /api/v1/me 200 1ms 20f514dd-0dfe-4fd1-8dd6-3e4c61ae9d79
[req] GET /api/v1/recipes/thit-kho-trung 200 1ms de8cd917-2dd1-4f42-b987-128e01e389f6
[req] GET /api/v1/inventory 200 2ms 6ca77280-df5d-43c4-ac87-fd942af0fe83
[req] GET /api/v1/me 200 1ms 4d12e2c1-1382-41fb-8a0d-454ed4739b13
[req] GET /api/v1/recipes/thit-kho-trung 200 1ms 0c3b89c7-5bdb-4c29-af17-84f6e5aaf465
[req] GET /api/v1/inventory 200 1ms 1c681733-3455-4258-b22b-c122c5628992
[req] GET /api/v1/me 200 0ms 231b537f-363f-40c2-9fa1-671da5adb8e1
[req] GET /api/v1/recipes/thit-kho-trung 200 1ms 697b4769-275b-4150-b296-4af21146e048
[req] GET /api/v1/inventory 200 1ms 6e545925-fc5b-4813-8e90-4aa663af4424
[req] GET /api/v1/me 200 1ms 19438e1f-0c5c-4d07-8c31-c8906ab626ed
[req] GET /api/v1/recipes/thit-kho-trung 200 0ms ba61ec3e-5e83-4bd6-b490-d40a0fbead77
[req] GET /api/v1/inventory 200 0ms ac204393-d672-4437-8929-a2091f326414
[req] GET /api/v1/me 200 1ms aeb28c28-25b1-4425-baee-cf3ace80191c
[req] GET /api/v1/recipes/thit-kho-trung 200 1ms eeefcda6-a026-421b-863f-73072f083df4
[req] GET /api/v1/inventory 200 1ms 9ff593d0-5c2d-4d6f-907c-4f37473a5f0e
[req] GET /api/v1/me 200 1ms 7ebce377-5562-45c6-b548-ffa08cbe7a0a
[req] GET /api/v1/recipes/thit-kho-trung 200 2ms 8f55f1ca-37a4-4621-a468-1e4739094304
[req] GET /api/v1/inventory 200 1ms bfa9a14c-cb5e-4982-a3e5-8f30f1d6d636
[req] GET /api/v1/me 200 1ms a357755d-7a8a-473a-bc3a-2c430dc9fe91
[req] GET /api/v1/recipes/thit-kho-trung 200 1ms 7666956f-2adc-45b4-a983-05663e693169
[req] GET /api/v1/inventory 200 0ms 8b982c55-f0bc-4942-a0d0-48264455ff25
[req] GET /api/v1/me 200 1ms 3f57cb95-db7d-4671-84c7-63e6454e6187
[req] GET /api/v1/shopping-list 200 0ms 13a8e5b4-6828-40d7-a30b-26ce99695cdd
[req] GET /api/v1/me 200 1ms 1521e667-dd05-4d84-a07c-771578cef437
[req] GET /api/v1/inventory 200 1ms 748e95cd-0347-4b4d-bc0e-06a04bff5cac
[req] GET /api/v1/me 200 0ms e1984120-d024-442a-8abc-16f05bce9de9
[req] GET /api/v1/inventory/lots/preview-stock-egg 409 1ms dd722172-fc3d-45c5-9855-e5603c9ded56
[req] GET /api/v1/inventory 200 1ms f6f53f76-e2c5-45fe-81fd-04ab7c017b07
[req] GET /api/v1/me 200 1ms 8ac1bda3-808c-4196-847b-92e09d5b254a
[req] GET /api/v1/shopping-list 200 1ms cef1caf9-61bf-4f01-bf1e-5cc032283bd2
[req] GET /api/v1/me 200 1ms cdb2bc78-690e-4d7f-b93c-c73a4a00240a
[req] GET /api/v1/me 200 1ms 91d8e562-da0a-4320-a306-b08d77c72172
[req] GET /api/v1/me 200 1ms e4fb7823-8b77-427e-90ac-99f4932e5f85
[req] GET /api/v1/recipes/thit-kho-trung 200 1ms ecbf4365-e747-4c15-b05a-3d6b3cc245ae
[req] GET /api/v1/inventory 200 1ms a5a1cbf3-1e3e-4539-ac10-2e12d47d326e
[req] GET /api/v1/me 200 0ms 84e6d4a6-967d-46f1-8ab0-0d8d78c98758
[req] GET /api/v1/week/preferences 200 1ms a52afb67-bdf7-4468-8f0d-7a081537878c
[req] GET /api/v1/me 200 1ms bfe65fc3-5c52-45ef-a697-83f40d608d44
[req] GET /api/v1/preferences 200 1ms c70d2766-b554-4616-951d-7d2ca45551e7
[req] GET /api/v1/me 200 0ms 0431bbb3-e06b-4c96-af1d-5db9d4d24163
[req] GET /api/v1/scans/t13b-preview-fridge 200 1ms 5d7374bb-38fb-4c69-9bd2-dc21070a6bdb
[req] GET /api/v1/me 200 0ms 5edb4d31-7295-4a57-9bf7-e13becac925a
[req] GET /api/v1/shopping-list 200 1ms 7c9ad5ba-bc01-4b79-a24d-8fb0c5f4157e
[req] GET /api/v1/me 200 1ms 9492edcc-9ca2-4926-a3f3-34b7d503a0f8
[req] GET /api/v1/shopping-list 200 1ms 1471b3cf-1745-4430-af65-7fcb0ca2f9b2
[req] GET /api/v1/shopping-list 200 1ms a2a4c3ce-3829-41bb-87a5-cbd18c019f29
[req] GET /api/v1/me 200 2ms 68cf9261-6715-449f-9d14-f77c67aeac68
[req] GET /api/v1/shopping-list 200 1ms fcc4f155-49af-4232-828e-73fc108bba6a
[req] GET /api/v1/me 200 1ms a5db521b-3090-4869-a108-a3146276e7a5
[req] GET /api/v1/shopping-list 200 0ms e7b1599a-961e-49da-863b-a0e182a06557
[req] GET /api/v1/me 200 1ms 71a7d870-3cc6-4b86-802e-c422376f89e8
[req] GET /api/v1/meal-planning/plans/current 200 1ms dd47a489-94ce-4043-9196-35a3171f7ef7
[req] GET /api/v1/inventory 200 1ms 28963d35-eb53-4b99-a5a4-fe2a33ee50bd
[req] GET /api/v1/recipe-discovery 200 4ms 589080ec-6a04-4d1f-bc10-c4b48cae7d78
[req] GET /api/v1/inventory 200 1ms 683992f6-c7a2-46a2-97de-bd0d12fa2f03
[req] GET /api/v1/me 200 1ms 297fe4e7-5bf3-463a-8ab0-6dfcca83d8c6
[req] GET /api/v1/me 200 2ms 242617cf-ce34-468f-a281-0d08657b0690
[req] GET /api/v1/me 200 1ms 17bfaee0-a77c-48b9-929e-32d8e23263e9
[req] PATCH /api/v1/preferences 200 1ms 2e0d19b0-26c7-455a-a44b-43a29731f224
[req] GET /api/v1/inventory 200 1ms 07391aeb-90af-4bce-84a1-029a9a1e438e
[req] GET /api/v1/recipes/thit-kho-trung 200 3ms 1894a1d0-633a-4c16-a1a6-811c51d59c88
[req] GET /api/v1/me 200 0ms d0ce5bf5-c966-4286-bd2f-94b301866a04
[req] GET /api/v1/inventory 200 0ms 53c7e8de-1bd8-4370-9ef1-faa731e496dc
[req] GET /api/v1/me 200 1ms b8d0cd33-6fc0-4359-9005-45b366cac951
[req] GET /api/v1/inventory 200 1ms b11e218d-6829-4f6c-a6d9-5669f54e3f54
[req] GET /api/v1/me 200 0ms b590f311-c14e-4fe8-a5fd-0483e7908e4d
[req] GET /api/v1/recipes/ui12-does-not-exist 404 1ms 63068dd9-be8a-43a3-98cb-5e522672fa79
[req] GET /api/v1/inventory 200 1ms 7235701b-6947-4a1c-ba45-fb242b244fd9
[req] GET /api/v1/recipe-discovery 200 4ms 366b2f5c-8f57-4897-9942-11dac72df70c
[req] GET /api/v1/me 200 1ms 22030ae9-20cd-424e-86b0-39bfd1dfc491
[req] GET /api/v1/recipe-discovery 200 4ms 95242a87-701b-46ff-afb6-f2ad814ad305
[req] GET /api/v1/recipe-discovery 200 5ms 40abd916-318a-4edf-b5c0-eaeb6d06873c
[req] GET /api/v1/me 200 0ms 6e5a6166-ec3e-4d0a-b7b8-2f1e02e27877
[req] GET /api/v1/recipe-discovery 200 2ms cb88b5a3-3a4a-4d29-80c2-1703432224e0
[req] GET /api/v1/recipes/chawanmushi 200 1ms 424bab9a-f6ee-47eb-9e0c-325125d8eff1
[req] GET /api/v1/inventory 200 1ms 858f1a63-2e92-41c4-8d68-3a719ee6f6a8
[req] GET /api/v1/recipe-discovery 200 1ms ff59f193-2a04-40a2-9a32-e670d06d44f0
[req] GET /api/v1/me 200 0ms f50c53fd-0f22-4ef6-8f28-fcd325ce2a53
[req] GET /api/v1/recipe-discovery 200 3ms 60ae992f-d80f-4d75-93bc-2f8f412116cc
[req] GET /api/v1/recipe-discovery 200 3ms ba4cf678-3e3a-4943-b22a-b59b6835d2c2
[req] GET /api/v1/me 200 1ms 741655b5-fb47-4dfe-b393-3f7f7c8dafa2
[req] GET /api/v1/recipes/thit-kho-trung 200 2ms 8c846dbf-586a-45dd-b0c3-893525846837
[req] GET /api/v1/inventory 200 0ms 482d0bc2-2ee9-4ff7-b46c-5e55885ea6a6
[req] GET /api/v1/me 200 1ms d9cdced7-e0a8-4d35-937e-0ddd0ce2bb04
[req] GET /api/v1/recipes/thit-kho-trung 200 2ms 4f86a023-ca77-4c00-864a-68a4706268b5
[req] GET /api/v1/inventory 200 1ms 2e10967d-188a-4f32-8a7b-93b5df8ac121
[req] GET /api/v1/recipes/pasta-pomodoro 200 1ms d868b1d9-51d6-47af-9c35-23dbd95584c1
[req] GET /api/v1/me 200 1ms 35b09069-9ef0-4b2c-92d8-00ea3589bd80
[req] GET /api/v1/inventory 200 1ms ee6d10ef-5c5f-4d76-b9b2-23fb06ea1f2e
[req] GET /api/v1/me 200 1ms f122748f-46e3-4334-bcb5-49f88db909d6
[req] GET /api/v1/inventory 200 1ms 49fadb90-e2b1-4e2c-8428-a658f041fc4b
[req] GET /api/v1/me 200 1ms ccccee00-c5e6-4ddc-a545-631fdce5f991
[req] GET /api/v1/inventory 200 0ms 8ded6144-0242-48c9-969d-b017e85ad91d
[req] GET /api/v1/inventory 200 0ms f0a1dfcb-650a-4087-b88f-69e8c2af4d3b
