5:13:22 AM [vite] (client) Re-optimizing dependencies because vite config has changed
Isolated security preview: Vite 5212, in-memory SQLite API 8912, external API fetch disabled; /__preview for synthetic login/reset
[req] GET /api/v1/me 200 2ms b32f5982-8adf-45da-a2b0-9e45dbcc9f8f
[req] GET /api/v1/me 200 1ms 7f688c04-7f47-4fe1-a85c-0d8f252edc51
[req] GET /api/v1/me 200 2ms 383b3b5e-12b9-40f8-b4b7-1b456a571e66
[req] PATCH /api/v1/preferences 200 2ms ac89967d-10af-4b98-90e6-5fcd40c7507b
[req] GET /api/v1/me 200 1ms 08deb45f-25de-43e3-be26-9a043c525b57
[req] GET /api/v1/recipes/thit-kho-trung 200 12ms 85350472-2459-467b-8cee-45c8eb4ecc2b
[req] GET /api/v1/inventory 200 0ms 4fff1a19-797f-4f87-86fc-b4d34230cc3b
[req] GET /api/v1/me 200 1ms 6de5efca-d979-46b2-bbc8-90495f09ed62
[req] GET /api/v1/recipes/thit-kho-trung 200 3ms 2fc0883d-8f90-448f-b165-04f1d4c22990
[req] GET /api/v1/inventory 200 1ms a8708425-7e50-45a5-9a7d-82f71cb551b7
[req] GET /api/v1/me 200 1ms 62f35bb0-a20b-45cc-b731-d0f2118755a2
[req] GET /api/v1/recipes/thit-kho-trung 200 1ms 1d98f6a7-5072-41c9-8472-661209a038e8
[req] GET /api/v1/inventory 200 0ms 6d5b83f0-b007-4eac-8a36-47fbd4effeec
[req] GET /api/v1/me 200 1ms 95eeb493-0a7c-498a-a292-c2cf6ed8f91a
[req] GET /api/v1/recipes/thit-kho-trung 200 2ms 004ea3db-8954-4a07-9a6c-0b6f5ffc039f
[req] GET /api/v1/inventory 200 1ms 70925bb5-e38e-4f3d-b2f2-3ac2f591767a
[req] GET /api/v1/me 200 0ms 86df23eb-cd9c-4a87-a2a7-db1d130cc547
[req] GET /api/v1/recipes/thit-kho-trung 200 1ms 0fde2503-6bc4-4dae-b1d0-2a104749335e
[req] GET /api/v1/inventory 200 1ms d301e9ae-2ccc-4802-a2c9-46002e56316d
[req] GET /api/v1/me 200 1ms 2df58771-2914-4f6e-bf4b-5aec7138cf16
[req] GET /api/v1/recipes/thit-kho-trung 200 3ms a5f1e0c6-1c7c-42e6-a329-dd244c769b72
[req] GET /api/v1/inventory 200 1ms 395d737d-a6da-4c42-89b0-c46783a17237
[req] GET /api/v1/me 200 1ms eb483734-6365-4021-ab25-b9426304ae73
[req] GET /api/v1/recipe-discovery 200 8ms 3f5dbfec-042b-404d-a7b1-59aca24b48e2
[req] GET /api/v1/me 200 1ms 7cbe96b3-e4a3-48c4-ac49-b723d92747b3
[req] GET /api/v1/recipe-discovery 200 5ms e635a0ee-cfe7-4641-a0b2-fc6bc3dacf26
[req] GET /api/v1/me 200 1ms fcf23f80-e006-464f-8436-319a8229adb3
[req] GET /api/v1/meal-planning/plans/current 200 2ms 0a5c5006-e126-41de-924a-de639099d013
[req] GET /api/v1/inventory 200 0ms dc9c7fea-0f8e-4360-bc7a-22c543f96206
[req] GET /api/v1/recipe-discovery 200 6ms 4419a9d6-6345-4767-8752-dff3245927ab
[req] GET /api/v1/me 200 1ms c518631f-13df-4440-a625-f4a3113a7869
[req] GET /api/v1/meal-planning/plans/current 200 1ms 1ce29c2a-dc81-4118-8c22-0026dcb70527
[req] GET /api/v1/inventory 200 1ms b89fd7cb-d234-4c72-b39e-ae226ac1fc2e
[req] GET /api/v1/recipe-discovery 200 5ms 7a272081-2d82-4a52-99f9-d0906584178c
[req] GET /api/v1/me 200 1ms 3832d7b5-5220-43ab-87b0-4ee58a5549eb
[req] GET /api/v1/me 200 0ms 30e6d730-cef3-4acb-92a3-5d4d57c34a26
[req] GET /api/v1/me 200 1ms f51d43bc-8bf5-49b7-975f-2670bca7a104
[req] PATCH /api/v1/preferences 200 1ms f1a9f403-52eb-485b-9181-d31d00c57613
[req] GET /api/v1/inventory 200 1ms 0f0116cd-a09b-44be-a339-778e032301fd
[req] GET /api/v1/recipe-discovery 200 6ms 8618435e-d689-403c-a1e0-b940f3f47f9f
[req] GET /api/v1/meal-planning/plans/current 200 0ms c10d2d98-85a3-463a-a089-d363ad55d3a4
[req] GET /api/v1/inventory 200 3ms 116aff21-d993-4ca7-b458-4805fad12d20
[req] GET /api/v1/recipe-discovery 200 6ms b2db48fa-4b2b-4a68-b5c5-f7e67fad324d
[req] GET /api/v1/me 200 0ms aee03794-cd62-4c0d-b51d-983900ec1388
[req] GET /api/v1/me 200 1ms cbb40e73-e43b-46bc-b951-125d2628ae1d
[req] GET /api/v1/me 200 1ms 7236ea53-80ad-4534-bc16-88c51d087b62
[req] GET /api/v1/me 200 0ms ce284be8-cab4-4dd2-b803-daf14f262eb7
[req] GET /api/v1/me 200 1ms 25dd9eea-964f-4ed5-bebe-aa3b500c5e1d
[req] PATCH /api/v1/preferences 200 1ms 50d9b69e-b589-44cd-8ca8-e7bbb9c44b64
[req] GET /api/v1/inventory 200 1ms 38582fde-9ff8-493e-bf09-edeac40a5e63
[req] GET /api/v1/recipe-discovery 200 4ms d9fd956d-8f6b-46a0-af28-7c91f8ccba2a
[req] GET /api/v1/meal-planning/plans/current 200 1ms bf646ce5-6c16-4569-b0e3-6feb9d0be649
[req] GET /api/v1/inventory 200 2ms 31005239-3ea9-41c7-9604-6070ce35a895
[req] GET /api/v1/recipe-discovery 200 8ms 74f38ca0-a3ac-4348-9a01-b6960ff6c705
[req] GET /api/v1/me 200 1ms 09c4d060-6143-42f5-b5f6-97067dda93b8
[req] GET /api/v1/me 200 1ms e5c0143b-aae9-4dd7-adae-36c54ecfa557
[req] GET /api/v1/me 200 1ms 5bcfe72b-869f-4864-b230-36bba5c9760e
[req] GET /api/v1/inventory/observations 200 0ms c47817c3-6637-4668-b7ae-0959722dbf19
[req] GET /api/v1/me 200 1ms f36cec8c-116a-4b4e-8bb1-4333e234c879
[req] GET /api/v1/me 200 0ms 595359c2-b2d8-4459-9b00-6d68a6ac2b96
[req] GET /api/v1/recipes/pasta-pomodoro 200 1ms 8a0907ab-b645-48fe-8a9d-bac3187f1a77
[req] GET /api/v1/inventory 200 0ms 60d76626-7f96-4cb3-9cb2-86fd04a06e09
[req] GET /api/v1/me 200 1ms 6eeb9b6b-12af-471f-b621-8877fe789a95
[req] GET /api/v1/me 200 1ms 004919cc-c761-4cf3-b716-44bc9a0b2b8c
[req] GET /api/v1/me 200 4ms ce2f01bd-50a5-4c02-a81e-b3e598f47298
[req] GET /api/v1/me 200 1ms 19cfc4f0-a597-4c42-b5cc-9f48254c2d32
[req] GET /api/v1/inventory/observations 200 1ms 4b4a0421-1a5e-43fe-9076-28514d7048a7
[req] GET /api/v1/me 200 1ms 4e3b0218-abdd-46c1-92f8-86ac7d47627d
[req] GET /api/v1/me 200 1ms 347d7244-39d3-46aa-a589-cf1825983fd5
[req] GET /api/v1/recipes/pasta-pomodoro 200 1ms 5d2376be-2180-4856-bb78-83bbbd1427f3
[req] GET /api/v1/inventory 200 1ms 70c49a80-8659-40f0-be6b-4c28196a5ee3
[req] GET /api/v1/me 200 0ms 4a3b122c-9654-4418-a06a-c58876f61fd9
[req] GET /api/v1/inventory 200 0ms 1a9b5199-9ebe-42bd-a2d7-b53cc43ea7ff
