week-320: roots5 overlap0 axe0 width320
week-setup-320: roots5 overlap0 axe0 width320
week-360: roots5 overlap0 axe0 width360
week-setup-360: roots5 overlap0 axe0 width360
week-390: roots5 overlap0 axe0 width390
week-setup-390: roots5 overlap0 axe0 width390
week-430: roots5 overlap0 axe0 width430
week-setup-430: roots5 overlap0 axe0 width430
week-768: roots7 overlap0 axe0 width768
week-setup-768: roots7 overlap0 axe0 width768
week-1024: roots7 overlap0 axe0 width1024
week-setup-1024: roots7 overlap0 axe0 width1024
week-1440: roots7 overlap0 axe0 width1440
week-setup-1440: roots7 overlap0 axe0 width1440
week-320-844-text2: roots5 overlap0 axe0 width320
week-setup-320-844-text2: roots5 overlap0 axe0 width320
week-768-844-text2: roots7 overlap0 axe0 width768
week-setup-768-844-text2: roots7 overlap0 axe0 width768
week-390-420: roots5 overlap0 axe0 width390
week-setup-390-420: roots5 overlap0 axe0 width390
week-768-420: roots7 overlap0 axe0 width768
week-setup-768-420: roots7 overlap0 axe0 width768
week-320-420-text2: roots5 overlap0 axe0 width320
week-setup-320-420-text2: roots5 overlap0 axe0 width320
PASS 24 snapshots / 1 journeys
