WebSocket server error: Port 24678 is already in use
UI14 production-build preview http://127.0.0.1:5217; gzip/cache local policy, synthetic SQLite, external Worker fetch blocked; /Users/tunbee27/Documents/Tako-san-ui-rebuild/.artifacts/ui14/after-build/client
[req] GET /api/v1/me 200 2ms ab3ddb1d-7df6-41ee-a88a-03c81c6f91b8
[req] PATCH /api/v1/preferences 200 1ms 3d6f7a7d-55b9-461a-9e59-44f32e8a6644
[req] GET /api/v1/inventory 200 1ms f9cbd820-e1f9-4692-972a-baa6814bf635
[req] GET /api/v1/me 200 1ms 180ef793-283e-4b45-b8ef-84b5a423556b
[req] GET /api/v1/week/current 200 1ms b4eeb745-0250-4ad9-8499-35c9f455b485
[req] GET /api/v1/inventory 200 1ms 652575fb-15e7-4f30-b18e-59ef4b6b2f85
[req] GET /api/v1/recipe-discovery 200 26ms 70dd5a61-2073-42f8-8b6c-0d0286ee5ab4
[req] GET /api/v1/me 200 1ms c6f1da81-670a-44e0-9987-1af7e0235f44
[req] GET /api/v1/week/current 200 1ms cdc57b7e-b5a4-43c8-9bb4-91114c7a309b
[req] GET /api/v1/inventory 200 0ms 372d2a0d-c537-439a-bc23-66c617cd3886
[req] GET /api/v1/recipe-discovery 200 3ms 072587d0-1986-47cb-a143-5f7307ddced0
[req] GET /api/v1/inventory 200 0ms 3e922e2c-7b25-4db4-8568-c9958d90c4c6
[req] GET /api/v1/me 200 0ms 5ee0d055-51da-4b69-bc4e-270fc1fffb1c
[req] PATCH /api/v1/preferences 200 0ms 2b0aea29-34b9-48e6-8062-a3f4902b8d77
[req] GET /api/v1/inventory 200 1ms 1989b7ab-382c-44f9-9675-9243884b87ba
[req] GET /api/v1/me 200 0ms e89b92ce-b861-47bb-a810-5e2a02de0bde
[req] GET /api/v1/recipe-discovery 200 3ms b4b26baf-9c49-4a1d-bffb-be9b417afc71
[req] GET /api/v1/me 200 1ms af42aa85-5ac6-4770-a437-89ed5fb77594
[req] GET /api/v1/recipe-discovery 200 2ms 87693387-25db-444a-a569-98a5c68e0210
[req] GET /api/v1/inventory 200 0ms 0d3c3d73-2d20-460e-9fd4-3be40fc6e385
[req] GET /api/v1/me 200 1ms d13af3cd-c2f4-46ab-b446-6bd68ad3da82
[req] PATCH /api/v1/preferences 200 1ms 2995b68f-4f31-4076-8fd9-55e5dcd7968f
[req] GET /api/v1/inventory 200 0ms a7bb9c5c-0f96-472c-ac94-a2c6f5c2c7b1
[req] GET /api/v1/me 200 1ms f224681c-8385-41b4-951e-bf53df86effe
[req] GET /api/v1/recipes/kimchi-fried-rice 200 1ms fac20187-6a3d-4942-b2e2-b243e6635c5a
[req] GET /api/v1/inventory 200 1ms 19a1d3af-2904-484b-86aa-7e271a353c8f
[req] GET /api/v1/me 200 0ms 0f20e775-a13f-4fbc-a685-bc9bb347691e
[req] GET /api/v1/recipes/kimchi-fried-rice 200 1ms 9ada9eb8-a5e4-45fc-a4ad-012663540434
[req] GET /api/v1/inventory 200 1ms f7c6739e-8c89-43cb-a7e3-72589ff3c5cd
[req] GET /api/v1/inventory 200 1ms 2b82a602-c3b3-4585-a7f7-dbb07373e408
[req] GET /api/v1/me 200 1ms 9a1d2038-acf1-494e-9460-118f8bd15cc5
[req] PATCH /api/v1/preferences 200 0ms f652adea-19d0-4728-a27e-3080997b5735
[req] GET /api/v1/inventory 200 0ms ba7cd287-81bf-4239-a50e-a08adb3b0178
[req] GET /api/v1/me 200 0ms b77af21b-b989-4c29-967b-ca068163a991
[req] GET /api/v1/week/current 200 1ms bc6c4ef6-d440-442f-ab06-b56156b18849
[req] GET /api/v1/inventory 200 0ms e7008bd2-afd5-45b3-8cc5-3a37a92539fa
[req] GET /api/v1/recipe-discovery 200 2ms 44f8ecaa-dfde-4669-adf3-e18d5bf98c7f
[req] GET /api/v1/me 200 1ms 46810798-140b-408c-b725-f1473c57627b
[req] GET /api/v1/week/current 200 0ms 50e653ab-283e-4220-827e-d332df55d5eb
[req] GET /api/v1/inventory 200 0ms dd2abb04-b1d7-4182-ab95-1a055dd92dc8
[req] GET /api/v1/recipe-discovery 200 2ms 9a703c5e-e949-4b28-98bd-751c869904ac
[req] GET /api/v1/inventory 200 0ms d508f076-c887-489b-bb81-73f68d43ef46
[req] GET /api/v1/me 200 4ms 713acd10-3e17-43a2-9dfe-cad6a38a4e00
[req] PATCH /api/v1/preferences 200 3ms 0d64c5ca-46d6-42e4-9454-16f6ade58b8e
[req] GET /api/v1/inventory 200 0ms a24c8f7d-a82e-4ede-a21e-dea3278ecf4a
[req] GET /api/v1/me 200 1ms 4c024e81-0319-4074-89a5-97d278c1705d
[req] GET /api/v1/recipe-discovery 200 3ms 61586a07-05e4-47f1-8304-7ea558a77fe7
[req] GET /api/v1/me 200 1ms 922e26ac-bd88-4822-8607-5b33ffe9bbd3
[req] GET /api/v1/recipe-discovery 200 6ms 2b0251d0-0462-4ab3-b806-24e60e6c8315
[req] GET /api/v1/inventory 200 1ms 46e4a0ad-b2e5-47cc-a8a2-0d1024c00f6c
[req] GET /api/v1/me 200 0ms 211e84ff-efaf-4821-98aa-1d78748f9038
[req] PATCH /api/v1/preferences 200 1ms 4aad2dfc-7299-4eea-b027-b57781d1f7fb
[req] GET /api/v1/inventory 200 0ms 4ea34dfb-063c-4cde-92e6-f290e6ab61de
[req] GET /api/v1/me 200 1ms 27026f0c-a15d-4bac-bcb1-2a5522e33c71
[req] GET /api/v1/recipes/kimchi-fried-rice 200 2ms 361e4a1f-49e8-457b-9a4c-b9f35251f283
[req] GET /api/v1/inventory 200 0ms 44dd754e-3d96-496a-8f5b-0fd74b87599e
[req] GET /api/v1/me 200 0ms 2cecdf53-4452-4c92-b48b-a2d2201e5c8c
[req] GET /api/v1/recipes/kimchi-fried-rice 200 1ms 191ba72a-d1d2-4a41-af8f-1808db0aca56
[req] GET /api/v1/inventory 200 1ms 35057346-df81-490c-958a-2db044971426
[req] GET /api/v1/inventory 200 1ms 0332503b-392a-459d-a920-f3cc2433cd90
[req] GET /api/v1/me 200 1ms 2911d0b0-7013-47d9-aa54-2a3184c12601
[req] PATCH /api/v1/preferences 200 1ms 17c1551f-3c2d-44c2-978a-1e49a27ca934
[req] GET /api/v1/inventory 200 0ms ac08863f-052c-4ff3-bf21-f4b63e6c5e6e
[req] GET /api/v1/me 200 0ms 52cee6a3-5f9a-4e13-b82c-eec753258aaf
[req] GET /api/v1/week/current 200 0ms de329eba-d64e-4849-bed9-a39dab61fefd
[req] GET /api/v1/inventory 200 0ms a765e19a-0666-411e-8b79-140a0e113f89
[req] GET /api/v1/recipe-discovery 200 4ms 54d21823-d6f1-4450-8d2a-282863d27baa
[req] GET /api/v1/me 200 1ms 43104b45-c2fb-4380-8f07-b9cb03d7f26d
[req] GET /api/v1/week/current 200 0ms 7b7d61ed-cc4b-4deb-9d2f-0b6707b043ce
[req] GET /api/v1/inventory 200 1ms d5f7e7cc-dd28-408b-b71b-56fb549d149a
[req] GET /api/v1/recipe-discovery 200 3ms 59ef8130-200a-4c0c-94d6-b3384c327620
[req] GET /api/v1/inventory 200 1ms 3439af18-01f3-49c6-8713-a51b99332b25
[req] GET /api/v1/me 200 1ms 7d3968d6-5036-476b-87a7-eb6915e43174
[req] PATCH /api/v1/preferences 200 1ms faf031d5-60ad-4cf2-9256-d7216a3b06d8
[req] GET /api/v1/inventory 200 1ms 20d3abf9-5105-42cf-853c-a65849b340ba
[req] GET /api/v1/me 200 1ms a8231140-0a4a-40cd-8c33-fd12d80a19fe
[req] GET /api/v1/recipe-discovery 200 3ms 901a9776-803f-465e-8589-996f1a285870
[req] GET /api/v1/me 200 1ms b5296ca7-6d68-49a9-b8fb-ab2597aa1a72
[req] GET /api/v1/recipe-discovery 200 4ms fb3d96d4-b6e8-4585-91c4-03ddf10fd1a9
[req] GET /api/v1/inventory 200 0ms 9165ef59-8f39-48c4-97cf-6c7d8c5aa691
[req] GET /api/v1/me 200 0ms 9416e59f-fdbb-4386-bff9-ceb398234107
[req] PATCH /api/v1/preferences 200 0ms 32fcb401-5804-4f9f-88cd-2caa2f65c7c6
[req] GET /api/v1/inventory 200 1ms d07b095e-d1e8-427d-a497-bd87637fa218
[req] GET /api/v1/me 200 1ms f7a27124-54f9-4052-aa48-ea18de293329
[req] GET /api/v1/recipes/kimchi-fried-rice 200 3ms 7c608ccf-0062-4cef-a92f-bbf05728e941
[req] GET /api/v1/inventory 200 0ms 4be4f55a-415b-4bc4-b1ee-2f01f11c5d92
[req] GET /api/v1/me 200 0ms 6aa8029b-8eee-4da7-b66d-cb6a518f1575
[req] GET /api/v1/recipes/kimchi-fried-rice 200 2ms d2884a98-4778-4626-89a6-36523aabf654
[req] GET /api/v1/inventory 200 0ms 07b3f9c6-96fe-4150-affe-61b70b2d25fe
[req] GET /api/v1/inventory 200 0ms fad5d913-e755-4544-82d3-d7e939f5ef2d
[req] GET /api/v1/me 200 1ms 59ff6214-4837-4fc5-a628-2d81c93502d3
[req] PATCH /api/v1/preferences 200 1ms af6a51f3-23c9-42c3-9c20-b021b24d178c
[req] GET /api/v1/inventory 200 1ms c4dc3009-33bc-49a0-bd81-5f5d0863ad1d
[req] GET /api/v1/me 200 1ms 9bfcab0b-6b11-406f-aa63-7e4948e203c6
[req] GET /api/v1/week/current 200 1ms f8a9090b-8d92-42a8-a75c-d45c283c5647
[req] GET /api/v1/inventory 200 0ms 680461b2-2507-4302-9e18-85fa4162637f
[req] GET /api/v1/recipe-discovery 200 3ms 6a42c335-9fb3-40f5-8bbd-1002accceb12
[req] GET /api/v1/recipe-discovery 200 3ms 25d1511b-7f45-4d25-a18f-d62b0ac7505f
[req] GET /api/v1/recipes/kimchi-fried-rice 200 1ms 6a62386c-bbad-448c-b5a8-782ed7337955
[req] GET /api/v1/inventory 200 0ms 359f61a3-99a1-40b1-9c40-ce974c376960
[req] GET /api/v1/inventory 200 1ms f37cf0a7-93f5-4a0d-8b29-d1a1a97180b8
[req] GET /api/v1/me 200 1ms 1d63fbaf-992d-49c9-86dc-5697e0383f01
[req] PATCH /api/v1/preferences 200 1ms fc26915e-7611-44b4-933e-11a5a5f4b2b7
[req] GET /api/v1/inventory 200 1ms e5bf6380-54aa-454f-86d4-32c838bbc9a6
[req] GET /api/v1/me 200 1ms 7e413f28-6808-4364-af23-f32113d5db1d
[req] GET /api/v1/week/current 200 1ms 0458baa0-1a44-4b72-b86f-23158adb87b4
[req] GET /api/v1/inventory 200 0ms d0b4d839-0bad-47d5-a243-aebe1738788e
[req] GET /api/v1/recipe-discovery 200 3ms 0768eccd-b2b9-4dd8-ac38-1f2c8cfa4c41
[req] GET /api/v1/me 200 1ms 1bb27f24-c664-4a68-9de8-b188b5c2ef3c
[req] GET /api/v1/recipe-discovery 200 3ms 01795c9c-eb20-4aef-9b40-589f9dae1d1f
[req] GET /api/v1/me 200 0ms 5160be64-8b75-4140-b55b-68fc359d4979
[req] GET /api/v1/recipes/kimchi-fried-rice 200 1ms 72f1076c-3dab-496c-9d01-bce47aff697c
[req] GET /api/v1/inventory 200 2ms 5d50cc5c-f435-4ef9-b453-e58a7399ab3e
[req] GET /api/v1/me 200 1ms f0b4f77d-5436-4965-a265-cbaad0e4d0dc
[req] GET /api/v1/week/current 200 1ms 15101ca5-122e-4bd2-ac8f-b0aa0b966ec3
[req] GET /api/v1/inventory 200 1ms b04cd886-3748-4966-abef-bff088bc6977
[req] GET /api/v1/recipe-discovery 200 4ms 90b8f898-12e8-4277-84df-99e8e0e49107
[req] GET /api/v1/me 200 1ms 276f4b0f-986a-4734-bca1-cbcdcd9438e5
[req] GET /api/v1/recipe-discovery 200 3ms 648ee0b9-c041-45d8-bf24-4181c352c95b
[req] GET /api/v1/me 200 1ms 2947c2fd-da66-445b-bf05-24b34f04b267
[req] GET /api/v1/recipes/kimchi-fried-rice 200 1ms 7ad2117a-1235-4ec2-8984-bed0944abf53
[req] GET /api/v1/inventory 200 0ms 16ae78b0-0c70-4ccc-9b68-78e711a89003
[req] GET /api/v1/me 200 1ms d9310a84-35e7-4358-8574-a7163bda5af4
[req] GET /api/v1/week/current 200 0ms 87c92c26-89ad-436d-8345-2d9ab40083a5
[req] GET /api/v1/inventory 200 0ms 67d34007-402f-4ade-b092-aeab3784e3e4
[req] GET /api/v1/recipe-discovery 200 4ms 9e2f995d-ba53-41c8-ae7e-a6ee521cad64
[req] GET /api/v1/me 200 0ms 75e36d02-3da4-43af-a75e-bdcceeefba69
[req] GET /api/v1/recipe-discovery 200 3ms 618abec3-5b68-4692-bd6c-9fdadaccb794
[req] GET /api/v1/me 200 0ms 9752fcf5-c829-4bd4-88d6-6efdf78bf3f5
[req] GET /api/v1/recipes/kimchi-fried-rice 200 2ms 59a42ccf-0964-4b16-9d8a-e8d26b8f7996
[req] GET /api/v1/inventory 200 1ms 90555b82-8d71-45e0-a474-48e78f4747d9
[req] GET /api/v1/me 200 0ms df06665b-ebd5-43ab-9f0b-acfe19129038
[req] GET /api/v1/week/current 200 0ms 383ee002-e134-41bb-9b6e-76ad776c6249
[req] GET /api/v1/inventory 200 0ms 03f69665-db3e-4dc7-b8d5-fb0450d47737
[req] GET /api/v1/recipe-discovery 200 4ms 836b0add-0d4b-456a-a1fe-c7cf16426ab7
[req] GET /api/v1/me 200 0ms 3d4a720e-c2e5-44da-ad4e-564ec86d3c8b
[req] GET /api/v1/recipe-discovery 200 7ms 1b7ea007-42ad-42fd-8c69-9229fb93b91e
[req] GET /api/v1/me 200 2ms aca84038-74ed-4907-9319-ec79ad42981f
[req] GET /api/v1/recipes/kimchi-fried-rice 200 1ms ffc55fbf-50dd-4c06-8a00-faffb623d017
[req] GET /api/v1/inventory 200 1ms ae0b34bd-a4a5-492b-a981-80748735b300
[req] GET /api/v1/me 200 0ms 3a5015e3-71aa-4252-a0ce-b0a71c9f8348
[req] GET /api/v1/week/current 200 1ms 32dc010f-756b-4e11-be48-32223d12b30a
[req] GET /api/v1/inventory 200 0ms 7afa1177-8bea-420e-a4f8-b3bc2479cc3b
[req] GET /api/v1/recipe-discovery 200 4ms 5a8d5fc4-93d2-485c-9411-3b1a2c86bf3a
[req] GET /api/v1/me 200 0ms 404704d4-a9ca-47da-8c66-49a9f80e5b23
[req] GET /api/v1/recipe-discovery 200 2ms f0573bd1-9dff-4a71-9274-b3937ba4f7c5
[req] GET /api/v1/me 200 0ms b6f4851a-173e-4f6b-b883-e7b0f838e032
[req] GET /api/v1/recipes/kimchi-fried-rice 200 1ms 5f35feb2-312a-4a37-b68a-f27ccaaac791
[req] GET /api/v1/inventory 200 1ms 114c31d5-2b38-4a3b-b52d-7c6f4ab602e7
[req] GET /api/v1/me 200 0ms 879e516a-8d02-43af-a003-00c965ccbae6
[req] GET /api/v1/week/current 200 1ms e5f05a71-ffb2-4760-9904-51bf22407eb9
[req] GET /api/v1/inventory 200 0ms f78c5fd3-2513-4a50-9544-2d7982181536
[req] GET /api/v1/recipe-discovery 200 3ms d47724bf-109d-4834-9082-de5f168732d1
[req] GET /api/v1/me 200 1ms 84511027-1bae-40f7-b2db-bd8457272062
[req] GET /api/v1/recipe-discovery 200 3ms dd7097a3-b584-4024-8f7a-3f7502f96465
[req] GET /api/v1/me 200 1ms 09600a11-0ea1-4056-b49b-87cc0840bb8a
[req] GET /api/v1/recipes/kimchi-fried-rice 200 1ms 6d89a9f0-36ab-4ede-b5de-0df9544b9c48
[req] GET /api/v1/inventory 200 0ms 0d3ec6b4-6532-4f45-ba80-925956aad854
[req] GET /api/v1/me 200 0ms 1dfdd2cc-d104-4cc1-8f86-cdfaf1b7437b
[req] GET /api/v1/week/current 200 1ms 38b11431-5601-4def-a478-53fd137b6c05
[req] GET /api/v1/inventory 200 1ms 20fcbca6-7204-431e-b103-e46904678804
[req] GET /api/v1/recipe-discovery 200 2ms 83ad7267-9531-46c3-8336-fc10a25deba2
[req] GET /api/v1/me 200 0ms 33f7b4c6-edff-46ec-ab49-c5bec760e6f7
[req] GET /api/v1/recipe-discovery 200 4ms 8ae33a6a-8f04-4e37-a562-58aa1abc5033
[req] GET /api/v1/me 200 1ms 35bf5909-e493-4106-b57a-d12bdab7b864
[req] GET /api/v1/recipes/kimchi-fried-rice 200 1ms 206b074f-324f-4843-b9ea-a8208e48d628
[req] GET /api/v1/inventory 200 1ms 29425a19-0c49-4b9d-8142-3011198f1137
[req] GET /api/v1/me 200 1ms d4c4985f-e839-4af3-9ce7-a540eb40dde5
[req] GET /api/v1/week/current 200 0ms b0b23cad-7d3a-4b7b-961c-37e1e2ed577f
[req] GET /api/v1/inventory 200 0ms 8ad2d347-893c-46d2-bffb-6912e2d458d7
[req] GET /api/v1/recipe-discovery 200 2ms b8f1f130-501b-4600-b611-d558b9edea5e
[req] GET /api/v1/me 200 1ms 4bef9234-4dfb-405f-a2c0-eb751c24ef3f
[req] GET /api/v1/recipe-discovery 200 2ms a1483657-9936-433b-a907-150531094adf
[req] GET /api/v1/me 200 0ms e7a4140a-06e5-4787-9f04-b79fb0bbf13d
[req] GET /api/v1/recipes/kimchi-fried-rice 200 1ms 4938272b-af6d-45eb-b17f-fe4323d2fc2a
[req] GET /api/v1/inventory 200 1ms 2d2657d7-d16f-4f90-901d-fec7a919508d
[req] GET /api/v1/me 200 0ms 1867d772-9bc5-4a04-b809-046f015289a1
[req] GET /api/v1/week/current 200 0ms e36364b5-cb2d-4b6e-aed0-85db8afc1a49
[req] GET /api/v1/inventory 200 2ms ba0e826f-3afa-4b69-adf2-14d1101adbea
[req] GET /api/v1/recipe-discovery 200 6ms 89d77a3b-5b69-4bbb-b1ed-7fd77f5932f7
[req] GET /api/v1/me 200 1ms 38bcbd64-b9d4-4a30-9e14-32554308e468
[req] GET /api/v1/recipe-discovery 200 2ms 733967fd-acd2-4c6f-b720-4a63cadbf9db
[req] GET /api/v1/me 200 4ms 0f8a8d0d-87d6-428f-83f3-6b46de3dc539
[req] GET /api/v1/recipes/kimchi-fried-rice 200 1ms 3ca9939b-a08d-4894-93cc-692e648b3aeb
[req] GET /api/v1/inventory 200 1ms 3ab7ac42-e43e-42b1-bf33-36463b463820
[req] GET /api/v1/me 200 0ms f31cf145-2491-43b6-9028-91cd5c7a563a
[req] GET /api/v1/week/current 200 1ms ccdbf0c5-405b-434f-ab2d-580ef070fcd2
[req] GET /api/v1/inventory 200 1ms 4da557bd-87ec-44d0-b5c3-f0714e686e64
[req] GET /api/v1/recipe-discovery 200 4ms a550c883-91a2-4091-a9a0-1b452691e327
[req] GET /api/v1/me 200 1ms e208dc59-b78b-4969-81d8-265b67df8795
[req] GET /api/v1/recipe-discovery 200 2ms ad4daa85-2df6-41a2-8764-1cf223346d72
[req] GET /api/v1/me 200 1ms 59c6e607-78fe-4047-926d-496a7632b715
[req] GET /api/v1/recipes/kimchi-fried-rice 200 1ms 7a516cd4-8abc-4858-81f8-978a5dee448f
[req] GET /api/v1/inventory 200 1ms 9116fcb8-d341-4c3d-8145-530e7315b4c5
[req] GET /api/v1/me 200 0ms cdd5cb0f-6cd0-414d-9057-5da13b410c21
[req] GET /api/v1/week/current 200 0ms 2a0ca7be-f1e5-415d-8378-f6b21902ba74
[req] GET /api/v1/inventory 200 1ms a90e5ee9-465f-43d3-9af6-3dbd6f21473b
[req] GET /api/v1/recipe-discovery 200 2ms 94e81bc3-bacb-4a1c-8f15-998f9503e0b5
[req] GET /api/v1/me 200 1ms 2a3a0a3d-3311-4c75-865f-ec5e16895882
[req] GET /api/v1/recipe-discovery 200 3ms df1390b4-699a-409a-a12a-1809040b5bf6
[req] GET /api/v1/me 200 1ms 9ddfb324-7bf9-4e63-95a3-083a63e8222b
[req] GET /api/v1/recipes/kimchi-fried-rice 200 1ms 3a9432a8-b7a9-4b47-b723-98ca7d72f711
[req] GET /api/v1/inventory 200 1ms 8131ed12-f17c-49e5-9e2d-9ef1eed76087
[req] GET /api/v1/me 200 1ms 0c791fc1-6170-4140-bd95-871effe5aaf3
[req] GET /api/v1/week/current 200 1ms 73ee37f3-3801-427f-9a20-effe267dff8d
[req] GET /api/v1/inventory 200 0ms 87f5c144-9fdc-400b-a983-7a069d8e580e
[req] GET /api/v1/recipe-discovery 200 3ms b041f71a-7da5-4447-a360-ed68a153849b
[req] GET /api/v1/me 200 0ms 558df780-034b-48c5-ab13-97dcbd705dd6
[req] GET /api/v1/recipe-discovery 200 3ms 6b591f2c-b736-4ac4-9a5b-9c8079491ebf
[req] GET /api/v1/me 200 0ms a67c0137-d24c-42ba-a974-fc879eeaddf6
[req] GET /api/v1/recipes/kimchi-fried-rice 200 0ms 895b1d84-8d0f-4531-80bc-24570b08bbb8
[req] GET /api/v1/inventory 200 0ms 699178ca-d034-4560-a9ee-23a829b55b00
[req] GET /api/v1/me 200 1ms 2bb66092-f50e-44f8-93da-c659e6fd4f89
[req] GET /api/v1/recipes/kimchi-fried-rice 200 1ms 2099a95e-7aff-43c9-b22c-9464d67edfbd
[req] GET /api/v1/inventory 200 0ms c22265a9-bd99-4bc8-9383-09a9408c1b22
[req] GET /api/v1/me 200 0ms dd7ee0fd-7224-46ee-a4de-bbb3a04a7745
[req] GET /api/v1/recipes/kimchi-fried-rice 200 1ms 1aa24944-0621-4b60-8f70-0fa41b7b84b2
[req] GET /api/v1/inventory 200 0ms 520d1e7c-b050-4eeb-a55b-41ddb574bad4
[req] GET /api/v1/me 200 1ms 7b62bb65-c591-4d9e-a51c-685b9b0fd5a1
[req] GET /api/v1/recipes/kimchi-fried-rice 200 1ms f99f38e6-5151-403e-a954-45c2b4ddf7e5
[req] GET /api/v1/inventory 200 0ms b04e66ed-8bd4-4b9d-b712-44a4383d1623
[req] GET /api/v1/me 200 2ms 0769f98b-4888-47cb-889e-7546ecb953a9
[req] GET /api/v1/recipes/kimchi-fried-rice 200 0ms 5a5457a0-4e62-4b9f-ab9a-d0748b3596b2
[req] GET /api/v1/inventory 200 0ms 510eda95-7132-41e9-9c30-71b78d12f49c
[req] GET /api/v1/me 200 1ms b8698720-4a20-435f-9116-42a5f926c261
[req] GET /api/v1/recipes/kimchi-fried-rice 200 1ms e05c88b8-22d4-4461-96d6-94052aa9e099
[req] GET /api/v1/inventory 200 1ms bb2463f2-822d-484c-86d8-ba1eadb2c913
[req] GET /api/v1/me 200 1ms d59396fb-af47-4232-a087-a0fe2904a47b
[req] GET /api/v1/recipes/kimchi-fried-rice 200 1ms e0ace182-e510-4a03-a654-fe07cf84b973
[req] GET /api/v1/inventory 200 0ms b4cc9d48-e663-48d8-93a3-be1db5dd4b68
[req] GET /api/v1/me 200 0ms c0669963-f317-4878-b251-fe255daf669e
[req] GET /api/v1/inventory 200 1ms 92849380-7c67-4bea-bd67-468c631af27c
[req] GET /api/v1/me 200 1ms b6da5bb4-2e7b-4cf9-924b-c8a68167c271
[req] GET /api/v1/week/current 200 0ms 4a4191cd-6533-4e7d-938d-f5f92cc13b66
[req] GET /api/v1/me 200 1ms cd5c6297-dd34-46d3-a7fa-f34028910fe9
[req] GET /api/v1/shopping-list 200 1ms 46c9f46d-a99c-4ced-acb8-918a85eb4565
[req] GET /api/v1/me 200 1ms 825baa68-6560-49c1-af48-1bb136e81f65
[req] GET /api/v1/me 200 1ms 03214955-5b0e-489d-995c-c1f9f29dc8ee
[req] GET /api/v1/me 200 1ms 8dcb8e51-8e58-4668-9b5f-f9b6f666c09e
[req] GET /api/v1/recipes/kimchi-fried-rice 200 1ms 30f75ded-012d-4afe-8774-31fbfe6d3319
[req] GET /api/v1/inventory 200 1ms b08bc789-5993-418b-a836-cecd7fcdd8fa
[req] GET /api/v1/me 200 1ms 4ce6fbd5-7111-41a0-82c0-efb93545be6e
[req] GET /api/v1/week/current 200 0ms 9de07cb1-b02c-4f76-8385-870ba04efcdd
[req] GET /api/v1/inventory 200 0ms 7d7a39ba-a70a-486c-8b17-67b7f0e9767b
[req] GET /api/v1/recipe-discovery 200 3ms 442f8919-6db4-4c8e-b5b3-2381963ad346
[req] GET /api/v1/me 200 0ms 11c5ae18-5f5f-4153-a5c6-2ed1bafd0abf
[req] GET /api/v1/recipe-discovery 200 2ms 3bc144f9-d26f-4bb2-a504-ce9caf6078ef
[req] GET /api/v1/recipe-discovery 200 6ms ff31981f-d1ce-41b9-a61c-a8a3d8911bb1
[req] GET /api/v1/me 200 1ms bb5a19d7-5ede-49d1-9cb3-12e3cb3cb311
[req] PATCH /api/v1/preferences 200 1ms c5f93a75-8a19-41a8-9133-0a46883ca13a
[req] GET /api/v1/inventory 200 1ms bb2d3cbf-d27a-4efd-bb11-0c8d4b3bb068
[req] GET /api/v1/me 200 1ms ba363dd2-884c-47f3-a337-eea37ecec24c
[req] GET /api/v1/week/current 200 1ms 4fc598af-998a-4634-8881-2a80ca5b87bf
[req] GET /api/v1/inventory 200 1ms 2f77fb92-7d31-4604-a29f-d9ad6a2b5ee2
[req] GET /api/v1/recipe-discovery 200 6ms a3b1cc40-d60b-4af3-a154-c59517d004cb
[req] GET /api/v1/me 200 1ms fc556da3-b191-4c74-9067-d8c704baee30
[req] GET /api/v1/recipe-discovery 200 5ms fe4548fd-d353-4408-9392-7ed70e7241d9
[req] GET /api/v1/me 200 0ms 720f4213-3413-4d75-9acf-8d3a5dffa617
[req] GET /api/v1/recipes/kimchi-fried-rice 200 4ms 7721222a-9f24-4d33-8905-3c344e1f9f89
[req] GET /api/v1/inventory 200 1ms 9b7320a7-e3c1-46ad-b69e-975548377a82
[req] GET /api/v1/me 200 1ms e8db3689-5cd8-432a-9ae4-73969bf4d242
[req] GET /api/v1/week/current 200 1ms c886253d-1287-41b4-a23b-6f90c8c13aac
[req] GET /api/v1/inventory 200 1ms e4ea3cef-2343-43d9-90ac-d3a6dd27a037
[req] GET /api/v1/recipe-discovery 200 6ms 0e2680d0-964c-445b-8576-bc004f41f1d2
[req] GET /api/v1/me 200 1ms a1616f85-c210-429e-b25c-74598dc86b07
[req] GET /api/v1/recipe-discovery 200 4ms 1b338c38-80ce-4722-8978-9ee4e12d7b42
[req] GET /api/v1/me 200 1ms 670fbf51-0c9b-4abe-a293-ce5bb3c35a2b
[req] GET /api/v1/recipes/kimchi-fried-rice 200 1ms ed5105a6-ca0b-4e29-9e30-a08aa53b4c19
[req] GET /api/v1/inventory 200 1ms 9ea8d2cd-cf95-451d-9d53-44512da2dac8
[req] GET /api/v1/me 200 0ms 8fa8dcbd-2022-44c1-85e9-1cf7231287ef
[req] GET /api/v1/week/current 200 0ms 9e835d35-fb51-47cc-a9c1-00e39d1db401
[req] GET /api/v1/inventory 200 1ms 65a3dc50-fbad-42c1-9753-cd830434292d
[req] GET /api/v1/recipe-discovery 200 3ms 70b82a0c-8226-4361-a945-f6dfd31d67f9
[req] GET /api/v1/me 200 1ms 47a54977-efc3-4ba7-9ec0-93650ae3fef1
[req] GET /api/v1/recipe-discovery 200 3ms 3be3a8e4-1cd5-4558-8331-c0a28701fb4a
[req] GET /api/v1/me 200 0ms 1a8c2f3e-b298-44b4-8994-bbfd2cdf5cfc
[req] GET /api/v1/recipes/kimchi-fried-rice 200 1ms 1ba35585-444b-49f6-99b2-059c9e84621d
[req] GET /api/v1/inventory 200 0ms 47ceb6b4-3657-4d5c-a309-487f11f1bfa7
[req] GET /api/v1/me 200 1ms 532afcc6-9dd2-46c0-899c-38cdc5aa6492
[req] GET /api/v1/week/current 200 1ms d72015bc-d84c-4f60-97fd-1ecd20e6ebaf
[req] GET /api/v1/inventory 200 1ms f4c8cef7-9c81-4bc6-a1fe-4d1fb7b6d87b
[req] GET /api/v1/recipe-discovery 200 4ms 6d5a7c90-8fc3-4632-adb8-93339205be9a
[req] GET /api/v1/me 200 0ms 832fb045-66cc-4e20-8699-7a938b46562e
[req] GET /api/v1/recipe-discovery 200 5ms b4e13ff5-7bc7-4d39-8ff0-47670b5a0e0c
[req] GET /api/v1/me 200 1ms b618097a-63fd-49ab-91ad-06dd4b345e1a
[req] GET /api/v1/recipes/kimchi-fried-rice 200 1ms d32d1f21-ff0c-48ed-a64e-c4d45a4bf009
[req] GET /api/v1/inventory 200 1ms 0dfcf741-1ee1-43b4-a86e-3b511c4e84b8
[req] GET /api/v1/me 200 1ms 781f38ad-0663-4a23-ad48-95414a8db5ee
[req] GET /api/v1/week/current 200 0ms 1de0e189-ada6-4b17-a179-06202eb0da88
[req] GET /api/v1/inventory 200 0ms 360b1beb-227a-4d29-aebb-55186f406ce3
[req] GET /api/v1/recipe-discovery 200 3ms f360326c-507a-45ba-8bb5-dc8e87e95e13
[req] GET /api/v1/me 200 1ms 849767d3-a7a2-460c-b084-5cbe5343994e
[req] GET /api/v1/recipe-discovery 200 4ms 6990e9b2-d98a-4d20-8a5e-809b5321c25e
[req] GET /api/v1/me 200 1ms 9e7e7dcb-f2b4-4245-b007-beca32e89edd
[req] GET /api/v1/recipes/kimchi-fried-rice 200 1ms 460f169f-88c1-41d4-ae2f-63787c98092f
[req] GET /api/v1/inventory 200 1ms c03851f0-c809-460c-a9c7-272ee2f20875
[req] GET /api/v1/me 200 1ms 32ebebbf-6294-4589-9d53-65d58397e711
[req] GET /api/v1/week/current 200 1ms e378426d-a5cd-4f15-89ef-93eee20972fa
[req] GET /api/v1/inventory 200 1ms 0cec17c1-1544-4959-8fa7-176e5f111a73
[req] GET /api/v1/recipe-discovery 200 5ms 9b30bb35-93b4-46be-9995-822c32fadf98
[req] GET /api/v1/me 200 1ms 411b3d21-84f4-411d-9b18-3c028efb0b71
[req] GET /api/v1/recipe-discovery 200 3ms 96ba3ace-9fd5-4444-ae14-6b52f9eb3ffd
[req] GET /api/v1/me 200 0ms 3c8ec616-6e8c-4b0c-910e-854b211907a0
[req] GET /api/v1/recipes/kimchi-fried-rice 200 1ms d2913808-0924-451c-bd33-6381cf7cbebb
[req] GET /api/v1/inventory 200 1ms 3794f7a6-13e6-47db-9c98-3b962530e93b
[req] GET /api/v1/me 200 0ms c948555d-2135-4db3-92cb-09718cef72d5
[req] GET /api/v1/week/current 200 0ms 31c57599-60cf-486b-827c-989ccf8c5350
[req] GET /api/v1/inventory 200 0ms a8bcddc9-c70d-44f1-b949-c344a3ca4c2c
[req] GET /api/v1/recipe-discovery 200 3ms 2d35100e-e9fd-491f-b604-317265ad5790
[req] GET /api/v1/me 200 1ms df3fc309-b420-4c09-89d5-ffe9e74ab909
[req] GET /api/v1/recipe-discovery 200 3ms 5e155432-2f5f-4e88-a636-48e8ab6c843a
[req] GET /api/v1/me 200 1ms 6b3b6d24-ba73-4450-8d63-4cff824862b8
[req] GET /api/v1/recipes/kimchi-fried-rice 200 1ms 90be3478-785f-494b-a713-2427a8b7388e
[req] GET /api/v1/inventory 200 0ms 274d29d0-5336-4bae-8ced-2a5fc1149fd5
[req] GET /api/v1/me 200 0ms 4e0d5f35-75c0-43bc-8776-7b734834307c
[req] GET /api/v1/week/current 200 0ms eb2cd145-7191-45e9-ad88-5b7863f8c168
[req] GET /api/v1/inventory 200 0ms bd234b4c-eac7-4480-8258-76380c87874b
[req] GET /api/v1/recipe-discovery 200 5ms a34946e7-0e69-4986-ba8e-bb5c2ff95921
[req] GET /api/v1/me 200 2ms 2049e97e-b605-45c0-a872-24133ed84bf6
[req] GET /api/v1/recipe-discovery 200 5ms 3f28fe19-1cbf-4fb4-8ad4-0d0de6415320
[req] GET /api/v1/me 200 1ms 64a4d927-ee6f-4055-8ff2-52b4818cbb8b
[req] GET /api/v1/recipes/kimchi-fried-rice 200 2ms dfd641c1-f91a-4098-a34e-2d9085e04ea0
[req] GET /api/v1/inventory 200 1ms 52464655-3d19-41df-bc54-d7986c91b25f
[req] GET /api/v1/me 200 1ms 259a2207-62d3-4158-b844-9b7c5503798a
[req] GET /api/v1/week/current 200 0ms 258d371b-a1d7-4271-b199-09001bb10ecf
[req] GET /api/v1/inventory 200 0ms 2900ec23-d524-4cc0-a4fa-3511d0cc2663
[req] GET /api/v1/recipe-discovery 200 2ms 14610919-6eba-4c85-92c2-acb3cb452547
[req] GET /api/v1/me 200 1ms e1db08dc-6bac-481c-8569-fff526077b57
[req] GET /api/v1/recipe-discovery 200 2ms e3f3f262-d463-463d-8680-5002333c245c
[req] GET /api/v1/me 200 1ms bb2175d0-8a64-40ba-aed7-9a1c257e7c85
[req] GET /api/v1/recipes/kimchi-fried-rice 200 1ms 4b244095-b5f7-4aa9-840d-ec5e190d186b
[req] GET /api/v1/inventory 200 1ms 716bb2d8-85d4-413d-8b8c-b176bf69a4ea
[req] GET /api/v1/me 200 3ms 06267290-39ee-455c-b19c-675cb9470905
[req] GET /api/v1/week/current 200 1ms e54dce75-0eca-4e3e-a690-1d2419c15680
[req] GET /api/v1/inventory 200 4ms 1da03668-6a5b-4bbe-b21b-7e57a873ea43
[req] GET /api/v1/recipe-discovery 200 12ms d17a0b72-b111-43e4-be31-e70a0a3130fa
[req] GET /api/v1/me 200 1ms 371218e5-1dba-4d2b-a60c-c3f2a441d322
[req] GET /api/v1/recipe-discovery 200 2ms 9a4fe86e-2085-4695-a145-0531ee372ccb
[req] GET /api/v1/me 200 1ms e17bdae4-752d-4fd5-ac86-33731c1326d8
[req] GET /api/v1/recipes/kimchi-fried-rice 200 1ms c8f029ec-9503-4bb8-b867-b5d43bb14714
[req] GET /api/v1/inventory 200 1ms 26227685-a726-472f-af2d-2c79841d0a66
[req] GET /api/v1/me 200 1ms 9bfbd029-bcd3-49bb-9273-9437a16c4870
[req] GET /api/v1/week/current 200 0ms 7832121a-a8f6-4d01-9b66-323ddf5cf407
[req] GET /api/v1/inventory 200 0ms 1d021022-937f-41bc-8d11-b35a42b2cc23
[req] GET /api/v1/recipe-discovery 200 3ms 77cfb574-21e4-448b-8add-7454dae6b082
[req] GET /api/v1/me 200 0ms 2f628506-c2c5-472c-852d-3b800b713257
[req] GET /api/v1/recipe-discovery 200 3ms 054d9657-22ac-4940-bb27-61c6c03bf1bb
[req] GET /api/v1/me 200 1ms 4ff8b869-24c5-4cc9-8913-e5e0be68e1e6
[req] GET /api/v1/recipes/kimchi-fried-rice 200 2ms 67c608d8-ab4f-4102-a16d-c46042387b47
[req] GET /api/v1/inventory 200 0ms 2d304c5c-9194-40b9-b5bc-4f7c734ab224
[req] GET /api/v1/me 200 1ms 3d8b4b15-2c01-49e5-85ac-efa4ba971917
[req] GET /api/v1/week/current 200 1ms 7a29d073-fa20-4172-849a-e199ec15eab7
[req] GET /api/v1/inventory 200 0ms 40de9d3a-46ad-4cf7-a572-cd96f9624303
[req] GET /api/v1/recipe-discovery 200 2ms 864702a0-6c05-4da8-a349-215c49acf103
[req] GET /api/v1/me 200 0ms b761182b-0d06-4763-a601-b0493a360e4e
[req] GET /api/v1/recipe-discovery 200 2ms 15f6be30-92ff-41c1-8db0-b6ec5e33d968
[req] GET /api/v1/me 200 1ms 4c94c8e4-c374-47e4-a3aa-c285fcfeb4f6
[req] GET /api/v1/recipes/kimchi-fried-rice 200 1ms 7c973ac3-db00-4b4f-9830-7d5ecdcb51f8
[req] GET /api/v1/inventory 200 0ms a0914988-136d-4de5-a82a-f956fa112610
[req] GET /api/v1/me 200 0ms f442a0bf-6234-4028-8fcf-dd36a2c7bba4
[req] GET /api/v1/recipes/kimchi-fried-rice 200 1ms e5c7a446-5a02-4168-b4f4-b641eb17cfd3
[req] GET /api/v1/inventory 200 1ms 04884552-e975-4d92-b4d0-26049d732241
[req] GET /api/v1/me 200 2ms a1dc60cf-b794-4d84-a980-14244e2e5977
[req] GET /api/v1/recipes/kimchi-fried-rice 200 2ms 9e12b406-c775-47cc-83bc-e6142f37f6bf
[req] GET /api/v1/inventory 200 14ms d7ad61e9-c87e-4670-96f4-f90b6a8c08e2
[req] GET /api/v1/me 200 0ms 137411f5-155e-4e61-b57f-25eacc126627
[req] GET /api/v1/recipes/kimchi-fried-rice 200 1ms 60633492-b456-4ff3-a727-b141d75e46c8
[req] GET /api/v1/inventory 200 1ms 8456f2af-bf29-4fd8-932d-dabd5129b5ed
[req] GET /api/v1/me 200 0ms b6095029-e27e-4544-ba62-59fea8218ae3
[req] GET /api/v1/recipes/kimchi-fried-rice 200 1ms 315ab33f-35f6-4f0d-a674-a660fba04756
[req] GET /api/v1/inventory 200 3ms 80368ef7-9c1f-4969-bfdf-e85f130e9844
[req] GET /api/v1/me 200 1ms de71fad2-937a-43f3-8585-ee029126d50c
[req] GET /api/v1/recipes/kimchi-fried-rice 200 1ms d8ab25a0-0ebc-4768-b9ab-7754aecd04f8
[req] GET /api/v1/inventory 200 2ms 22116755-1b89-43a6-a5c9-732e12efd904
[req] GET /api/v1/me 200 1ms 122a1ff5-ba72-48df-9684-706a47206817
[req] GET /api/v1/recipes/kimchi-fried-rice 200 3ms d63d5d79-d125-4161-9800-1fd3b3cc98d9
[req] GET /api/v1/inventory 200 2ms de2612cd-e365-4ac0-a854-2e30a3e2c34b
[req] GET /api/v1/me 200 1ms d955b081-c7b9-4440-b7cb-aa1f858cae54
[req] GET /api/v1/inventory 200 0ms 427c2949-aaa2-4b5e-be30-d2279d6c74e7
[req] GET /api/v1/me 200 1ms c1de79fd-c4fd-47b4-b77e-75ab35017400
[req] GET /api/v1/week/current 200 1ms c378bc22-e27a-44f5-b48c-9301ea352b48
[req] GET /api/v1/me 200 1ms bd4576f6-fda5-455c-a78a-55ae45c4c9ba
[req] GET /api/v1/shopping-list 200 1ms 542786cb-728f-4c35-bbbf-1fe276bd59a2
[req] GET /api/v1/me 200 4ms e7d863ef-6332-479f-8d65-13a9377b3983
[req] GET /api/v1/me 200 1ms 12be4305-8082-4643-8cae-5000b9c7f943
[req] GET /api/v1/me 200 1ms 655c7ad0-460f-46c9-8383-77f0da0b8915
[req] GET /api/v1/recipes/kimchi-fried-rice 200 1ms a6b993bf-ee82-4a11-b8b3-110cb8988318
[req] GET /api/v1/inventory 200 1ms bf5e11db-7f51-4176-8a5a-6108b15ce6cd
[req] GET /api/v1/me 200 1ms 3ae3ba5b-a43c-44c2-a31c-ae2d3ae556b8
[req] GET /api/v1/week/current 200 0ms fc80be75-84c7-4080-805a-73d6e995b5f7
[req] GET /api/v1/inventory 200 0ms 3f478a26-beb8-49ed-94df-f0bc962b13df
[req] GET /api/v1/recipe-discovery 200 6ms a9823a22-e706-4ac1-b5de-2d48521a98b5
[req] GET /api/v1/me 200 0ms cf13fb92-4ec5-4ff7-9d92-f7fd429bf06a
[req] GET /api/v1/recipe-discovery 200 33ms 0b0ecf35-6e5b-49b9-ba38-62bcc0ca576e
[req] GET /api/v1/recipe-discovery 200 4ms 16c4da27-07c0-4c7c-9e5b-31900e483f90
[req] GET /api/v1/recipes/kimchi-fried-rice 200 1ms 800b6269-daf0-40d0-8bcc-2a63da7b74f1
[req] GET /api/v1/inventory 200 0ms 59abb005-e137-4f28-ada5-94eb40ae45c7
[req] GET /api/v1/recipe-discovery 200 4ms c6762cf8-9233-4040-ba1f-014ca406313b
[req] GET /api/v1/me 200 0ms ae2efc00-0169-4544-b713-ee89f5a62504
[req] GET /api/v1/week/current 200 0ms 6dd1c6b3-5326-4982-88c1-be80fcddcae0
[req] GET /api/v1/inventory 200 1ms b2efbcf6-f194-45d2-9f1e-74eb6599a693
[req] GET /api/v1/recipe-discovery 200 6ms 66f47567-afcc-4365-bf2f-e0fc45a0a95c
[req] GET /api/v1/me 200 1ms b2ff2a7e-498e-4e17-abeb-8399b1d57fb9
[req] PATCH /api/v1/preferences 200 1ms 54e2738b-261f-4144-aa40-529acaedfa88
[req] GET /api/v1/inventory 200 0ms 59600a92-b018-40ed-8f28-9fb2d27b357c
[req] GET /api/v1/me 200 2ms 172ffdd2-4a4f-4816-9a81-81fc16e760fb
[req] GET /api/v1/week/current 200 1ms e33600d0-fe92-4842-9694-6d09df787822
[req] GET /api/v1/inventory 200 1ms ae8f8e54-5b5e-4168-a7d7-49f1f649b501
[req] GET /api/v1/recipe-discovery 200 7ms f7da3cf0-2478-4005-a0e2-a4bf57fcc12f
[req] GET /api/v1/me 200 0ms 14fe7aa5-6403-4f7a-bc37-91a4bb61e76f
[req] GET /api/v1/recipe-discovery 200 3ms 00a21eef-3e9e-4c6d-96b8-3823a72797e6
[req] GET /api/v1/me 200 0ms 5cbaa25f-f557-4c60-af6f-ad7a0ad302ad
[req] GET /api/v1/recipes/kimchi-fried-rice 200 0ms a2822c00-5f4f-4ec3-ad66-a7e41599bd8f
[req] GET /api/v1/inventory 200 0ms c0755e77-3866-4f3c-9212-1e63d77abad7
[req] GET /api/v1/me 200 3ms 351547da-ee38-4d3d-bdff-d1f74f4523d4
[req] GET /api/v1/week/current 200 0ms f3fa8a59-db2c-403b-aea1-3f364b2f0891
[req] GET /api/v1/inventory 200 0ms dec877b1-8abc-45fd-a3de-7bd69e0e060f
[req] GET /api/v1/recipe-discovery 200 5ms 80236ecf-911d-4728-995b-65e4fb120952
[req] GET /api/v1/me 200 0ms 45d3eccc-b34a-468d-a11b-7988dc54b16c
[req] GET /api/v1/recipe-discovery 200 3ms b845b4ee-5aaa-4d41-b1ac-6c97aafbce2c
[req] GET /api/v1/me 200 1ms 9f0ba6b3-de66-4a3e-b0e0-2e757c4866b7
[req] GET /api/v1/recipes/kimchi-fried-rice 200 2ms 0d59ec74-d4c3-44fb-a27f-5d4a6ce5174e
[req] GET /api/v1/inventory 200 1ms d4ed7eab-4ef5-4be4-b2e6-20afe3035a70
[req] GET /api/v1/me 200 1ms f708cf4a-9bc6-4973-9904-5e663a20e602
[req] GET /api/v1/week/current 200 1ms b87b9546-9850-4221-8b9f-b5508d40b601
[req] GET /api/v1/inventory 200 0ms 900eac74-0fe5-4695-8ad0-32ec065892e4
[req] GET /api/v1/recipe-discovery 200 5ms 032a4ddf-7878-4a55-8089-b49a3f30edfa
[req] GET /api/v1/me 200 0ms bf7af3c3-065f-487e-89e7-c44d40296bda
[req] GET /api/v1/recipe-discovery 200 4ms cc28f77b-0b8f-40af-aa7f-fd0c3d9e6b15
[req] GET /api/v1/me 200 0ms 2972362d-5062-4e71-b648-6738349c3448
[req] GET /api/v1/recipes/kimchi-fried-rice 200 1ms e5d2f3c4-1c8e-49e1-a6e9-34fe42e32536
[req] GET /api/v1/inventory 200 0ms 50596287-5818-411f-981f-9f50bed435f0
[req] GET /api/v1/me 200 0ms 83b1807a-e7c1-417c-b149-05b6c7458550
[req] GET /api/v1/week/current 200 0ms efb7eee6-dd3e-4100-b28e-a75d8ed9f1cb
[req] GET /api/v1/inventory 200 0ms 5b889095-9f0a-4f09-98c4-b8182e82fdef
[req] GET /api/v1/recipe-discovery 200 2ms 70f2357d-8d23-47c9-b52e-efc28dbb40cd
[req] GET /api/v1/me 200 1ms 436c4fce-9481-499d-9ffb-ee3f4662be32
[req] GET /api/v1/recipe-discovery 200 3ms 1f1f7352-70e9-46a2-99ab-363b3a3c98bb
[req] GET /api/v1/me 200 1ms 7455efe7-35be-49dc-8658-b2c73f0b0fa6
[req] GET /api/v1/recipes/kimchi-fried-rice 200 1ms fc004fa5-7b0e-4c88-9bc7-b5db0aeb300a
[req] GET /api/v1/inventory 200 1ms c678eb25-a76a-40a4-9c82-c742f29a866c
[req] GET /api/v1/me 200 2ms 33227042-3b54-47ca-9c0a-0b0026f6aaec
[req] GET /api/v1/week/current 200 0ms fa260a48-a0db-4488-b081-e35ba12bb78a
[req] GET /api/v1/inventory 200 1ms c746250d-f4a8-44d6-b68c-c0745078d326
[req] GET /api/v1/recipe-discovery 200 4ms f1fba59a-4299-4382-ae5f-92b97e743170
[req] GET /api/v1/me 200 1ms 82fce614-a59b-4e96-8de9-a0af02ea926a
[req] GET /api/v1/recipe-discovery 200 3ms 2a2295cd-d7a0-4e42-9399-243625e470bb
[req] GET /api/v1/me 200 1ms 54d0cd88-fd9a-44d7-a0e8-92ffac087f13
[req] GET /api/v1/recipes/kimchi-fried-rice 200 1ms 8f44c993-cae1-41e4-9f42-bbadb3d59574
[req] GET /api/v1/inventory 200 0ms d94c735c-22b7-4edf-a303-1419fad00cca
[req] GET /api/v1/me 200 0ms bf572ad6-4571-4c59-ae7d-fd76921ed599
[req] GET /api/v1/week/current 200 0ms 4497a8c8-98b9-40c2-a046-4c968f03f45c
[req] GET /api/v1/inventory 200 0ms 5e556c05-4d53-4e2b-9745-daafa01bf9db
[req] GET /api/v1/recipe-discovery 200 3ms a9c7a857-eaf0-41ac-ac28-2a2d09cec6d8
[req] GET /api/v1/me 200 1ms 0fe6b451-1b64-4827-b98a-a571ec9359ed
[req] GET /api/v1/recipe-discovery 200 6ms b0f6deb2-2cf2-4db1-897f-b22bb26dac1d
[req] GET /api/v1/me 200 0ms 3ade9a73-3674-429a-b046-29f00c33ebf9
[req] GET /api/v1/recipes/kimchi-fried-rice 200 1ms b082da94-0616-48bf-aece-436e6c483523
[req] GET /api/v1/inventory 200 1ms d7f7866e-522d-4bfc-b4c7-c986c470dd89
[req] GET /api/v1/me 200 3ms c9f020c7-e1d0-475e-be2d-f747d88588e4
[req] GET /api/v1/week/current 200 0ms b5f365be-d378-42d3-bff6-12e65b54825d
[req] GET /api/v1/inventory 200 1ms e17f25b6-7732-446c-9025-b811015dab42
[req] GET /api/v1/recipe-discovery 200 6ms 86dafd5d-6580-4a77-8c88-16a34597bc1b
[req] GET /api/v1/me 200 2ms 320c0646-a266-4eaa-97a3-b0acea463309
[req] GET /api/v1/recipe-discovery 200 5ms a62972c1-760c-48db-b996-08951a11a959
[req] GET /api/v1/me 200 0ms b0c69855-5613-4169-b3c1-e2f563d0f6d1
[req] GET /api/v1/recipes/kimchi-fried-rice 200 1ms 098e6bb8-bf9a-465c-82bf-4463c50eb524
[req] GET /api/v1/inventory 200 1ms f192f354-02f1-464f-b6db-e056348d525a
[req] GET /api/v1/me 200 2ms 9be2dd8f-314a-45ab-8883-f52ea9ed0041
[req] GET /api/v1/week/current 200 1ms 1229eea5-209a-4b2b-8f6f-543cf04a6b90
[req] GET /api/v1/inventory 200 1ms 542d54f0-3df5-4fdc-a773-82730a40a1da
[req] GET /api/v1/recipe-discovery 200 3ms 830be78f-6007-48e0-b69c-00dacd72461c
[req] GET /api/v1/me 200 1ms d56fc58b-10b9-4383-b1a4-0008414a8860
[req] GET /api/v1/recipe-discovery 200 3ms 727a5b0f-a957-45c3-9583-54d280595d69
[req] GET /api/v1/me 200 3ms ba7c9681-16cf-44b9-96c9-b50b07f1b7f3
[req] GET /api/v1/recipes/kimchi-fried-rice 200 1ms 3afe6fa9-b9f6-44bb-a947-92316d95a313
[req] GET /api/v1/inventory 200 1ms 0ed169a0-dcf8-4571-8643-192a087ee81d
[req] GET /api/v1/me 200 1ms 1fdb2986-209c-4b63-a5dd-f999fbb77b62
[req] GET /api/v1/week/current 200 0ms 3d7845ed-ba29-49bb-9a17-2c430064da75
[req] GET /api/v1/inventory 200 1ms b691a0f8-d8ec-40d9-9324-6106fe41fa81
[req] GET /api/v1/recipe-discovery 200 4ms f05af32f-e7d9-4dd5-a19b-b71a98822021
[req] GET /api/v1/me 200 0ms d9a8b62c-78e5-4f4a-a2b2-5e16aab2549e
[req] GET /api/v1/recipe-discovery 200 4ms 8044100f-d367-4499-a18e-ff5793b0ca90
[req] GET /api/v1/me 200 1ms 24975f41-85f3-48c1-bd91-af3c6a1e0d52
[req] GET /api/v1/recipes/kimchi-fried-rice 200 2ms f56d6a8f-f5f6-4542-a7ea-9557db19f7b3
[req] GET /api/v1/inventory 200 6ms 19f2fde3-ac16-4a0a-9842-c8233f1a1982
[req] GET /api/v1/me 200 1ms c84c14ae-e640-49ea-bd58-a9f8b3f49886
[req] GET /api/v1/week/current 200 1ms 2328e30e-f739-4fcb-a5a3-091e80a94f66
[req] GET /api/v1/inventory 200 1ms 127aa634-54a2-46ac-9cf7-42a5abcd29bd
[req] GET /api/v1/recipe-discovery 200 5ms e4c65e03-1f92-419f-8eba-4dfc0458e822
[req] GET /api/v1/me 200 1ms d36a93ba-6c6e-476d-a462-0592fff52222
[req] GET /api/v1/recipe-discovery 200 2ms 29d8b6b8-4343-4c14-94cd-7c7a20dfc355
[req] GET /api/v1/me 200 1ms 4bf69240-3221-41f5-8257-523ce403e8f6
[req] GET /api/v1/recipes/kimchi-fried-rice 200 1ms 533492fc-8ae4-4fe3-9b4f-57b7311e454b
[req] GET /api/v1/inventory 200 0ms 0760afa5-fa80-43e0-813f-e703077f063a
[req] GET /api/v1/me 200 1ms c1cbf17e-0259-43ae-bbd9-038a01350c93
[req] GET /api/v1/week/current 200 0ms cc231929-e9dc-41ba-9bfa-bd93822fafe8
[req] GET /api/v1/inventory 200 1ms 7d974b19-4995-4934-a13f-f9e097617b0f
[req] GET /api/v1/recipe-discovery 200 5ms ace64296-e5c1-4c66-8f8e-0ac945fe6ae5
[req] GET /api/v1/me 200 1ms 4fe7f804-bc13-4e7d-8653-2fa5b7845c08
[req] GET /api/v1/recipe-discovery 200 2ms f8243718-f0af-4df3-9d8f-15538db3f910
[req] GET /api/v1/me 200 0ms d58097c6-8e77-4d49-83b7-dacb981cc41d
[req] GET /api/v1/recipes/kimchi-fried-rice 200 1ms 247bd5d9-cf0f-4eff-b1f3-6e1057b72955
[req] GET /api/v1/inventory 200 1ms f79c5eca-6d72-462d-b5f9-eccd2683f3d9
[req] GET /api/v1/me 200 1ms ecb99f87-0acb-48dd-89fc-a5cd44ee19a4
[req] GET /api/v1/week/current 200 1ms e7bee413-c774-4cc6-8a9d-ea149abf6b82
[req] GET /api/v1/inventory 200 1ms d6f3ede1-ef24-47f3-90e1-8d0227e031fd
[req] GET /api/v1/recipe-discovery 200 3ms d44db852-ecf4-4192-ae93-b27c043065a0
[req] GET /api/v1/me 200 1ms fe7a2f6b-9680-4e6f-890c-fbaccac8193c
[req] GET /api/v1/recipe-discovery 200 3ms e6e0387e-476e-430a-820d-8cb11005d89c
[req] GET /api/v1/me 200 1ms 42bd4f9c-7dda-4521-95d8-526a6be83035
[req] GET /api/v1/recipes/kimchi-fried-rice 200 1ms 5bd35d56-5a95-4b4d-bfcd-70ab311b8110
[req] GET /api/v1/inventory 200 1ms 0018e57e-8ad3-44bc-83f1-669b39622af1
[req] GET /api/v1/me 200 1ms 110a417a-3694-4c57-bc9a-e10c2a623065
[req] GET /api/v1/recipes/kimchi-fried-rice 200 1ms 2dfa1ec9-2daa-434e-94c2-f3b3de3e1804
[req] GET /api/v1/inventory 200 1ms e9e2ad42-7281-4fb1-945d-04c94959e761
[req] GET /api/v1/me 200 0ms 8dd45cb4-8efd-4e25-bdb9-0b9e70642703
[req] GET /api/v1/recipes/kimchi-fried-rice 200 3ms c6e0c85c-5cb1-406b-95ea-19f48b11df3e
[req] GET /api/v1/inventory 200 1ms f7a0c800-485a-42b2-beec-ac13015eeef2
[req] GET /api/v1/me 200 0ms c276455a-de6d-49f6-897b-635dbb59360b
[req] GET /api/v1/recipes/kimchi-fried-rice 200 1ms 186d775f-6a79-4113-be70-625ac41870ae
[req] GET /api/v1/inventory 200 1ms 74a8918b-0022-4114-a619-85671d764b82
[req] GET /api/v1/me 200 1ms da85816e-08f8-439c-a1f6-866199a45628
[req] GET /api/v1/recipes/kimchi-fried-rice 200 1ms 27ccd4c0-513b-419e-ae1a-6a0d6e1a5c49
[req] GET /api/v1/inventory 200 0ms dfe57e9d-2077-4e6f-933f-373a7f822a89
[req] GET /api/v1/me 200 1ms 8afa91a0-0f05-4a94-8693-5faf411874cf
[req] GET /api/v1/recipes/kimchi-fried-rice 200 1ms 1114f9c5-42cb-4df3-b66a-ed0dd4f8d922
[req] GET /api/v1/inventory 200 1ms 4a63eb0f-9043-4e63-b0be-263605f3e615
[req] GET /api/v1/me 200 1ms 45146165-a438-4a85-848e-29c1ec6b0ec2
[req] GET /api/v1/recipes/kimchi-fried-rice 200 1ms 16bf4e37-1602-4310-93da-ce3f67253d38
[req] GET /api/v1/inventory 200 1ms 803cfb42-3997-411f-a1e8-d6b1a55d150d
[req] GET /api/v1/me 200 1ms efd41d7e-492e-42d5-a513-f25646164259
[req] GET /api/v1/inventory 200 0ms 5ecb1eed-91f0-417a-9963-9fb1fbda5773
[req] GET /api/v1/me 200 1ms 15b4d861-7260-448e-adf2-e4aa1e7b596b
[req] GET /api/v1/week/current 200 0ms 38b10719-aae6-4c4a-ac79-9b0e6a26dc53
[req] GET /api/v1/me 200 1ms a69aa4b9-89c9-4749-b185-fcb6025c1d80
[req] GET /api/v1/shopping-list 200 0ms 31c5a1f3-53ce-4b02-b5f0-e3aa15afa9cb
[req] GET /api/v1/me 200 1ms 07fa093f-54be-4cc6-af4a-717449e27e7f
[req] GET /api/v1/me 200 2ms b2e17e55-260a-449e-a58c-f030c15abfb5
[req] GET /api/v1/me 200 1ms 761ea805-e086-49d5-8c0d-507a794898ae
[req] GET /api/v1/recipes/kimchi-fried-rice 200 1ms d082f2a7-73d6-4de8-874e-25ad5fd51ce3
[req] GET /api/v1/inventory 200 0ms 73532e41-e382-4d52-a98f-d204daa8e376
[req] GET /api/v1/me 200 2ms e27fce42-ec5a-4e75-85f9-53ee8faabcde
[req] GET /api/v1/week/current 200 0ms 3ad6beb4-77df-4a43-a72b-f65d441f1a8e
[req] GET /api/v1/inventory 200 1ms d2153f90-5d07-4178-a36f-c209f4e536df
[req] GET /api/v1/recipe-discovery 200 4ms df0959a4-fbab-44f7-92c7-c3faab5420b8
[req] GET /api/v1/me 200 0ms cc99fedc-6702-4c14-b888-38f59e4b121b
[req] GET /api/v1/recipe-discovery 200 3ms 524e2f02-f8ad-4c7d-bb6f-b4b3ee1fb47a
[req] GET /api/v1/recipe-discovery 200 3ms 6534c3b2-8445-4ddf-80f6-f7fb4ce04dd9
[req] GET /api/v1/recipes/kimchi-fried-rice 200 0ms 8d0a3bb8-28c8-4d1c-a6eb-561a5b598f8b
[req] GET /api/v1/inventory 200 1ms b84e6aa7-9e12-4f8d-ba9a-332373203b4f
[req] GET /api/v1/recipe-discovery 200 4ms 02fb1516-1f41-4ba4-b822-5e826a30fbc7
[req] GET /api/v1/me 200 1ms b6a29cc1-8e1b-4172-bdf6-604f73fa4701
[req] GET /api/v1/week/current 200 0ms bc912bc8-2bea-473e-8bfd-3654a512014a
[req] GET /api/v1/inventory 200 1ms 1337dd90-f770-4e13-bfd7-8b6d9401c1b4
[req] GET /api/v1/recipe-discovery 200 3ms 01788272-2e6a-45ad-a486-f96215cb2ce1
[req] GET /api/v1/me 200 1ms dde0706f-dc54-4514-8cc5-ee2a66589b7e
[req] GET /api/v1/recipe-discovery 200 2ms 8e1c5b16-41ac-4d05-8da8-601dc12ab0b2
[req] GET /api/v1/me 200 1ms 7a5cdb39-486c-41b1-8496-d6fb526e727f
[req] GET /api/v1/recipes/kimchi-fried-rice 200 1ms 9f0410c0-681f-4a2b-92c2-ca4f03adb3eb
[req] GET /api/v1/inventory 200 1ms 87caa824-d6ff-4a3b-90ca-6e4a722f4cfa
[req] GET /api/v1/inventory 200 1ms bad341c1-65ad-4f23-bf8d-83922f45815a
[req] GET /api/v1/me 200 0ms 90585c7a-0e66-404a-8e0a-cfbf7a3d117f
[req] GET /api/v1/me 200 0ms 19e174c8-0d6d-4f84-806c-881dc4951508
[req] GET /api/v1/recipes/kimchi-fried-rice 200 1ms 7649209f-b49a-4d45-9d6a-45b5aca472d2
[req] GET /api/v1/inventory 200 0ms b46f3ade-80c3-4a45-8636-4cdef70811e2
[req] GET /api/v1/me 200 1ms 03900e9d-08e2-494e-8f62-4ef51442c052
[req] GET /api/v1/me 200 1ms 167159e5-1e7f-4bc1-9062-b99e1124b212
[req] GET /api/v1/recipes/kimchi-fried-rice 200 2ms 34862468-c501-4362-bbc8-0fa1f92a0ea8
[req] GET /api/v1/inventory 200 1ms a0ca008c-6e05-4ad1-8292-10ed07c97cd6
