
> frigo@0.1.0 build /Users/tunbee27/Documents/Tako-san-ui-rebuild
> vite build && tsc -p tsconfig.worker.json

vite v6.4.3 building for production...
transforming...
✓ 2538 modules transformed.
rendering chunks...
computing gzip size...
dist/client/index.html                                        2.94 kB │ gzip:  1.13 kB
dist/client/assets/index-CshmM-GV.css                       134.83 kB │ gzip: 23.56 kB
dist/client/assets/Card-AEFI34Us.js                           0.41 kB │ gzip:  0.32 kB │ map:     0.97 kB
dist/client/assets/motion-CMKgOIIz.js                         0.45 kB │ gzip:  0.32 kB │ map:     4.72 kB
dist/client/assets/legacy-nav-indicator-ldDcSy3a.js           0.46 kB │ gzip:  0.33 kB │ map:     0.77 kB
dist/client/assets/AccountPage-oyhxtkjg.js                    0.49 kB │ gzip:  0.33 kB │ map:     1.28 kB
dist/client/assets/KitchenDetailPage-D7nrxrVF.js              0.52 kB │ gzip:  0.34 kB │ map:     1.27 kB
dist/client/assets/format-zRZ7DBjT.js                         0.71 kB │ gzip:  0.43 kB │ map:     2.88 kB
dist/client/assets/CookingCompletePage-RgKOyAqH.js            0.84 kB │ gzip:  0.54 kB │ map:     1.38 kB
dist/client/assets/WeekWorkspace-BRPuqeZI.js                  0.85 kB │ gzip:  0.58 kB │ map:     2.31 kB
dist/client/assets/RecipeMedia-CeapuVmk.js                    1.04 kB │ gzip:  0.63 kB │ map:     3.10 kB
dist/client/assets/use-modal-focus-DttN_fVe.js                1.34 kB │ gzip:  0.65 kB │ map:     4.02 kB
dist/client/assets/WeekSetupChoices-DzGQ8l-h.js               1.59 kB │ gzip:  0.75 kB │ map:     3.97 kB
dist/client/assets/ConfirmDialog-CgC60AW3.js                  1.64 kB │ gzip:  0.84 kB │ map:     3.87 kB
dist/client/assets/AsyncState-BN_UCL76.js                     1.65 kB │ gzip:  0.88 kB │ map:     3.47 kB
dist/client/assets/KitchenHeader-Dj-PH4km.js                  1.67 kB │ gzip:  0.74 kB │ map:     4.11 kB
dist/client/assets/recipe-media-t5Sanqq1.js                   1.68 kB │ gzip:  0.87 kB │ map:     6.33 kB
dist/client/assets/StatusChip-C2EZxPIk.js                     1.72 kB │ gzip:  0.69 kB │ map:     3.55 kB
dist/client/assets/WeekSettingsPage-CU4nW12z.js               1.73 kB │ gzip:  0.94 kB │ map:     4.13 kB
dist/client/assets/WeekGeneratingPage-CU0QDL2M.js             2.00 kB │ gzip:  1.19 kB │ map:     4.97 kB
dist/client/assets/FamilySharingPage-CagAC7Lp.js              2.64 kB │ gzip:  1.19 kB │ map:     4.94 kB
dist/client/assets/MealSwapSheet-xtw5MfTp.js                  2.72 kB │ gzip:  1.36 kB │ map:     7.15 kB
dist/client/assets/TopBar-e1qbmtrL.js                         2.94 kB │ gzip:  1.10 kB │ map:     6.42 kB
dist/client/assets/NotificationsPage-BWzqel-J.js              3.00 kB │ gzip:  1.41 kB │ map:     6.68 kB
dist/client/assets/LandingPage-CJpFPVAt.js                    3.11 kB │ gzip:  1.49 kB │ map:     6.26 kB
dist/client/assets/PrivacyDataPage-Cpy1RoQu.js                3.18 kB │ gzip:  1.37 kB │ map:     5.43 kB
dist/client/assets/NotificationPreferencesPage-V8ire1Xf.js    3.83 kB │ gzip:  1.87 kB │ map:     8.90 kB
dist/client/assets/SettingsPage-D_T-2O4O.js                   3.84 kB │ gzip:  1.81 kB │ map:     8.16 kB
dist/client/assets/inventory-truth-BHprnlBW.js                3.88 kB │ gzip:  1.68 kB │ map:    11.89 kB
dist/client/assets/primitives-BHlK1MqI.js                     4.86 kB │ gzip:  1.89 kB │ map:    16.94 kB
dist/client/assets/ReviewSource-CaSVcxIn.js                   4.88 kB │ gzip:  1.98 kB │ map:    12.84 kB
dist/client/assets/ProfilePage-DaaC0LjO.js                    4.89 kB │ gzip:  2.27 kB │ map:    11.61 kB
dist/client/assets/WeekSetupPage-BvXx_DJb.js                  5.29 kB │ gzip:  2.30 kB │ map:    13.87 kB
dist/client/assets/useCookingStore-04FXBolX.js                5.38 kB │ gzip:  2.36 kB │ map:    18.16 kB
dist/client/assets/useWeekStore-DcASNcpq.js                   5.58 kB │ gzip:  1.86 kB │ map:    18.23 kB
dist/client/assets/ReconciliationPage-N1niiv8Y.js             5.77 kB │ gzip:  2.54 kB │ map:    14.23 kB
dist/client/assets/MealDetailPage-Bp_d5vKc.js                 6.02 kB │ gzip:  2.48 kB │ map:    15.23 kB
dist/client/assets/FoodPreferencesPage-BSVuPbct.js            6.49 kB │ gzip:  2.38 kB │ map:    16.66 kB
dist/client/assets/WeekShoppingPage-ygj20VG2.js               6.69 kB │ gzip:  2.68 kB │ map:    19.15 kB
dist/client/assets/scan-errors-B2vjqfba.js                    7.24 kB │ gzip:  3.06 kB │ map:    18.14 kB
dist/client/assets/CookingReview-CQQRB3Aa.js                  7.34 kB │ gzip:  2.94 kB │ map:    20.07 kB
dist/client/assets/ShoppingPage-Cif5_dZW.js                   7.73 kB │ gzip:  3.31 kB │ map:    21.90 kB
dist/client/assets/PlanningSettingsPage-DjAWAC3U.js           7.91 kB │ gzip:  2.73 kB │ map:    18.11 kB
dist/client/assets/RecipesPage-D7-vkGf4.js                    9.81 kB │ gzip:  3.87 kB │ map:    29.67 kB
dist/client/assets/RecipeCard-DSCNz1QG.js                    11.37 kB │ gzip:  2.33 kB │ map:    22.63 kB
dist/client/assets/HomePage-BJsuXWcN.js                      11.69 kB │ gzip:  4.24 kB │ map:    37.17 kB
dist/client/assets/WeekDashboardPage-CXxGX6od.js             12.55 kB │ gzip:  4.72 kB │ map:    32.72 kB
dist/client/assets/ScanPage-Ba6srQD6.js                      13.26 kB │ gzip:  5.09 kB │ map:    38.17 kB
dist/client/assets/OnboardingPage-vySzoibF.js                13.53 kB │ gzip:  3.79 kB │ map:    34.26 kB
dist/client/assets/ScanResultPage-CC_wOf4y.js                13.58 kB │ gzip:  4.94 kB │ map:    41.68 kB
dist/client/assets/ReceiptReviewPage-BhXQ59RE.js             13.60 kB │ gzip:  4.64 kB │ map:    39.54 kB
dist/client/assets/composition-Bm5IqdtK.js                   13.79 kB │ gzip:  5.18 kB │ map:    46.29 kB
dist/client/assets/RecipeDetailPage-BggRXkKB.js              14.45 kB │ gzip:  4.73 kB │ map:    35.86 kB
dist/client/assets/IngredientDetailPage-BSjIMyDr.js          15.08 kB │ gzip:  4.63 kB │ map:    37.51 kB
dist/client/assets/CookingModePage-lEs-PV2s.js               15.16 kB │ gzip:  5.29 kB │ map:    44.06 kB
dist/client/assets/PlusPaywallPage-BJdLX5Uo.js               19.06 kB │ gzip:  5.85 kB │ map:    45.22 kB
dist/client/assets/ingredient-images-DMUMQtkM.js             20.22 kB │ gzip:  4.97 kB │ map:    19.75 kB
dist/client/assets/InventoryPage-M--QwbnO.js                 21.49 kB │ gzip:  7.44 kB │ map:    72.03 kB
dist/client/assets/Button-DdE7yA1t.js                        29.01 kB │ gzip:  9.35 kB │ map:   152.63 kB
dist/client/assets/AuthPage-BSRSLmqi.js                      30.67 kB │ gzip:  9.22 kB │ map:    96.74 kB
dist/client/assets/vendor-icons-ul0AEewg.js                  33.19 kB │ gzip:  7.20 kB │ map:    88.47 kB
dist/client/assets/vendor-query-D03hXVOl.js                  42.42 kB │ gzip: 12.92 kB │ map:   155.73 kB
dist/client/assets/PlannerPage-DOaP0KJK.js                   83.28 kB │ gzip: 24.10 kB │ map:   178.10 kB
dist/client/assets/react-BfaLPQsp.js                        127.21 kB │ gzip: 41.57 kB │ map:   712.36 kB
dist/client/assets/vendor-react-B6oo3S7f.js                 164.07 kB │ gzip: 53.69 kB │ map:   705.96 kB
dist/client/assets/index-3tMGmj4W.js                        336.31 kB │ gzip: 87.62 kB │ map: 1,039.66 kB
✓ built in 3.62s
