home-320: roots5 overlap0 axe0 width320
discovery-320: roots5 overlap0 axe0 width320
detail-320: roots5 overlap0 axe0 width320
home-360: roots5 overlap0 axe0 width360
discovery-360: roots5 overlap0 axe0 width360
detail-360: roots5 overlap0 axe0 width360
home-390: roots5 overlap0 axe0 width390
discovery-390: roots5 overlap0 axe0 width390
detail-390: roots5 overlap0 axe0 width390
home-430: roots5 overlap0 axe0 width430
discovery-430: roots5 overlap0 axe0 width430
detail-430: roots5 overlap0 axe0 width430
home-768: roots7 overlap0 axe0 width768
discovery-768: roots7 overlap0 axe0 width768
detail-768: roots7 overlap0 axe0 width768
home-1024: roots7 overlap0 axe0 width1024
discovery-1024: roots7 overlap0 axe0 width1024
detail-1024: roots7 overlap0 axe0 width1024
home-1440: roots7 overlap0 axe0 width1440
discovery-1440: roots7 overlap0 axe0 width1440
detail-1440: roots7 overlap0 axe0 width1440
home-320-844-text2: roots5 overlap0 axe0 width320
discovery-320-844-text2: roots5 overlap0 axe0 width320
detail-320-844-text2: roots5 overlap0 axe0 width320
home-768-844-text2: roots7 overlap0 axe0 width768
discovery-768-844-text2: roots7 overlap0 axe0 width768
detail-768-844-text2: roots7 overlap0 axe0 width768
home-390-420: roots5 overlap0 axe0 width390
discovery-390-420: roots5 overlap0 axe0 width390
detail-390-420: roots5 overlap0 axe0 width390
home-768-420: roots7 overlap0 axe0 width768
discovery-768-420: roots7 overlap0 axe0 width768
detail-768-420: roots7 overlap0 axe0 width768
home-320-420-text2: roots5 overlap0 axe0 width320
discovery-320-420-text2: roots5 overlap0 axe0 width320
detail-320-420-text2: roots5 overlap0 axe0 width320
panel-Cách nấu-320-text2: roots5 overlap0 axe0 width320
panel-Nguyên liệu-320-text2: roots5 overlap0 axe0 width320
panel-Dinh dưỡng-320-text2: roots5 overlap0 axe0 width320
panel-Cách nấu-768-text2: roots7 overlap0 axe0 width768
panel-Nguyên liệu-768-text2: roots7 overlap0 axe0 width768
panel-Dinh dưỡng-768-text2: roots7 overlap0 axe0 width768
family--fridge: roots5 overlap0 axe0 width390
family--week: roots5 overlap0 axe0 width390
family--shopping: roots5 overlap0 axe0 width390
family--me: roots5 overlap0 axe0 width390
family--settings-app: roots5 overlap0 axe0 width390
node:internal/modules/run_main:107
    triggerUncaughtException(
    ^

AssertionError [ERR_ASSERTION]: home-normal-motion-390: axe [{"id":"color-contrast","targets":[[".mt-1"],[".kitchen-recipe-card[data-variant=\"row\"]:nth-child(1) > .recipe-media[data-recipe-media=\"missing\"] > .recipe-media-missing[role=\"img\"][aria-label=\"Chưa có ảnh món ăn\"] > span"],[".kitchen-recipe-card[data-variant=\"row\"]:nth-child(1) > .kitchen-recipe-card-body > .kitchen-recipe-readiness[data-ready=\"false\"]"],[".kitchen-recipe-card[data-variant=\"row\"]:nth-child(1) > .kitchen-recipe-card-body > .kitchen-recipe-coverage"],["a[href$=\"chawanmushi\"] > .recipe-media[data-recipe-media=\"missing\"] > .recipe-media-missing[role=\"img\"][aria-label=\"Chưa có ảnh món ăn\"] > span"],["a[href$=\"chawanmushi\"] > .kitchen-recipe-card-body > .kitchen-recipe-readiness[data-ready=\"false\"]"],["a[href$=\"chawanmushi\"] > .kitchen-recipe-card-body > .kitchen-recipe-coverage"],["a[href$=\"kimchi-fried-rice\"] > .kitchen-recipe-card-body > .kitchen-recipe-readiness[data-ready=\"false\"]"],["a[href$=\"kimchi-fried-rice\"] > .kitchen-recipe-card-body > .kitchen-recipe-coverage"],[".kitchen-discovery-link"]]}]
+ actual - expected

+ [
+   {
+     id: 'color-contrast',
+     targets: [
+       [
+         '.mt-1'
+       ],
+       [
+         '.kitchen-recipe-card[data-variant="row"]:nth-child(1) > .recipe-media[data-recipe-media="missing"] > .recipe-media-missing[role="img"][aria-label="Chưa có ảnh món ăn"] > span'
+       ],
+       [
+         '.kitchen-recipe-card[data-variant="row"]:nth-child(1) > .kitchen-recipe-card-body > .kitchen-recipe-readiness[data-ready="false"]'
+       ],
+       [
+         '.kitchen-recipe-card[data-variant="row"]:nth-child(1) > .kitchen-recipe-card-body > .kitchen-recipe-coverage'
+       ],
+       [
+         'a[href$="chawanmushi"] > .recipe-media[data-recipe-media="missing"] > .recipe-media-missing[role="img"][aria-label="Chưa có ảnh món ăn"] > span'
+       ],
+       [
+         'a[href$="chawanmushi"] > .kitchen-recipe-card-body > .kitchen-recipe-readiness[data-ready="false"]'
+       ],
+       [
+         'a[href$="chawanmushi"] > .kitchen-recipe-card-body > .kitchen-recipe-coverage'
+       ],
+       [
+         'a[href$="kimchi-fried-rice"] > .kitchen-recipe-card-body > .kitchen-recipe-readiness[data-ready="false"]'
+       ],
+       [
+         'a[href$="kimchi-fried-rice"] > .kitchen-recipe-card-body > .kitchen-recipe-coverage'
+       ],
+       [
+         '.kitchen-discovery-link'
+       ]
+     ]
+   }
+ ]
- []

    at shot (file:///Users/tunbee27/Documents/Tako-san-ui-rebuild/scripts/ui14-browser-check.mjs:181:10)
    at async file:///Users/tunbee27/Documents/Tako-san-ui-rebuild/scripts/ui14-browser-check.mjs:396:5 {
  generatedMessage: false,
  code: 'ERR_ASSERTION',
  actual: [
    {
      id: 'color-contrast',
      targets: [
        [ '.mt-1' ],
        [
          '.kitchen-recipe-card[data-variant="row"]:nth-child(1) > .recipe-media[data-recipe-media="missing"] > .recipe-media-missing[role="img"][aria-label="Chưa có ảnh món ăn"] > span'
        ],
        [
          '.kitchen-recipe-card[data-variant="row"]:nth-child(1) > .kitchen-recipe-card-body > .kitchen-recipe-readiness[data-ready="false"]'
        ],
        [
          '.kitchen-recipe-card[data-variant="row"]:nth-child(1) > .kitchen-recipe-card-body > .kitchen-recipe-coverage'
        ],
        [
          'a[href$="chawanmushi"] > .recipe-media[data-recipe-media="missing"] > .recipe-media-missing[role="img"][aria-label="Chưa có ảnh món ăn"] > span'
        ],
        [
          'a[href$="chawanmushi"] > .kitchen-recipe-card-body > .kitchen-recipe-readiness[data-ready="false"]'
        ],
        [
          'a[href$="chawanmushi"] > .kitchen-recipe-card-body > .kitchen-recipe-coverage'
        ],
        [
          'a[href$="kimchi-fried-rice"] > .kitchen-recipe-card-body > .kitchen-recipe-readiness[data-ready="false"]'
        ],
        [
          'a[href$="kimchi-fried-rice"] > .kitchen-recipe-card-body > .kitchen-recipe-coverage'
        ],
        [ '.kitchen-discovery-link' ]
      ]
    }
  ],
  expected: [],
  operator: 'deepStrictEqual',
  diff: 'simple'
}

Node.js v24.16.0
