node:internal/modules/run_main:107
    triggerUncaughtException(
    ^

ExpectError: expect(locator).toBeVisible() failed

Locator: locator('nav[aria-label="Điều hướng chính"]:visible').locator('a[aria-current=page] span.bg-semantic-success-soft')
Expected: visible
Error: strict mode violation: locator('nav[aria-label="Điều hướng chính"]:visible').locator('a[aria-current=page] span.bg-semantic-success-soft') resolved to 2 elements:
    1) <span class="relative flex w-11 h-11 max-w-full items-center justify-center rounded-card transition-colors bg-semantic-success-soft text-semantic-action-primary">…</span> aka getByRole('link', { name: 'Công thức' })
    2) <span aria-hidden="true" class="absolute inset-0 rounded-card bg-semantic-success-soft"></span> aka getByRole('link', { name: 'Công thức' })

Call log:
  - Expect "toBeVisible" locator('nav[aria-label="Điều hướng chính"]:visible').locator('a[aria-current=page] span.bg-semantic-success-soft') with timeout 5000ms
  - waiting for locator('nav[aria-label="Điều hướng chính"]:visible').locator('a[aria-current=page] span.bg-semantic-success-soft')

    at captureRawStack (/Users/tunbee27/Documents/Tako-san-ui-rebuild/node_modules/.pnpm/playwright-core@1.63.0/node_modules/playwright-core/lib/coreBundle.js:8588:17)
    at callMatcherAsStep (/Users/tunbee27/Documents/Tako-san-ui-rebuild/node_modules/.pnpm/playwright@1.63.0/node_modules/playwright/lib/matchers/expect.js:13310:57)
    at Object.toBeVisible (/Users/tunbee27/Documents/Tako-san-ui-rebuild/node_modules/.pnpm/playwright@1.63.0/node_modules/playwright/lib/matchers/expect.js:13302:23)
    at /Users/tunbee27/Documents/Tako-san-ui-rebuild/scripts/ui14-legacy-check.mjs:40:31 {
  matcherResult: {
    message: 'expect(locator).toBeVisible() failed\n' +
      '\n' +
      `Locator: locator('nav[aria-label="Điều hướng chính"]:visible').locator('a[aria-current=page] span.bg-semantic-success-soft')\n` +
      'Expected: visible\n' +
      `Error: strict mode violation: locator('nav[aria-label="Điều hướng chính"]:visible').locator('a[aria-current=page] span.bg-semantic-success-soft') resolved to 2 elements:\n` +
      `    1) <span class="relative flex w-11 h-11 max-w-full items-center justify-center rounded-card transition-colors bg-semantic-success-soft text-semantic-action-primary">…</span> aka getByRole('link', { name: 'Công thức' })\n` +
      `    2) <span aria-hidden="true" class="absolute inset-0 rounded-card bg-semantic-success-soft"></span> aka getByRole('link', { name: 'Công thức' })\n` +
      '\n' +
      'Call log:\n' +
      `  - Expect "toBeVisible" locator('nav[aria-label="Điều hướng chính"]:visible').locator('a[aria-current=page] span.bg-semantic-success-soft') with timeout 5000ms\n` +
      `  - waiting for locator('nav[aria-label="Điều hướng chính"]:visible').locator('a[aria-current=page] span.bg-semantic-success-soft')\n`,
    pass: false,
    actual: undefined,
    name: 'toBeVisible',
    expected: 'visible',
    log: [
      `  - Expect "toBeVisible" locator('nav[aria-label="Điều hướng chính"]:visible').locator('a[aria-current=page] span.bg-semantic-success-soft') with timeout 5000ms`,
      `  - waiting for locator('nav[aria-label="Điều hướng chính"]:visible').locator('a[aria-current=page] span.bg-semantic-success-soft')`
    ],
    timeout: undefined,
    ariaSnapshot: undefined
  }
}

Node.js v24.16.0
