============================================================
React Performance Checker (Vercel Engineering)
============================================================
Scanning: /Users/tunbee27/Documents/Tako-san-ui-rebuild

[*] Checking for waterfalls (sequential awaits)...
[*] Checking for barrel imports...
[*] Checking for missing dynamic imports...
[*] Checking for useEffect data fetching...
[*] Checking for missing memoization...
[*] Checking for image optimization...

============================================================
REACT PERFORMANCE AUDIT REPORT
============================================================

[CRITICAL ISSUES] (0)

[WARNINGS] (0)

============================================================
SUMMARY:
  Critical Issues: 0
  Warnings: 0
============================================================

[SUCCESS] No major performance issues detected!
