UI14 production-build preview http://127.0.0.1:5216; gzip/cache local policy, synthetic SQLite, external Worker fetch blocked; /Users/tunbee27/Documents/Tako-san-ui-rebuild/.artifacts/ui14/baseline-build/client
[req] GET /api/v1/me 200 2ms ab783218-2456-4222-bdf7-3e555124daec
[req] PATCH /api/v1/preferences 200 1ms d66af635-5f66-4c81-9c0e-fdc399e7bdd3
[req] GET /api/v1/inventory 200 2ms 2473c9a6-6a66-4ff8-a06d-c35c60e1f04b
[req] GET /api/v1/me 200 1ms 404df618-0a53-44f4-bf4f-c0975296cf0a
[req] GET /api/v1/week/current 200 1ms 729053d6-c222-4244-a84c-0728389b6dc6
[req] GET /api/v1/inventory 200 0ms a31094b9-d91f-44ed-9786-06ef4d07cbab
[req] GET /api/v1/recipe-discovery 200 14ms 4e26084c-7a4b-427e-9a0c-07905ea292ea
[req] GET /api/v1/me 200 0ms 60255526-20f9-41df-809e-8cf7080aefae
[req] GET /api/v1/week/current 200 1ms 28efebcf-9edb-4b41-8e6a-fb6f7ca9a1ae
[req] GET /api/v1/inventory 200 1ms 1b46b2f4-9683-4f08-b381-df62eb3b42bc
[req] GET /api/v1/recipe-discovery 200 4ms 1daf0dbb-a72d-49f0-8def-340ef2ab20d8
[req] GET /api/v1/inventory 200 0ms 3d71c8c2-2bae-4e6c-9f91-fc0bacd01185
[req] GET /api/v1/me 200 1ms 62cabcc5-6ea7-4768-b69d-536e0f8f33f0
[req] PATCH /api/v1/preferences 200 1ms 4d20e024-2a3c-4ff9-9ef9-cec56cb5506b
[req] GET /api/v1/inventory 200 1ms d0aaa7d4-e15f-4d05-81eb-05aa7672cd19
[req] GET /api/v1/me 200 1ms ef50de98-a382-473a-85fb-a7f43a276a03
[req] GET /api/v1/recipe-discovery 200 4ms 1e50b3bb-8f5f-4dce-9985-4755082e9756
[req] GET /api/v1/me 200 1ms dc4e1ca8-280b-48d4-99d0-d9a6163ec426
[req] GET /api/v1/recipe-discovery 200 3ms d12cce9e-c6be-419c-bd61-6b0745099b9c
[req] GET /api/v1/inventory 200 0ms da802e51-9628-453e-b32f-08cff4941732
[req] GET /api/v1/me 200 1ms 46486023-5e4b-44bb-9932-0bec9eff49f6
[req] PATCH /api/v1/preferences 200 1ms 200db073-d02d-483a-a74a-38e621c78869
[req] GET /api/v1/inventory 200 1ms 939f7f70-4a98-4422-8ad2-b78425d049e6
[req] GET /api/v1/me 200 1ms 4ee8472e-ee55-4d5b-a3ce-d435cc2ce8da
[req] GET /api/v1/recipes/kimchi-fried-rice 200 1ms 42aa0119-2272-49f7-aac5-3efeb95cca37
[req] GET /api/v1/inventory 200 1ms 33dc9cc4-6aae-4eac-a2d1-b44a9992ea1c
[req] GET /api/v1/me 200 1ms 87595fd3-4bd3-4261-893e-63862389d127
[req] GET /api/v1/recipes/kimchi-fried-rice 200 1ms 691fc71e-5147-4967-aab3-251874dca506
[req] GET /api/v1/inventory 200 0ms 3e36e253-1f08-4ed5-8a38-24492388f680
[req] GET /api/v1/inventory 200 1ms d2c405c5-88f4-48f7-88f8-4aa868e8d1f1
[req] GET /api/v1/me 200 0ms d645fb5b-6d41-4e9f-a9ac-fb17878f55ca
[req] PATCH /api/v1/preferences 200 0ms c34a28af-03ff-42be-983f-f42a2785a457
[req] GET /api/v1/inventory 200 1ms ac3eee7b-990a-41ba-8bc6-fe5471eb3253
[req] GET /api/v1/me 200 0ms 867591a5-bfbf-4dd3-8a74-50ac70d90985
[req] GET /api/v1/week/current 200 1ms 25b06ed0-5e70-4331-8a99-bd67aa1af99e
[req] GET /api/v1/inventory 200 0ms 0d2e6cbc-c9ca-4e27-a3dc-856a53ff821d
[req] GET /api/v1/recipe-discovery 200 2ms a2d0fe57-c5b6-41cd-837d-98f8dde0d30c
[req] GET /api/v1/recipe-discovery 200 3ms 4233a4fb-b4f4-4ced-bcdc-d3b7cc3a1691
[req] GET /api/v1/recipes/kimchi-fried-rice 200 1ms 48b6b34e-d36a-4052-b7a7-7b642c6e6d2f
[req] GET /api/v1/inventory 200 1ms 248ff508-b3f2-41dd-bf2a-8367ef84e2af
[req] GET /api/v1/inventory 200 0ms 6e31f3a3-3252-4782-8af2-9d2651279efb
[req] GET /api/v1/me 200 1ms 6cf45206-736f-4a37-8720-e87c1509bf39
[req] PATCH /api/v1/preferences 200 1ms 11564541-041c-49c3-8c6c-614053db9c87
[req] GET /api/v1/inventory 200 0ms 9f4f5966-db4c-48fe-8a89-413fd248391e
[req] GET /api/v1/me 200 2ms e3c0f0c1-4694-4fe9-8687-782b676494de
[req] GET /api/v1/week/current 200 1ms b3e127b9-87e7-4c33-806f-1a733e51fa4c
[req] GET /api/v1/inventory 200 1ms a1d0d949-9e2b-4957-8899-a54a2f139090
[req] GET /api/v1/recipe-discovery 200 8ms 4b89fb19-b542-41a2-bc58-3feb15264c74
[req] GET /api/v1/me 200 0ms c14e3274-8442-4a9c-9059-e90a8bed257e
[req] GET /api/v1/week/current 200 0ms 96149900-23ba-491d-869f-9a9f335bdbb8
[req] GET /api/v1/inventory 200 1ms 7e26e304-ea18-422f-9954-23712fd2f699
[req] GET /api/v1/recipe-discovery 200 6ms 64788e68-d45a-4bed-9ff8-54dedd36b8a5
[req] GET /api/v1/inventory 200 1ms ca6d8919-bd8f-4743-a5e4-f98a7a16473f
[req] GET /api/v1/me 200 1ms 776e7940-25e0-4712-b727-f33e3265b7db
[req] PATCH /api/v1/preferences 200 0ms 180fe9f6-49a4-422e-973a-b076f17227c2
[req] GET /api/v1/inventory 200 0ms 011988ce-83dc-454d-9555-5cb962fd1f04
[req] GET /api/v1/me 200 1ms c867f6f4-5bc8-49de-bf13-1a3754948ec9
[req] GET /api/v1/recipe-discovery 200 4ms 5b8a682e-d26c-4c16-bdbf-4e10baeb9557
[req] GET /api/v1/me 200 0ms 1069ac15-10da-4088-b017-052c73496c47
[req] GET /api/v1/recipe-discovery 200 6ms 9144cc2e-1704-4d92-933d-9d012d3430cd
[req] GET /api/v1/inventory 200 2ms 8348191d-276f-4c65-a841-00265d476a09
[req] GET /api/v1/me 200 1ms 943c1be3-1fc6-4de5-af13-1173f830f820
[req] PATCH /api/v1/preferences 200 1ms b1c0150c-618e-4e52-9689-f7d7c294718e
[req] GET /api/v1/inventory 200 0ms c6eb64e8-3aee-4c81-978c-ffa33b16cdf6
[req] GET /api/v1/me 200 0ms 6808baff-ec60-4441-b95d-fe47d37aac6b
[req] GET /api/v1/recipes/kimchi-fried-rice 200 1ms 75d07b1b-952d-47c9-bcd3-a82cdccfea55
[req] GET /api/v1/inventory 200 1ms c839c458-0dd6-4864-8183-4ec2b8d0994f
[req] GET /api/v1/me 200 1ms f18f934e-f400-48e8-afee-20f6eb48d320
[req] GET /api/v1/recipes/kimchi-fried-rice 200 1ms 96a9f3ae-3cd1-49da-bac1-da00f55512f6
[req] GET /api/v1/inventory 200 1ms fa86353a-fef3-4693-a1d1-c20739875843
[req] GET /api/v1/inventory 200 0ms 177a7681-a3e1-4809-9384-facdf7d298eb
[req] GET /api/v1/me 200 0ms 18cde3d1-bdb2-45ee-8708-5b05a1ad77a4
[req] PATCH /api/v1/preferences 200 1ms 2934159b-080c-419b-abe4-9458c7d10a5b
[req] GET /api/v1/inventory 200 1ms 4ad14449-f2ec-401a-b401-efafc24cd0b4
[req] GET /api/v1/me 200 1ms 2273bc38-ba4e-4c31-b72d-e550361ef510
[req] GET /api/v1/week/current 200 0ms bbbdb4c6-6c95-4af8-b38e-d65afeb3b2db
[req] GET /api/v1/inventory 200 0ms 01f1e168-d8b3-4f5a-9d26-7bc62803c998
[req] GET /api/v1/recipe-discovery 200 5ms 4edba6e2-7d00-4feb-a89d-49cee391e66a
[req] GET /api/v1/me 200 1ms 238b9c6b-e3eb-4bc1-ad84-5e785531beb0
[req] GET /api/v1/week/current 200 0ms 1a52340d-e7fb-45d1-ae89-1b062e74e470
[req] GET /api/v1/inventory 200 0ms 5bbdfcc4-1277-46e3-a3d3-8a87a2597892
[req] GET /api/v1/recipe-discovery 200 3ms ae65248d-03ab-462b-a04f-dae02d10881f
[req] GET /api/v1/inventory 200 0ms 1b770b76-b5df-4e6e-9385-afb0446ea3df
[req] GET /api/v1/me 200 0ms 35dc0666-3fe1-4ceb-b363-e3cd7b47b94c
[req] PATCH /api/v1/preferences 200 0ms 50abf9e7-7a3e-4e63-9f27-9d60dd8a3919
[req] GET /api/v1/inventory 200 1ms ed631bc1-6e70-4ea1-90dc-d4e37f97d23f
[req] GET /api/v1/me 200 0ms 1bdad923-02dc-4a92-a169-3a164029e02c
[req] GET /api/v1/recipe-discovery 200 4ms fcbd8bfa-4294-4a66-8f8d-cd6c6bdae8bf
[req] GET /api/v1/me 200 0ms 4c58fb90-10f0-4236-b4e1-dd4a84d12b8b
[req] GET /api/v1/recipe-discovery 200 3ms 314046a0-62a8-4ef4-bb99-fb38a3d70fa9
[req] GET /api/v1/inventory 200 0ms 27e4c012-847c-470b-8f8b-1ad84491c30c
[req] GET /api/v1/me 200 0ms 5f6b62bd-e93e-4fab-a505-e5793ee61d52
[req] PATCH /api/v1/preferences 200 1ms 36e3fc89-1daf-469e-be7a-f391d76cce2e
[req] GET /api/v1/inventory 200 1ms 0d0c2c65-049f-4abc-85f0-122a23a05ef1
[req] GET /api/v1/me 200 0ms a7a6a67f-e88e-4da5-ac18-8338dd7ae63b
[req] GET /api/v1/recipes/kimchi-fried-rice 200 1ms 5887f74a-fe5d-4039-a8f7-fc5176be4e07
[req] GET /api/v1/inventory 200 0ms 54f22914-28f3-49f9-936c-99312876d2c4
[req] GET /api/v1/me 200 0ms e832fbd4-e89c-4aaf-b490-62069dea76e6
[req] GET /api/v1/recipes/kimchi-fried-rice 200 1ms beb009bd-6985-47f5-bc8a-1f4344b8faed
[req] GET /api/v1/inventory 200 0ms b8586099-99a4-4b86-a7db-2402134c9100
[req] GET /api/v1/inventory 200 1ms 586cdd39-7df9-4d55-b161-d12de7c63662
[req] GET /api/v1/me 200 0ms 65fbe359-1be4-443f-9fac-4ff7ac0454a0
[req] PATCH /api/v1/preferences 200 1ms fc32cfd9-9398-4bb3-a14b-b571f75a9051
[req] GET /api/v1/inventory 200 1ms c9730b2a-8d38-4f54-85b9-cb6d1b3be50a
[req] GET /api/v1/me 200 0ms 1e70a7f5-9af6-488b-9dae-a58fe0178322
[req] GET /api/v1/week/current 200 1ms 5e482884-09f8-49a2-8470-7459d94adf93
[req] GET /api/v1/inventory 200 1ms 212db294-e205-4d50-8dd1-f8b79dbe4158
[req] GET /api/v1/recipe-discovery 200 5ms 83858178-cdad-46e0-b46e-a30cc5b76226
[req] GET /api/v1/me 200 0ms 70062201-c943-4b49-83cd-52f9a5acd0b9
[req] GET /api/v1/week/current 200 1ms f683728f-e14e-4996-9c8e-84e117b96174
[req] GET /api/v1/inventory 200 0ms ebd367ad-4840-4d90-8fd1-87081ffc88ff
[req] GET /api/v1/recipe-discovery 200 3ms 1bac121c-2333-4e51-aafe-9d7d3cf8c619
[req] GET /api/v1/inventory 200 0ms 5cea195e-c30e-4117-bfaf-d94497c65a2d
[req] GET /api/v1/me 200 1ms 30289aa5-4e4e-4e3e-9022-2724d42798ff
[req] PATCH /api/v1/preferences 200 0ms a3aed2e5-2373-490c-8b96-8a637a433b68
[req] GET /api/v1/inventory 200 1ms f2ddf94d-0fa4-4815-8acb-d9ddd5c1e6e6
[req] GET /api/v1/me 200 1ms d62d1148-b1cf-4f04-b620-c2714db45cdc
[req] GET /api/v1/recipe-discovery 200 5ms 894c5b90-81c2-4476-94ac-ec0030db68e1
[req] GET /api/v1/me 200 1ms a40bc292-056e-445c-87a6-f9ea22981e03
[req] GET /api/v1/recipe-discovery 200 5ms ab75dbbb-9bb3-4f62-88f0-bb3883f5ef57
[req] GET /api/v1/inventory 200 2ms 41eb61d5-07c3-4eee-833c-9c9913021332
[req] GET /api/v1/me 200 0ms 0a03ba06-34cb-4a00-9b82-140f9eea33d1
[req] PATCH /api/v1/preferences 200 0ms a43c4a4b-bef5-4364-9447-537eacfad909
[req] GET /api/v1/inventory 200 0ms 76868b60-0ce9-4a4b-a4e0-7c26e13e07dd
[req] GET /api/v1/me 200 1ms 5c5d5dcd-fe87-4ad2-ac33-3c3e55758723
[req] GET /api/v1/recipes/kimchi-fried-rice 200 1ms 85265d8a-9c78-47f6-bf08-c98cbbdeb90d
[req] GET /api/v1/inventory 200 1ms 034e07ae-2701-48ab-ad81-e442fe0626c6
[req] GET /api/v1/me 200 1ms 4e279174-ccef-4282-9198-e2b8c34cea65
[req] GET /api/v1/recipes/kimchi-fried-rice 200 1ms d1ae67b9-86a4-4a2b-8a04-efefb039fe9e
[req] GET /api/v1/inventory 200 1ms f86f1e31-ac41-43d0-93de-d9ce76d743f9
[req] GET /api/v1/inventory 200 0ms f31491c1-4a3f-4c70-8a9d-ff3a869b4e71
[req] GET /api/v1/me 200 0ms 39801bea-2a61-4cc9-99e4-e75ebaef2aaf
[req] PATCH /api/v1/preferences 200 0ms 90bdb330-3661-47e4-bb44-aa03157d2dd0
[req] GET /api/v1/inventory 200 1ms 2ea71644-c812-488c-8ce0-95b38ab00ec7
[req] GET /api/v1/me 200 1ms 8fbd6e68-fa65-400b-824f-3c8feb41fabd
[req] GET /api/v1/week/current 200 0ms 1c2da7cb-6de5-4169-a7c9-c2990b17c1e6
[req] GET /api/v1/inventory 200 1ms b0e7eb6b-932d-447d-89a4-4b2d5077e490
[req] GET /api/v1/recipe-discovery 200 3ms ca0a654d-7d6e-4333-b282-9ffba3469eef
[req] GET /api/v1/recipe-discovery 200 4ms 593af351-4559-4bfe-b3a0-2ecfcf99daa5
[req] GET /api/v1/recipes/kimchi-fried-rice 200 0ms 7d5b393c-89c2-4295-84be-084303cfbb8a
[req] GET /api/v1/inventory 200 0ms cd15eaef-cb38-4937-8a07-843162008969
[req] GET /api/v1/inventory 200 1ms fb28a05a-d0fa-4672-93a0-b4a3940e8f9d
