landing-320: axe0 / overflow0 / assets0
login-320: axe0 / overflow0 / assets0
register-320: axe0 / overflow0 / assets0
verify-missing-320: axe0 / overflow0 / assets0
forgot-320: axe0 / overflow0 / assets0
landing-390: axe0 / overflow0 / assets0
login-390: axe0 / overflow0 / assets0
register-390: axe0 / overflow0 / assets0
verify-missing-390: axe0 / overflow0 / assets0
forgot-390: axe0 / overflow0 / assets0
landing-768: axe0 / overflow0 / assets0
login-768: axe0 / overflow0 / assets0
register-768: axe0 / overflow0 / assets0
verify-missing-768: axe0 / overflow0 / assets0
forgot-768: axe0 / overflow0 / assets0
landing-1024: axe0 / overflow0 / assets0
login-1024: axe0 / overflow0 / assets0
register-1024: axe0 / overflow0 / assets0
verify-missing-1024: axe0 / overflow0 / assets0
forgot-1024: axe0 / overflow0 / assets0
landing-1440: axe0 / overflow0 / assets0
login-1440: axe0 / overflow0 / assets0
register-1440: axe0 / overflow0 / assets0
verify-missing-1440: axe0 / overflow0 / assets0
forgot-1440: axe0 / overflow0 / assets0
otp-undelivered-320: axe0 / overflow0 / assets0
otp-undelivered-1440: axe0 / overflow0 / assets0
otp-enlarged-320: axe0 / overflow0 / assets0
landing-enlarged-320: axe0 / overflow0 / assets0
login-enlarged-320: axe0 / overflow0 / assets0
onboarding-household-320: axe0 / overflow0 / assets0
onboarding-food-320: axe0 / overflow0 / assets0
onboarding-goal-320: axe0 / overflow0 / assets0
onboarding-household-390: axe0 / overflow0 / assets0
onboarding-food-390: axe0 / overflow0 / assets0
onboarding-goal-390: axe0 / overflow0 / assets0
onboarding-household-768: axe0 / overflow0 / assets0
onboarding-food-768: axe0 / overflow0 / assets0
onboarding-goal-768: axe0 / overflow0 / assets0
onboarding-household-1024: axe0 / overflow0 / assets0
onboarding-food-1024: axe0 / overflow0 / assets0
onboarding-goal-1024: axe0 / overflow0 / assets0
onboarding-household-1440: axe0 / overflow0 / assets0
onboarding-food-1440: axe0 / overflow0 / assets0
onboarding-goal-1440: axe0 / overflow0 / assets0
onboarding-household-enlarged-320: axe0 / overflow0 / assets0
onboarding-preferences-enlarged-320: axe0 / overflow0 / assets0
onboarding-goals-enlarged-320: axe0 / overflow0 / assets0
profile-320: axe0 / overflow0 / assets0
preferences-320: axe0 / overflow0 / assets0
family-320: axe0 / overflow0 / assets0
app-settings-320: axe0 / overflow0 / assets0
planning-settings-320: axe0 / overflow0 / assets0
notification-settings-320: axe0 / overflow0 / assets0
privacy-320: axe0 / overflow0 / assets0
inbox-320: axe0 / overflow0 / assets0
profile-390: axe0 / overflow0 / assets0
preferences-390: axe0 / overflow0 / assets0
family-390: axe0 / overflow0 / assets0
app-settings-390: axe0 / overflow0 / assets0
planning-settings-390: axe0 / overflow0 / assets0
notification-settings-390: axe0 / overflow0 / assets0
privacy-390: axe0 / overflow0 / assets0
inbox-390: axe0 / overflow0 / assets0
profile-768: axe0 / overflow0 / assets0
preferences-768: axe0 / overflow0 / assets0
family-768: axe0 / overflow0 / assets0
app-settings-768: axe0 / overflow0 / assets0
planning-settings-768: axe0 / overflow0 / assets0
notification-settings-768: axe0 / overflow0 / assets0
privacy-768: axe0 / overflow0 / assets0
inbox-768: axe0 / overflow0 / assets0
profile-1024: axe0 / overflow0 / assets0
preferences-1024: axe0 / overflow0 / assets0
family-1024: axe0 / overflow0 / assets0
app-settings-1024: axe0 / overflow0 / assets0
planning-settings-1024: axe0 / overflow0 / assets0
notification-settings-1024: axe0 / overflow0 / assets0
privacy-1024: axe0 / overflow0 / assets0
inbox-1024: axe0 / overflow0 / assets0
profile-1440: axe0 / overflow0 / assets0
preferences-1440: axe0 / overflow0 / assets0
family-1440: axe0 / overflow0 / assets0
app-settings-1440: axe0 / overflow0 / assets0
planning-settings-1440: axe0 / overflow0 / assets0
notification-settings-1440: axe0 / overflow0 / assets0
privacy-1440: axe0 / overflow0 / assets0
inbox-1440: axe0 / overflow0 / assets0
install-help-dialog: axe0 / overflow0 / assets0
logout-dialog: axe0 / overflow0 / assets0
inbox-loading: axe0 / overflow0 / assets0
food-save-error: axe0 / overflow0 / assets0
planning-save-error: axe0 / overflow0 / assets0
inbox-empty: axe0 / overflow0 / assets0
inbox-error: axe0 / overflow0 / assets0
inbox-recovered: axe0 / overflow0 / assets0
profile-enlarged-320: axe0 / overflow0 / assets0
preferences-enlarged-320: axe0 / overflow0 / assets0
family-enlarged-320: axe0 / overflow0 / assets0
app-settings-enlarged-320: axe0 / overflow0 / assets0
planning-settings-enlarged-320: axe0 / overflow0 / assets0
notification-settings-enlarged-320: axe0 / overflow0 / assets0
privacy-enlarged-320: axe0 / overflow0 / assets0
inbox-enlarged-320: axe0 / overflow0 / assets0
install-dialog-short-390: axe0 / overflow0 / assets0
profile-normal-motion: axe0 / overflow0 / assets0
UI08 106 checks / 13 journeys / 0 page errors
