landing-320: axe0 / overflow0 / assets0
login-320: axe0 / overflow0 / assets0
register-320: axe0 / overflow0 / assets0
verify-missing-320: axe0 / overflow0 / assets0
forgot-320: axe0 / overflow0 / assets0
landing-390: axe0 / overflow0 / assets0
login-390: axe0 / overflow0 / assets0
register-390: axe0 / overflow0 / assets0
verify-missing-390: axe0 / overflow0 / assets0
forgot-390: axe0 / overflow0 / assets0
landing-768: axe0 / overflow0 / assets0
login-768: axe0 / overflow0 / assets0
register-768: axe0 / overflow0 / assets0
verify-missing-768: axe0 / overflow0 / assets0
forgot-768: axe0 / overflow0 / assets0
landing-1024: axe0 / overflow0 / assets0
login-1024: axe0 / overflow0 / assets0
register-1024: axe0 / overflow0 / assets0
verify-missing-1024: axe0 / overflow0 / assets0
forgot-1024: axe0 / overflow0 / assets0
landing-1440: axe0 / overflow0 / assets0
login-1440: axe0 / overflow0 / assets0
register-1440: axe0 / overflow0 / assets0
verify-missing-1440: axe0 / overflow0 / assets0
forgot-1440: axe0 / overflow0 / assets0
otp-undelivered-320: axe0 / overflow0 / assets0
otp-undelivered-1440: axe0 / overflow0 / assets0
onboarding-household-320: axe0 / overflow0 / assets0
onboarding-food-320: axe0 / overflow0 / assets0
onboarding-goal-320: axe0 / overflow0 / assets0
onboarding-household-390: axe0 / overflow0 / assets0
onboarding-food-390: axe0 / overflow0 / assets0
onboarding-goal-390: axe0 / overflow0 / assets0
onboarding-household-768: axe0 / overflow0 / assets0
onboarding-food-768: axe0 / overflow0 / assets0
onboarding-goal-768: axe0 / overflow0 / assets0
onboarding-household-1024: axe0 / overflow0 / assets0
onboarding-food-1024: axe0 / overflow0 / assets0
onboarding-goal-1024: axe0 / overflow0 / assets0
onboarding-household-1440: axe0 / overflow0 / assets0
onboarding-food-1440: axe0 / overflow0 / assets0
onboarding-goal-1440: axe0 / overflow0 / assets0
node:internal/modules/run_main:107
    triggerUncaughtException(
    ^

locator.check: Timeout 30000ms exceeded.
Call log:
  - waiting for getByRole('radio', { name: '3 người', exact: true })
    - locator resolved to <input value="3" type="radio" class="peer sr-only" aria-label="3 người" name="household-size"/>
  - attempting click action
    2 × waiting for element to be visible, enabled and stable
      - element is visible, enabled and stable
      - scrolling into view if needed
      - done scrolling
      - <label class="min-w-0 flex-1 cursor-pointer">…</label> intercepts pointer events
    - retrying click action
    - waiting 20ms
    2 × waiting for element to be visible, enabled and stable
      - element is visible, enabled and stable
      - scrolling into view if needed
      - done scrolling
      - <label class="min-w-0 flex-1 cursor-pointer">…</label> intercepts pointer events
    - retrying click action
      - waiting 100ms
    58 × waiting for element to be visible, enabled and stable
       - element is visible, enabled and stable
       - scrolling into view if needed
       - done scrolling
       - <label class="min-w-0 flex-1 cursor-pointer">…</label> intercepts pointer events
     - retrying click action
       - waiting 500ms

    at /Users/tunbee27/Documents/Tako-san-ui-rebuild/scripts/ui08-browser-check.mjs:95:67 {
  log: [
    "  - waiting for getByRole('radio', { name: '3 người', exact: true })",
    '    - locator resolved to <input value="3" type="radio" class="peer sr-only" aria-label="3 người" name="household-size"/>',
    '  - attempting click action',
    '    2 × waiting for element to be visible, enabled and stable',
    '      - element is visible, enabled and stable',
    '      - scrolling into view if needed',
    '      - done scrolling',
    '      - <label class="min-w-0 flex-1 cursor-pointer">…</label> intercepts pointer events',
    '    - retrying click action',
    '    - waiting 20ms',
    '    2 × waiting for element to be visible, enabled and stable',
    '      - element is visible, enabled and stable',
    '      - scrolling into view if needed',
    '      - done scrolling',
    '      - <label class="min-w-0 flex-1 cursor-pointer">…</label> intercepts pointer events',
    '    - retrying click action',
    '      - waiting 100ms',
    '    58 × waiting for element to be visible, enabled and stable',
    '       - element is visible, enabled and stable',
    '       - scrolling into view if needed',
    '       - done scrolling',
    '       - <label class="min-w-0 flex-1 cursor-pointer">…</label> intercepts pointer events',
    '     - retrying click action',
    '       - waiting 500ms'
  ],
  name: 'TimeoutError'
}

Node.js v24.16.0
