┌─────────────────────┬────────────────────────────────────────────────────────┐
│ critical            │ Tinypool: Prototype Pollution gadget in worker options │
│                     │ leads to Remote Code Execution                         │
├─────────────────────┼────────────────────────────────────────────────────────┤
│ Package             │ tinypool                                               │
├─────────────────────┼────────────────────────────────────────────────────────┤
│ Vulnerable versions │ <=2.1.0                                                │
├─────────────────────┼────────────────────────────────────────────────────────┤
│ Patched versions    │ >=2.1.1                                                │
├─────────────────────┼────────────────────────────────────────────────────────┤
│ Paths               │ .>vitest>tinypool                                      │
├─────────────────────┼────────────────────────────────────────────────────────┤
│ More info           │ https://github.com/advisories/GHSA-5gmw-xhrv-c9v3      │
└─────────────────────┴────────────────────────────────────────────────────────┘
┌─────────────────────┬────────────────────────────────────────────────────────┐
│ critical            │ Tinypool: Prototype Pollution Gadget to RCE in run()   │
│                     │ options                                                │
├─────────────────────┼────────────────────────────────────────────────────────┤
│ Package             │ tinypool                                               │
├─────────────────────┼────────────────────────────────────────────────────────┤
│ Vulnerable versions │ <2.1.2                                                 │
├─────────────────────┼────────────────────────────────────────────────────────┤
│ Patched versions    │ >=2.1.2                                                │
├─────────────────────┼────────────────────────────────────────────────────────┤
│ Paths               │ .>vitest>tinypool                                      │
├─────────────────────┼────────────────────────────────────────────────────────┤
│ More info           │ https://github.com/advisories/GHSA-85c8-ppgw-ccpr      │
└─────────────────────┴────────────────────────────────────────────────────────┘
┌─────────────────────┬────────────────────────────────────────────────────────┐
│ high                │ Undici has Unbounded Memory Consumption in WebSocket   │
│                     │ permessage-deflate Decompression                       │
├─────────────────────┼────────────────────────────────────────────────────────┤
│ Package             │ undici                                                 │
├─────────────────────┼────────────────────────────────────────────────────────┤
│ Vulnerable versions │ <6.24.0                                                │
├─────────────────────┼────────────────────────────────────────────────────────┤
│ Patched versions    │ >=6.24.0                                               │
├─────────────────────┼────────────────────────────────────────────────────────┤
│ Paths               │ .>wrangler>miniflare>undici                            │
├─────────────────────┼────────────────────────────────────────────────────────┤
│ More info           │ https://github.com/advisories/GHSA-vrm6-8vpv-qv8q      │
└─────────────────────┴────────────────────────────────────────────────────────┘
┌─────────────────────┬────────────────────────────────────────────────────────┐
│ high                │ Undici has Unhandled Exception in WebSocket Client Due │
│                     │ to Invalid server_max_window_bits Validation           │
├─────────────────────┼────────────────────────────────────────────────────────┤
│ Package             │ undici                                                 │
├─────────────────────┼────────────────────────────────────────────────────────┤
│ Vulnerable versions │ <6.24.0                                                │
├─────────────────────┼────────────────────────────────────────────────────────┤
│ Patched versions    │ >=6.24.0                                               │
├─────────────────────┼────────────────────────────────────────────────────────┤
│ Paths               │ .>wrangler>miniflare>undici                            │
├─────────────────────┼────────────────────────────────────────────────────────┤
│ More info           │ https://github.com/advisories/GHSA-v9p9-hfj2-hcw8      │
└─────────────────────┴────────────────────────────────────────────────────────┘
┌─────────────────────┬────────────────────────────────────────────────────────┐
│ high                │ undici WebSocket client vulnerable to denial of        │
│                     │ service via fragment count bypass                      │
├─────────────────────┼────────────────────────────────────────────────────────┤
│ Package             │ undici                                                 │
├─────────────────────┼────────────────────────────────────────────────────────┤
│ Vulnerable versions │ <6.27.0                                                │
├─────────────────────┼────────────────────────────────────────────────────────┤
│ Patched versions    │ >=6.27.0                                               │
├─────────────────────┼────────────────────────────────────────────────────────┤
│ Paths               │ .>wrangler>miniflare>undici                            │
├─────────────────────┼────────────────────────────────────────────────────────┤
│ More info           │ https://github.com/advisories/GHSA-vxpw-j846-p89q      │
└─────────────────────┴────────────────────────────────────────────────────────┘
┌─────────────────────┬────────────────────────────────────────────────────────┐
│ high                │ ws: Memory exhaustion DoS from tiny fragments and data │
│                     │ chunks                                                 │
├─────────────────────┼────────────────────────────────────────────────────────┤
│ Package             │ ws                                                     │
├─────────────────────┼────────────────────────────────────────────────────────┤
│ Vulnerable versions │ >=8.0.0 <8.21.0                                        │
├─────────────────────┼────────────────────────────────────────────────────────┤
│ Patched versions    │ >=8.21.0                                               │
├─────────────────────┼────────────────────────────────────────────────────────┤
│ Paths               │ .>jsdom>ws                                             │
├─────────────────────┼────────────────────────────────────────────────────────┤
│ More info           │ https://github.com/advisories/GHSA-96hv-2xvq-fx4p      │
└─────────────────────┴────────────────────────────────────────────────────────┘
┌─────────────────────┬────────────────────────────────────────────────────────┐
│ high                │ sharp inherited vulnerabilities in libvips:            │
│                     │ CVE-2026-33327, CVE-2026-33328, CVE-2026-35590,        │
│                     │ CVE-2026-35591                                         │
├─────────────────────┼────────────────────────────────────────────────────────┤
│ Package             │ sharp                                                  │
├─────────────────────┼────────────────────────────────────────────────────────┤
│ Vulnerable versions │ <0.35.0                                                │
├─────────────────────┼────────────────────────────────────────────────────────┤
│ Patched versions    │ >=0.35.0                                               │
├─────────────────────┼────────────────────────────────────────────────────────┤
│ Paths               │ .>sharp                                                │
├─────────────────────┼────────────────────────────────────────────────────────┤
│ More info           │ https://github.com/advisories/GHSA-f88m-g3jw-g9cj      │
└─────────────────────┴────────────────────────────────────────────────────────┘
┌─────────────────────┬────────────────────────────────────────────────────────┐
│ high                │ sharp: Vulnerabilities in libheif: GHSA-g89c-p67h-r497 │
│                     │ and GHSA-2jg2-4ch7-h545                                │
├─────────────────────┼────────────────────────────────────────────────────────┤
│ Package             │ sharp                                                  │
├─────────────────────┼────────────────────────────────────────────────────────┤
│ Vulnerable versions │ <0.35.4                                                │
├─────────────────────┼────────────────────────────────────────────────────────┤
│ Patched versions    │ >=0.35.4                                               │
├─────────────────────┼────────────────────────────────────────────────────────┤
│ Paths               │ .>sharp                                                │
├─────────────────────┼────────────────────────────────────────────────────────┤
│ More info           │ https://github.com/advisories/GHSA-rgj7-g3m4-5g8c      │
└─────────────────────┴────────────────────────────────────────────────────────┘
┌─────────────────────┬────────────────────────────────────────────────────────┐
│ high                │ brace-expansion: DoS via uncontrolled recursion on     │
│                     │ nested brace groups causing stack exhaustion           │
├─────────────────────┼────────────────────────────────────────────────────────┤
│ Package             │ brace-expansion                                        │
├─────────────────────┼────────────────────────────────────────────────────────┤
│ Vulnerable versions │ <1.1.20                                                │
├─────────────────────┼────────────────────────────────────────────────────────┤
│ Patched versions    │ >=1.1.20                                               │
├─────────────────────┼────────────────────────────────────────────────────────┤
│ Paths               │ .>eslint>minimatch>brace-expansion                     │
├─────────────────────┼────────────────────────────────────────────────────────┤
│ More info           │ https://github.com/advisories/GHSA-qhr7-859c-m2p7      │
└─────────────────────┴────────────────────────────────────────────────────────┘
┌─────────────────────┬────────────────────────────────────────────────────────┐
│ high                │ brace-expansion: DoS via uncontrolled recursion on     │
│                     │ nested brace groups causing stack exhaustion           │
├─────────────────────┼────────────────────────────────────────────────────────┤
│ Package             │ brace-expansion                                        │
├─────────────────────┼────────────────────────────────────────────────────────┤
│ Vulnerable versions │ >=2.0.0 <2.1.6                                         │
├─────────────────────┼────────────────────────────────────────────────────────┤
│ Patched versions    │ >=2.1.6                                                │
├─────────────────────┼────────────────────────────────────────────────────────┤
│ Paths               │ .>vite-plugin-pwa>workbox-build>@trickfilm400/rollup-  │
│                     │ plugin-off-main-                                       │
│                     │ thread>ejs>jake>filelist>minimatch>brace-expansion     │
├─────────────────────┼────────────────────────────────────────────────────────┤
│ More info           │ https://github.com/advisories/GHSA-qhr7-859c-m2p7      │
└─────────────────────┴────────────────────────────────────────────────────────┘
┌─────────────────────┬────────────────────────────────────────────────────────┐
│ high                │ brace-expansion: DoS via uncontrolled recursion on     │
│                     │ nested brace groups causing stack exhaustion           │
├─────────────────────┼────────────────────────────────────────────────────────┤
│ Package             │ brace-expansion                                        │
├─────────────────────┼────────────────────────────────────────────────────────┤
│ Vulnerable versions │ >=4.0.0 <5.0.11                                        │
├─────────────────────┼────────────────────────────────────────────────────────┤
│ Patched versions    │ >=5.0.11                                               │
├─────────────────────┼────────────────────────────────────────────────────────┤
│ Paths               │ .>@typescript-eslint/eslint-plugin>@typescript-eslint/ │
│                     │ type-utils>@typescript-eslint/typescript-              │
│                     │ estree>minimatch>brace-expansion                       │
├─────────────────────┼────────────────────────────────────────────────────────┤
│ More info           │ https://github.com/advisories/GHSA-qhr7-859c-m2p7      │
└─────────────────────┴────────────────────────────────────────────────────────┘
┌─────────────────────┬────────────────────────────────────────────────────────┐
│ high                │ brace-expansion: DoS via uncontrolled recursion in     │
│                     │ parseCommaParts causing stack exhaustion               │
├─────────────────────┼────────────────────────────────────────────────────────┤
│ Package             │ brace-expansion                                        │
├─────────────────────┼────────────────────────────────────────────────────────┤
│ Vulnerable versions │ <1.1.19                                                │
├─────────────────────┼────────────────────────────────────────────────────────┤
│ Patched versions    │ >=1.1.19                                               │
├─────────────────────┼────────────────────────────────────────────────────────┤
│ Paths               │ .>eslint>minimatch>brace-expansion                     │
├─────────────────────┼────────────────────────────────────────────────────────┤
│ More info           │ https://github.com/advisories/GHSA-6j4f-fj2g-mc7p      │
└─────────────────────┴────────────────────────────────────────────────────────┘
┌─────────────────────┬────────────────────────────────────────────────────────┐
│ high                │ brace-expansion: DoS via uncontrolled recursion in     │
│                     │ parseCommaParts causing stack exhaustion               │
├─────────────────────┼────────────────────────────────────────────────────────┤
│ Package             │ brace-expansion                                        │
├─────────────────────┼────────────────────────────────────────────────────────┤
│ Vulnerable versions │ >=2.0.0 <2.1.5                                         │
├─────────────────────┼────────────────────────────────────────────────────────┤
│ Patched versions    │ >=2.1.5                                                │
├─────────────────────┼────────────────────────────────────────────────────────┤
│ Paths               │ .>vite-plugin-pwa>workbox-build>@trickfilm400/rollup-  │
│                     │ plugin-off-main-                                       │
│                     │ thread>ejs>jake>filelist>minimatch>brace-expansion     │
├─────────────────────┼────────────────────────────────────────────────────────┤
│ More info           │ https://github.com/advisories/GHSA-6j4f-fj2g-mc7p      │
└─────────────────────┴────────────────────────────────────────────────────────┘
┌─────────────────────┬────────────────────────────────────────────────────────┐
│ high                │ brace-expansion: DoS via uncontrolled recursion in     │
│                     │ parseCommaParts causing stack exhaustion               │
├─────────────────────┼────────────────────────────────────────────────────────┤
│ Package             │ brace-expansion                                        │
├─────────────────────┼────────────────────────────────────────────────────────┤
│ Vulnerable versions │ >=4.0.0 <5.0.10                                        │
├─────────────────────┼────────────────────────────────────────────────────────┤
│ Patched versions    │ >=5.0.10                                               │
├─────────────────────┼────────────────────────────────────────────────────────┤
│ Paths               │ .>@typescript-eslint/eslint-plugin>@typescript-eslint/ │
│                     │ type-utils>@typescript-eslint/typescript-              │
│                     │ estree>minimatch>brace-expansion                       │
├─────────────────────┼────────────────────────────────────────────────────────┤
│ More info           │ https://github.com/advisories/GHSA-6j4f-fj2g-mc7p      │
└─────────────────────┴────────────────────────────────────────────────────────┘
┌─────────────────────┬────────────────────────────────────────────────────────┐
│ high                │ @fastify/busboy vulnerable to Denial of Service via    │
│                     │ prototype-named multipart part header                  │
├─────────────────────┼────────────────────────────────────────────────────────┤
│ Package             │ @fastify/busboy                                        │
├─────────────────────┼────────────────────────────────────────────────────────┤
│ Vulnerable versions │ >=1.0.0 <3.2.1                                         │
├─────────────────────┼────────────────────────────────────────────────────────┤
│ Patched versions    │ >=3.2.1                                                │
├─────────────────────┼────────────────────────────────────────────────────────┤
│ Paths               │ .>wrangler>miniflare>undici>@fastify/busboy            │
├─────────────────────┼────────────────────────────────────────────────────────┤
│ More info           │ https://github.com/advisories/GHSA-x8mw-p69m-v3mx      │
└─────────────────────┴────────────────────────────────────────────────────────┘
┌─────────────────────┬────────────────────────────────────────────────────────┐
│ high                │ braces vulnerable to stack-exhaustion denial of        │
│                     │ service through deeply nested patterns                 │
├─────────────────────┼────────────────────────────────────────────────────────┤
│ Package             │ braces                                                 │
├─────────────────────┼────────────────────────────────────────────────────────┤
│ Vulnerable versions │ <=3.0.3                                                │
├─────────────────────┼────────────────────────────────────────────────────────┤
│ Patched versions    │ <0.0.0                                                 │
├─────────────────────┼────────────────────────────────────────────────────────┤
│ Paths               │ .>tailwindcss>chokidar>braces                          │
├─────────────────────┼────────────────────────────────────────────────────────┤
│ More info           │ https://github.com/advisories/GHSA-vfj7-8cjw-p6xm      │
└─────────────────────┴────────────────────────────────────────────────────────┘
┌─────────────────────┬────────────────────────────────────────────────────────┐
│ high                │ source-map-js allows event-loop denial of service      │
│                     │ through indexed source-map section offsets             │
├─────────────────────┼────────────────────────────────────────────────────────┤
│ Package             │ source-map-js                                          │
├─────────────────────┼────────────────────────────────────────────────────────┤
│ Vulnerable versions │ >=1.0.0 <1.2.2                                         │
├─────────────────────┼────────────────────────────────────────────────────────┤
│ Patched versions    │ >=1.2.2                                                │
├─────────────────────┼────────────────────────────────────────────────────────┤
│ Paths               │ .>postcss>source-map-js                                │
├─────────────────────┼────────────────────────────────────────────────────────┤
│ More info           │ https://github.com/advisories/GHSA-68fv-2mgg-jv7q      │
└─────────────────────┴────────────────────────────────────────────────────────┘
┌─────────────────────┬────────────────────────────────────────────────────────┐
│ high                │ sharp : Vulnerability in librsvg dependency            │
│                     │ CVE-2026-96889                                         │
├─────────────────────┼────────────────────────────────────────────────────────┤
│ Package             │ sharp                                                  │
├─────────────────────┼────────────────────────────────────────────────────────┤
│ Vulnerable versions │ <0.35.5                                                │
├─────────────────────┼────────────────────────────────────────────────────────┤
│ Patched versions    │ >=0.35.5                                               │
├─────────────────────┼────────────────────────────────────────────────────────┤
│ Paths               │ .>sharp                                                │
├─────────────────────┼────────────────────────────────────────────────────────┤
│ More info           │ https://github.com/advisories/GHSA-wq5f-xc86-pv6w      │
└─────────────────────┴────────────────────────────────────────────────────────┘
41 vulnerabilities found
Severity: 4 low | 19 moderate | 16 high | 2 critical
