8:08:06 PM [vite] (client) Re-optimizing dependencies because vite config has changed
Isolated security preview: Vite 5201, in-memory SQLite API 8901, external API fetch disabled; /__preview for synthetic login/reset
[req] GET /api/v1/config 200 2ms 77ff22ef-3aab-4063-89a2-681f3dec25d5
[req] GET /api/v1/config 200 0ms 94c3ca13-611a-49f6-9aa2-fa43351da87d
8:12:22 PM [vite] (client) hmr update /src/web/styles/index.css
8:12:22 PM [vite] (client) hmr update /src/web/features/auth/AuthField.tsx, /src/web/styles/index.css
8:12:22 PM [vite] (client) hmr update /src/web/features/auth/LoginMode.tsx, /src/web/styles/index.css
8:12:22 PM [vite] (client) hmr update /src/web/features/auth/ForgotPasswordMode.tsx, /src/web/styles/index.css
8:12:22 PM [vite] (client) hmr update /src/web/features/auth/OtpMode.tsx, /src/web/styles/index.css
8:12:22 PM [vite] (client) hmr update /src/web/features/auth/AuthShell.tsx, /src/web/styles/index.css
8:12:22 PM [vite] (client) hmr update /src/web/pages/LandingPage.tsx, /src/web/styles/index.css
8:12:22 PM [vite] (client) hmr update /src/web/styles/index.css
[req] GET /api/v1/config 200 0ms 2d30034f-a46d-4f13-865f-b095ad9db145
[req] GET /api/v1/config 200 0ms e7c41408-84d1-4bb9-80dd-04583225f773
[req] GET /api/v1/config 200 0ms eb2d54d1-c16e-4e3b-9951-734af5158c3b
[req] GET /api/v1/config 200 1ms 1cc9088f-c70e-4618-a16b-5947bb9924ae
[req] GET /api/v1/config 200 0ms dbbbd36f-2ad3-4c07-a1b3-4859a6ac93e7
[req] GET /api/v1/config 200 0ms 6e6b4a89-313e-4af7-b2f5-3d8a36913ef6
[req] GET /api/v1/config 200 0ms 8f6a0641-d370-4826-9d36-b5f322dfddd3
[req] GET /api/v1/config 200 0ms a6ca23be-4156-428b-b860-10a4da83783a
[req] GET /api/v1/config 200 0ms 3c5814c8-a031-465b-afa2-0db3a7b06adf
[req] GET /api/v1/config 200 1ms e81d7926-272c-4835-b5b1-202d156ff20c
[req] GET /api/v1/config 200 0ms 0775f258-6f41-4b07-96c1-86d5ea8b1455
[req] GET /api/v1/config 200 0ms c6da8e39-7fd3-4e06-ab46-921c329cc53f
[req] GET /api/v1/config 200 0ms a4b15146-cca1-413e-a39d-21affcd5e4eb
[req] GET /api/v1/config 200 0ms a55cc117-2300-4343-bb6c-6789c8a45ab9
[req] GET /api/v1/config 200 0ms 61b4ec41-2ea3-488a-b3ac-47c8855fc58d
[req] GET /api/v1/config 200 0ms 9fa7e8ca-ee1c-4d92-b1c9-22be217da6e0
[req] GET /api/v1/config 200 1ms 20379a58-e460-4b47-81cb-483fa2215a3d
[req] GET /api/v1/config 200 0ms fefb6a14-775c-4adb-9798-161b61fae9f3
[req] GET /api/v1/config 200 0ms 93720961-704c-4993-8e9e-5570357c3038
[req] GET /api/v1/config 200 0ms 77feea0d-39f2-4be6-9709-bd715fd2170a
[req] GET /api/v1/config 200 0ms 44dadba9-9f60-4d60-9ad3-d62aa2df702e
[req] GET /api/v1/config 200 0ms a39c4585-0b6f-4087-a2a7-8152aafd27ff
[req] GET /api/v1/config 200 0ms 375be8d5-0be4-4053-9e4e-7f09fcb01dcc
[req] GET /api/v1/config 200 1ms 99759bf8-574e-4ed8-add4-31658ca9b89c
[req] GET /api/v1/config 200 0ms 4c0f9f49-a3ef-4794-b2c4-c77c65a0baae
[req] GET /api/v1/config 200 1ms 757e2ee2-5c2b-4d72-8320-71d2f74e4cea
[req] GET /api/v1/config 200 0ms 7bd2a1d5-3895-4b1d-b184-9e381e8e601b
[req] GET /api/v1/config 200 0ms 0bed68cc-d48a-47bf-b21f-fb728e593336
[req] GET /api/v1/config 200 0ms 5ae6b922-63cd-4e8a-ab97-dfde9c41bd8f
[req] GET /api/v1/config 200 0ms d55385f7-1110-4db7-aea4-4c39b57908a4
[req] GET /api/v1/config 200 1ms f8002796-c413-469b-978d-cc4f37da1291
[req] GET /api/v1/config 200 0ms 054841df-84a2-4681-87e6-9df5cab704fc
[req] GET /api/v1/config 200 0ms 11bbad6f-4670-46f6-bb2c-195da9e1eb12
[req] GET /api/v1/config 200 0ms a3e70774-b1cc-4d8d-8330-11edcda14d37
[req] GET /api/v1/config 200 0ms f87b7043-9cea-4f49-9e1c-00e8edfff45b
[req] GET /api/v1/config 200 0ms 0c51cfeb-8d24-44bc-92d4-83a339e9c3b3
[req] GET /api/v1/config 200 0ms d6f6fc73-0df8-4c50-840e-db6eceffcb10
[req] GET /api/v1/config 200 0ms a0ddc347-ad50-43c2-b57a-315b566e0f15
[req] GET /api/v1/config 200 0ms a9382fd1-879f-4698-85ce-42041fac7ef9
[req] GET /api/v1/config 200 0ms ef4eb7af-0c7f-44f2-9a97-a3e4e8e492e5
[req] GET /api/v1/config 200 0ms fcfc466e-2ad3-47f4-8896-72c4b352c96d
[req] GET /api/v1/config 200 0ms 216d897d-35c2-4233-b8a8-122352ca4e5c
[req] GET /api/v1/config 200 1ms e471cf50-5c8b-4b4d-a954-fb755d07e1a7
[req] GET /api/v1/config 200 0ms 8ac35ee1-b931-4c17-bae3-400add140285
[req] GET /api/v1/config 200 0ms 3513adb8-f57e-47d2-80bc-5e8344a7056b
[req] GET /api/v1/config 200 0ms 988070c0-d7c3-4710-9efa-f0d955a30bee
[req] GET /api/v1/config 200 0ms 4d73b19d-0d6f-4b9a-836d-1401bc631a0c
[req] GET /api/v1/config 200 1ms 22fa9683-e60c-4454-9809-ab727174d644
[req] GET /api/v1/config 200 0ms c6ad4773-e20e-4083-860e-2c25f84a5e64
[req] GET /api/v1/config 200 0ms d5e0d397-e577-46d0-86e8-0d95d83cfab9
[req] GET /api/v1/config 200 0ms 6d64e1cf-e9d5-4ff8-bdeb-b705788c399e
[req] GET /api/v1/config 200 0ms 38ba0564-3297-49da-82e2-170ca1531f11
[req] GET /api/v1/config 200 1ms bc7959e5-7d2d-4cea-989b-fc92627279cc
[req] GET /api/v1/config 200 0ms a699ee8e-2c48-4142-852d-78d16ff8171f
[req] GET /api/v1/config 200 0ms bef0c4bc-b1b2-40a0-8614-47cab039b462
[req] GET /api/v1/config 200 0ms def464ab-047d-418a-9888-6415ca775727
[req] GET /api/v1/config 200 0ms b3d535c7-41f5-43ef-8d10-ea74d2ea5a74
[req] GET /api/v1/config 200 0ms 15642bd3-c754-413a-ae0e-389184aced17
[req] GET /api/v1/config 200 1ms 9dafa700-bb53-4f12-8e7f-9f96249d6982
[req] GET /api/v1/config 200 0ms 0a6214e3-c9e0-48b6-bbad-0b67f4869c64
[req] GET /api/v1/config 200 0ms 9a6167e8-5a3c-4b1f-863d-1f34b776779e
[req] GET /api/v1/config 200 0ms 33c49233-cf68-4021-b0c9-8aca8d7685a6
[req] GET /api/v1/me 200 2ms 9a106909-fca7-4bb2-a648-d47a56427521
[req] GET /api/v1/me 200 0ms a956297b-9c15-4062-b35e-4606099f0eb9
[req] GET /api/v1/me 200 1ms 68953dd9-394c-4c18-a321-06da451b6bc9
[req] GET /api/v1/me 200 1ms 09dbff28-559e-4ab1-8053-b1c2774a750f
[req] GET /api/v1/me 200 1ms c7a14307-a872-4286-b8c3-5d339a641f6a
[req] GET /api/v1/me 200 0ms 3706e999-99d0-4a26-b33a-eb4b2d2f6a2b
[req] GET /api/v1/me 200 1ms 5d6bf169-c696-43a9-ae6f-32e09e3f67bf
[req] GET /api/v1/me 200 1ms 134f3558-836e-49ff-9626-005601dcbb86
[req] GET /api/v1/me 200 1ms 65f9ba1a-9a20-4e35-9573-08404977fb1c
[req] GET /api/v1/me 200 0ms 2a5db483-d54c-44b3-b3ca-db41675f3359
[req] GET /api/v1/me 200 0ms 36d9b367-c912-41d3-96b3-e9663885fd2e
[req] GET /api/v1/me 200 1ms 56721928-18a8-45e0-a3ab-a1f8c8ff4869
[req] GET /api/v1/me 200 1ms 3c18824d-a6a8-4fa2-932b-e311659d121d
[req] GET /api/v1/me 200 1ms c5ef4b89-ca08-4159-9e3a-6f367b974860
[req] GET /api/v1/me 200 0ms bc049029-6ad2-4ec3-8ef7-4b5a28bdcb1b
[req] GET /api/v1/me 200 1ms 795e22ac-5a4c-43cc-98a2-030f9f7bdc0f
[req] GET /api/v1/me 200 1ms 65af0a0e-e585-44a5-afe5-1dd5d0c9e2f9
[req] GET /api/v1/me 200 1ms 8fb0106a-bd58-43e4-b820-7ee73dab5f28
8:14:11 PM [vite] (client) hmr update /src/web/features/auth/LoginMode.tsx, /src/web/styles/index.css
8:14:11 PM [vite] (client) hmr update /src/web/styles/index.css
[req] GET /api/v1/config 200 0ms 9f7e9b23-fba3-43bc-a671-2bb224539e06
[req] GET /api/v1/config 200 1ms 2ebd8b39-1054-4511-922c-b4f330d6c489
[req] GET /api/v1/config 200 0ms 6c49694c-b523-4715-954d-b8af33fae84a
[req] GET /api/v1/config 200 1ms f8da448d-6951-4e5c-ba7b-41e82bb82ae2
[req] GET /api/v1/config 200 0ms 5f56cbcf-329a-4117-9392-9a57a0515dc3
[req] GET /api/v1/config 200 1ms c5d8817a-c4c0-40b8-838f-6a5cd83ddb10
[req] GET /api/v1/config 200 0ms 4165f618-f1ea-452e-a96f-96cdd2e19e50
[req] GET /api/v1/config 200 0ms 5786cf88-91ee-44b6-a57f-c2eb714b5cf1
[req] GET /api/v1/config 200 0ms 857bf249-98c5-46e5-bfe5-610b7d574b6e
[req] GET /api/v1/config 200 0ms e916097c-6c6d-4e29-bebe-07e63f4ddbd9
[req] GET /api/v1/config 200 0ms 239c4e9e-628a-404f-a2dc-ca99893daaf9
[req] GET /api/v1/config 200 0ms f1c9320d-f680-4a53-b411-624d1f3b5a4e
[req] GET /api/v1/config 200 0ms 6786b31b-9c13-46bd-814a-ba7c98f42537
[req] GET /api/v1/config 200 0ms 34361e7a-c334-42b0-b9c9-cb5cc06c4c05
[req] GET /api/v1/config 200 0ms 3170762e-eedd-46d1-a823-3d52673b7094
[req] GET /api/v1/config 200 0ms 44c805d0-64d4-4e09-8bd2-65483873e518
[req] GET /api/v1/config 200 0ms 3c91f9be-dfaf-468f-8fc1-ac7c081d038a
[req] GET /api/v1/config 200 0ms 5efdfa9d-3e79-4f2f-9db8-6939cc4a7478
[req] GET /api/v1/config 200 1ms f08192c6-4dcd-4bdd-863b-94a4719a18de
[req] GET /api/v1/config 200 1ms b09acc73-13e6-49b4-810d-0c4bd82249cf
[req] GET /api/v1/config 200 0ms 62597f0c-d691-4cd6-9b09-992e52d312e7
[req] GET /api/v1/config 200 0ms 2dbf3088-db28-465c-b1bd-b3a7168e6760
[req] GET /api/v1/config 200 0ms 0cb327e0-aa05-4ebf-b489-53aabe8b8b4c
[req] GET /api/v1/config 200 0ms e4585133-adce-4b08-b57f-bae696ae06c7
[req] GET /api/v1/config 200 0ms 85fa6f22-ca58-4981-ba59-cc79e7e10157
[req] GET /api/v1/config 200 0ms 83c2db94-fde3-4788-b8c6-5cac97fcd8b5
[req] GET /api/v1/config 200 1ms daabdf64-c843-4a29-8166-bb493e53a615
[req] GET /api/v1/config 200 0ms 4383d9ac-3c8a-4d51-9724-338ec37a0a0a
[req] GET /api/v1/config 200 0ms f4bc4863-5777-4af5-979c-aef811f872f8
[req] GET /api/v1/config 200 0ms c11e222d-0e8c-4c8f-8f7b-49f487fcc3e8
[req] GET /api/v1/config 200 0ms 1d7ff127-740d-4d6a-9212-7fbc0856382b
[req] GET /api/v1/config 200 0ms 74abcb99-5227-409b-a6b1-bf7a991ca5e4
[req] GET /api/v1/config 200 1ms 0c141546-f2ce-40a7-83c9-39e221f8eda6
[req] GET /api/v1/config 200 0ms a44b2c8f-66a5-43ec-9b7f-419a78b7bde7
[req] GET /api/v1/config 200 0ms 17245971-8b1e-400c-8802-3beb3473bfc3
[req] GET /api/v1/config 200 0ms db7012f0-6179-4ec1-aaff-4ee0809246bc
[req] GET /api/v1/config 200 1ms e539f7f1-9e4b-4e42-ae55-feb015411c32
[req] GET /api/v1/config 200 1ms 8a17b557-d1f2-4cca-9d90-b6b688dc1f4c
[req] GET /api/v1/config 200 1ms 814efc28-0de4-4507-9138-43ea3d33d8c1
[req] GET /api/v1/config 200 1ms a6a72c9e-d124-4d44-b2ab-21e5584c967a
[req] GET /api/v1/config 200 0ms adef5f0f-57d6-412d-8860-b4dc6f994921
[req] GET /api/v1/config 200 0ms 2db837fe-2b8c-4224-aaa9-7f5d6b0b8801
[req] GET /api/v1/config 200 1ms 54b32a93-90a4-46e7-bdaa-bfa9488dd8e7
[req] GET /api/v1/config 200 0ms 3932512b-007a-4b7c-b47d-58ff1c177977
[req] GET /api/v1/config 200 0ms 8e082688-fdfa-4f96-8f98-f4a4ec0d9c6a
[req] GET /api/v1/config 200 1ms a3364543-f00f-4a38-98d1-807751619b21
[req] GET /api/v1/config 200 1ms c19eb6ce-a042-49d7-aa67-ee21419dd729
[req] GET /api/v1/config 200 0ms eb599cc7-9c12-429a-8ea9-a1183865532f
[req] GET /api/v1/config 200 1ms cc83f4c5-e384-4c36-b4e0-e836cd478f76
[req] GET /api/v1/config 200 1ms e84b069e-1158-4520-9dd1-a1137de4f8e3
[req] GET /api/v1/me 200 1ms 3948a085-75b1-4a86-99f2-80850698c65f
[req] GET /api/v1/me 200 0ms 8f1ce225-5024-45e9-932c-0187dce154c4
[req] GET /api/v1/me 200 0ms 80ce90ca-6717-4bc3-bf8c-4de741a545ab
[req] GET /api/v1/me 200 1ms 906a50b9-c16b-4604-b5e3-979b6d106885
[req] GET /api/v1/me 200 1ms f64b365d-0652-47a0-a1d7-c905c8ba4b70
[req] GET /api/v1/me 200 0ms d8dce369-b555-461f-9243-eb22f24c809f
[req] GET /api/v1/me 200 47ms 77013fff-f82e-4af2-a08f-818f571b96a5
[req] GET /api/v1/me 200 1ms a64990ca-b148-490b-8a32-cfd94a9c3d5b
[req] GET /api/v1/me 200 0ms baa7103e-7589-4554-9a20-ba019b781a8a
[req] GET /api/v1/me 200 0ms 69cda973-ab11-4f97-bbbf-d0320497aa8f
[req] GET /api/v1/me 200 1ms f7463032-14e9-4f84-bea9-ddb5d9b317b8
[req] GET /api/v1/me 200 1ms b6c358cd-4b50-4f35-9275-6971d8686e74
[req] GET /api/v1/me 200 1ms 8de46b2d-a56f-4c54-8654-40329fa72007
[req] GET /api/v1/me 200 0ms e65ec070-56a2-4c62-b3c2-a659f0d23595
[req] GET /api/v1/me 200 0ms e7af76ae-cb56-4585-ab0f-701805c7541a
[req] GET /api/v1/me 200 1ms a917e937-0ab2-4bc6-9d9f-6c0959463aac
[req] GET /api/v1/me 200 0ms a22362af-620d-4bba-98be-43c21642e98a
[req] GET /api/v1/me 200 1ms 93f6422e-6ecd-46c3-8dc6-bf025fdde262
[req] GET /api/v1/me 200 1ms 09b692f6-c184-46b3-aadf-775d3ac06c03
[req] GET /api/v1/me 200 0ms 210593a4-38cb-4572-9775-8f294d8b5e2e
8:16:19 PM [vite] (client) hmr update /src/web/styles/index.css
[req] GET /api/v1/config 200 0ms 119f8f11-a2a1-4584-b2c6-b3c98f3258e5
[req] GET /api/v1/config 200 0ms d4c0c866-87b1-4d6e-8a86-000c2ca08ca0
[req] GET /api/v1/config 200 0ms a6d83bd0-ce99-4b57-95d0-7b6c6e1232ca
[req] GET /api/v1/config 200 0ms 7c938fb1-520d-4931-8b46-5ad512ee2fbb
[req] GET /api/v1/config 200 1ms ef0de2f2-16b9-4750-8947-a5eb3e6a8dfd
[req] GET /api/v1/config 200 0ms 333ca19a-3cb1-4997-a344-d8c365220c14
[req] GET /api/v1/config 200 0ms add56b05-b8ba-4626-b4dd-94742d50d1ac
[req] GET /api/v1/config 200 1ms 74e9056b-f5b5-4447-939b-e38f2ea8b5dc
[req] GET /api/v1/config 200 0ms d65c4dd0-3719-4d91-90cc-a0b4bdb0149e
[req] GET /api/v1/config 200 1ms 85c32aab-15cf-418a-b85b-5232e0d7155f
[req] GET /api/v1/config 200 0ms 021fb354-cce9-4cdf-becb-38db6e7718fa
[req] GET /api/v1/config 200 0ms adb7c8ec-17e1-4b4d-8e32-a54f5c2cef80
[req] GET /api/v1/config 200 0ms be2860fd-9576-45d9-a9a3-41b68c21dac9
[req] GET /api/v1/config 200 1ms b17ff3a3-b21d-481d-b037-27373474ed59
[req] GET /api/v1/config 200 1ms 838c42f2-1e60-4bf3-817c-0fa1db922f35
[req] GET /api/v1/config 200 0ms dea7e730-8929-4468-b1ca-73d496ae8c0e
[req] GET /api/v1/config 200 0ms 37e9883d-ede1-416e-8301-6b972c734266
[req] GET /api/v1/config 200 1ms 566e4e0a-7e41-492d-a1c8-6b730c5c7753
[req] GET /api/v1/config 200 0ms 15165362-aa04-4976-b40d-8a4f9f6e6b1a
[req] GET /api/v1/config 200 1ms 3e5fac2a-daa7-4587-8331-4063f3265d0c
[req] GET /api/v1/config 200 0ms af2ee88a-b2a6-481b-8679-c40459248df9
[req] GET /api/v1/config 200 0ms 52e093d9-03b3-4fba-817c-656c3f3e43e2
[req] GET /api/v1/config 200 1ms 791fdb04-08e8-4915-8f48-0e6f9ec95667
[req] GET /api/v1/config 200 0ms 354fb256-4488-41d0-8a98-efb0c772aca5
[req] GET /api/v1/config 200 0ms e1d7c52d-cfea-458a-b387-5db67704cd3d
[req] GET /api/v1/config 200 0ms 1b5bce7a-4e7c-4389-9920-3c139988838e
[req] GET /api/v1/config 200 1ms 0ad2c764-d90f-4e4a-a8fe-56c3a7a288e9
[req] GET /api/v1/config 200 0ms c2da2185-9539-40c2-bb28-665cffb05771
[req] GET /api/v1/config 200 0ms 8cf52c85-ec56-4a2f-b1e4-32713eb59eb8
[req] GET /api/v1/config 200 0ms 306441f4-f6fa-43cf-b54c-369de2b02680
[req] GET /api/v1/config 200 0ms 3d01ecfb-75f7-4cac-9de2-f0baa980ff6c
[req] GET /api/v1/config 200 1ms 05525902-0a36-4104-82cf-a06e26a2d481
[req] GET /api/v1/config 200 3ms eeb539fa-d7fa-4550-9be8-c53de0a500a1
[req] GET /api/v1/config 200 0ms c9f8794f-66f0-481f-89bd-8ab431fb94ae
[req] GET /api/v1/config 200 0ms e1bacf72-ce87-4517-b7de-1e3cdd88cc32
[req] GET /api/v1/config 200 0ms 55968ad6-cbf4-4e3a-bbb4-b382d18905d0
[req] GET /api/v1/config 200 0ms c3317faa-7783-4d7e-a6b2-7c991c730dd3
[req] GET /api/v1/config 200 0ms 47bdbe65-cbf2-4ced-9eb8-5d11c6ae5a56
[req] GET /api/v1/config 200 0ms d0cfa7d7-55f4-4360-9a0e-0bd970c13aa3
[req] GET /api/v1/config 200 1ms 1e5f2c3b-c2aa-421d-85c5-2fb273457792
[req] GET /api/v1/config 200 0ms afeaddb4-b07e-4b0a-bc4e-36d50bf45ae7
[req] GET /api/v1/config 200 0ms c014ace0-9cd8-454e-889c-6767eb021714
[req] GET /api/v1/config 200 0ms b0f2b230-a0db-488c-9e7b-4862a7a8ee9d
[req] GET /api/v1/config 200 0ms 142b8bb7-b97d-4b66-852e-0f13961723ab
[req] GET /api/v1/config 200 0ms caf506f8-9b2d-40e5-b28b-8626dfd4212e
[req] GET /api/v1/config 200 0ms d9d8d8f9-ab8a-4b17-ae5c-f6db39a4012c
[req] GET /api/v1/config 200 1ms 9398bd4f-341c-49c3-8591-ab42c5401d97
[req] GET /api/v1/config 200 1ms e5254bd0-5f23-4756-9ccf-1c66d08c9c00
[req] GET /api/v1/config 200 0ms 8b77c178-63ed-4b5f-8924-456fdb5078ba
[req] GET /api/v1/config 200 0ms a5292d6c-5e2e-4934-93a7-4d41f448a2a6
[req] GET /api/v1/me 200 0ms fc035886-57ea-4418-aa8e-33ee9b8e81e1
[req] GET /api/v1/me 200 1ms 028f8706-0e21-4aa4-8888-d16b80594793
[req] GET /api/v1/me 200 0ms 64a6af34-c82b-422c-9e4d-04f45815b8db
[req] GET /api/v1/me 200 0ms a8b73928-01ba-4165-a46a-f1d1f7f6f2a4
[req] GET /api/v1/me 200 0ms 286dbc60-8b52-4a10-a122-7f723b32ac54
[req] GET /api/v1/me 200 0ms e505f366-2e71-49b2-a31c-f8cb3a82ff8d
[req] GET /api/v1/me 200 0ms ee8e02aa-5ae3-48b9-b913-e7a2ca1ada90
[req] GET /api/v1/me 200 0ms 6789c97d-bb08-4fd0-b5c3-5d73ef04725c
[req] GET /api/v1/me 200 1ms b58b1daa-3f15-49a6-8436-10f425db28ad
[req] GET /api/v1/me 200 1ms 696a3f1c-2135-4c87-a56a-23509062e391
[req] GET /api/v1/me 200 1ms 97e9c534-ee98-432b-a89b-6ae8ffeee672
[req] GET /api/v1/me 200 1ms 60771e6c-82bc-4cd2-a817-764e65a12d59
[req] GET /api/v1/me 200 1ms 70ca024a-04df-41f4-88fc-211b5ce6709b
[req] GET /api/v1/me 200 0ms d08109c1-018e-4d7a-88f6-ffb13e23e6e3
[req] GET /api/v1/me 200 1ms 4570bd49-1830-4501-a718-ccdfa0090240
[req] GET /api/v1/me 200 1ms 9b48eb58-9c38-48e0-b893-a4a6e7d35ee0
[req] GET /api/v1/me 200 1ms bebb1373-f4ad-4648-a097-fb7b562fec87
[req] GET /api/v1/me 200 1ms 8dffef98-8ed9-47cd-9260-cc6609f7d85a
[req] GET /api/v1/me 200 0ms 03ab64e0-b8f0-438c-b68c-d6c54850b27b
[req] GET /api/v1/me 200 0ms a2c246c7-c415-4b9c-b5fd-a465f33bad42
[req] GET /api/v1/me 200 1ms 8133b167-3989-4768-80e7-343f846e7468
[req] GET /api/v1/config 200 1ms cda6aa0f-f0fb-4e81-94d4-9930d976982f
[req] GET /api/v1/config 200 0ms ba961627-87bd-4a2b-8b31-04d5e3ff3383
[req] GET /api/v1/config 200 0ms 27daa2fa-0644-4dfe-a0b3-369cd97e9f99
[req] GET /api/v1/config 200 0ms ce43f370-dfef-4a86-af90-55cce28f675c
[req] GET /api/v1/config 200 0ms 3a6eadcd-afa7-4781-b290-601d8b817f98
[req] GET /api/v1/config 200 0ms f34b879d-0f2a-4141-9ea0-59a35a82afa9
[req] GET /api/v1/config 200 0ms 6ef98914-609d-4ff9-8289-e7d883cb46c6
[req] GET /api/v1/config 200 1ms c5852ef5-8fbb-4657-9862-0608c8c9025c
[req] GET /api/v1/config 200 0ms 2fadd216-0904-4035-b381-cab367239b18
[req] GET /api/v1/config 200 0ms 38ece698-5876-4c1c-80b2-ebfb52d89ca8
[req] GET /api/v1/config 200 0ms fbbe72e3-e3d6-41d1-bc0f-7de035949642
[req] GET /api/v1/config 200 0ms aa6cfceb-5e43-41f2-ad01-ab6d0ee8fa76
[req] GET /api/v1/config 200 0ms 59484e17-c653-4390-87b5-dcfc33ea8ac5
[req] GET /api/v1/config 200 1ms d616062c-758f-4524-9702-7a489cb01bb4
[req] GET /api/v1/config 200 1ms 8927118f-154a-4882-82e2-6387b6336a67
[req] GET /api/v1/config 200 1ms 2921ff35-cc23-47d8-8f76-47e164938fa8
[req] GET /api/v1/config 200 1ms e3e7e6e8-47ea-461a-abfc-7c586c9977b6
[req] GET /api/v1/config 200 1ms 192380b6-4019-49e3-bc3d-93cc8a6c5d00
[req] GET /api/v1/config 200 0ms 1067b62b-6bce-48cf-9c86-bbc03d1601cb
[req] GET /api/v1/config 200 0ms 65bc8569-bf7f-441c-98da-a4e37463f017
[req] GET /api/v1/config 200 0ms 51dba7f2-f7ab-4158-93e5-9f8d38a31867
[req] GET /api/v1/config 200 0ms f5142384-da7e-41ab-a80d-dfa44190286a
[req] GET /api/v1/config 200 0ms eebe4b4e-3b3f-416b-bc52-da09fd2c97f3
[req] GET /api/v1/config 200 0ms 69017cfd-1c9e-4007-a37d-e344d9da7e0b
[req] GET /api/v1/config 200 1ms 26df1e1f-962c-4fec-9d37-aa6728c7f040
[req] GET /api/v1/config 200 6ms 4cb2f1e9-515e-4e9e-87fa-fc57f6829786
[req] GET /api/v1/config 200 0ms 004a73eb-96b3-4aea-84c5-4f109c7e74e6
[req] GET /api/v1/config 200 1ms ccca0bfb-72e6-4384-9616-1b0db3d9a08e
[req] GET /api/v1/config 200 0ms af186ca4-cf3d-4447-80f6-ab5ed29283b7
[req] GET /api/v1/config 200 0ms 32170b2e-e5e4-45ac-88c2-85095b1364af
[req] GET /api/v1/config 200 1ms cf2dcfbb-ce6b-4a35-87f0-348e2801ef24
[req] GET /api/v1/config 200 0ms a3459d20-43b6-4e58-8784-078d2ddf05bd
[req] GET /api/v1/config 200 0ms 5e539499-8ba6-4969-bcc9-1286d9fb2b70
[req] GET /api/v1/config 200 0ms 1c16535b-379c-484a-b2e7-b8b5b14ed172
[req] GET /api/v1/config 200 0ms 84216117-b113-4f87-bd8c-ea894d83de9e
[req] GET /api/v1/config 200 0ms cd5f6245-dc38-4613-9f7f-c8a11ac7b55e
[req] GET /api/v1/config 200 0ms 9df98f1b-183f-48f1-8de8-1f77f844111a
[req] GET /api/v1/config 200 0ms 2478ec07-8e22-4d67-b0e7-9b2c66c5f5ec
[req] GET /api/v1/config 200 1ms 16ff7897-266a-4d7a-8485-c595ccf66f27
[req] GET /api/v1/config 200 0ms 71673de8-3a62-4af1-93bc-39bfd1bd277e
[req] GET /api/v1/config 200 0ms 8016e6dc-c8e2-4b1d-b09d-a6be0ea41bb5
[req] GET /api/v1/config 200 0ms 704f2780-6dfb-4df5-bcb6-5047462f1240
[req] GET /api/v1/config 200 0ms 831c3ecb-7c67-4415-99dd-55338ec7801e
[req] GET /api/v1/config 200 1ms fb28d35c-427a-4a12-963c-5b0d75cd7ecb
[req] GET /api/v1/config 200 1ms 764771ad-7fe0-451c-abc0-1dc756720a0c
[req] GET /api/v1/config 200 0ms 58b49ae6-32d4-4240-b6af-97e1a835a20e
[req] GET /api/v1/config 200 0ms 43425e5b-87fe-40b4-a632-4cec97a36ff6
[req] GET /api/v1/config 200 0ms 3b55cbf7-5e61-49ea-827a-ca8c3ac7fb45
[req] GET /api/v1/config 200 0ms 51eff98d-96ef-4e8f-a337-93f40661367f
[req] GET /api/v1/config 200 0ms 71ec3751-ff3e-4127-b95c-f800d89d783e
[req] GET /api/v1/me 200 1ms d7032bce-06b4-45b1-94f5-5c82391d5226
[req] GET /api/v1/me 200 1ms 54024186-d96a-4227-b61c-d34e78f6e96f
[req] GET /api/v1/me 200 0ms 01406a82-d46f-4a60-844e-ca7a36548fe1
[req] GET /api/v1/me 200 1ms 5f4c06b0-4652-4273-8973-18a6ea50655a
[req] GET /api/v1/me 200 1ms 536d162b-fe2d-44ea-90dc-b8a4c1ce4209
[req] GET /api/v1/me 200 0ms 0b96817b-f71b-4581-979c-b896b4201daa
[req] GET /api/v1/me 200 1ms eccd1d41-7427-46a8-95c7-0c13757b8047
[req] GET /api/v1/me 200 1ms 72d961f4-cda1-4204-9090-f6338fbddee4
[req] GET /api/v1/me 200 0ms 78074f1f-b33f-4466-86df-9aee75985947
[req] GET /api/v1/me 200 1ms 4d030190-6ce1-4d1b-a53a-124aece6fee7
[req] GET /api/v1/me 200 1ms 1f44e5ee-9098-481f-a259-62659adb0213
[req] GET /api/v1/me 200 0ms f1ef2556-9f67-4df6-8451-d2a9e2cd0ecf
[req] GET /api/v1/me 200 0ms b6191154-3f7d-4f04-83fe-0e7329992222
[req] GET /api/v1/me 200 1ms b6d04d35-ae14-4363-80c3-5a8f75f7b57d
[req] GET /api/v1/me 200 1ms c81d4ed9-f120-4746-9536-70684989f30f
[req] GET /api/v1/me 200 0ms 9fa1f24a-66fb-4926-9054-5227c7d4ee63
[req] GET /api/v1/me 200 1ms e78c7096-e20b-41a1-95fc-80dab743232b
[req] GET /api/v1/me 200 0ms 0e625ba4-5446-4158-ba9a-867baf2dd5dd
[req] GET /api/v1/me 200 1ms fa61626e-2306-46be-8d99-17cc53f60b0c
[req] GET /api/v1/me 200 1ms 199bc5fa-c241-4dcf-bcc6-20c6883eed80
[req] GET /api/v1/me 200 1ms 637b01c3-d542-4f88-94a6-6e674d959ea6
[req] PATCH /api/v1/preferences 200 2ms 57ac68e9-0eeb-4bd7-a75b-61af433ab0dd
[req] GET /api/v1/inventory 200 1ms 11594195-6fbc-443f-a937-1bbd8e79efef
[req] GET /api/v1/me 200 0ms ca394f53-e940-422a-ad46-aac2a23e2be0
[req] GET /api/v1/me 200 1ms 682463a3-b230-45cb-a9f0-e8374aac50fd
[req] GET /api/v1/preferences 200 1ms c62dc4ed-22bf-4ad0-8b91-baf5e071f464
[req] GET /api/v1/me 200 0ms 71bc1e4e-8513-4c7c-8a8b-a5dd5ec07771
[req] GET /api/v1/me 200 1ms 85985796-c162-475a-bdb3-4b7e0cf5e83a
[req] GET /api/v1/me 200 1ms e9d074d9-bea3-4d74-945c-6012b4c80fe5
[req] GET /api/v1/week/preferences 200 2ms 2a38729c-360c-4a4b-a899-fa88e1054672
[req] GET /api/v1/me 200 1ms eb8bdab7-6087-4018-af92-056a81e81fc8
[req] GET /api/v1/me 200 1ms 17fdf659-2a90-4d91-962e-14428b76b383
[req] GET /api/v1/me 200 0ms 58fd6bb3-1345-414b-9d02-18ea0bd7da54
[req] GET /api/v1/notifications 200 1ms 7f9f6dfc-34a4-4a57-906a-f81d175c1f0a
[req] GET /api/v1/me 200 0ms 89914187-3c4c-4c1d-a1d7-3457f15c4cc1
[req] GET /api/v1/me 200 0ms 856bca5e-1cd2-4fc1-94f2-0bb43ebcbd5e
[req] GET /api/v1/preferences 200 1ms e63b72ba-d5ed-4e55-bdc7-b5a74f9b5a56
[req] GET /api/v1/me 200 1ms b67ff092-44af-46d1-b309-31999b4add79
[req] GET /api/v1/me 200 0ms 6fec295a-2ca5-4fbb-8336-27a36b451483
[req] GET /api/v1/me 200 1ms b543af13-89fa-40ef-bd2c-76e76785fe50
[req] GET /api/v1/week/preferences 200 0ms 7f42b8b0-f82c-4f8e-96eb-0153be6c3f65
[req] GET /api/v1/me 200 1ms bfa45b3f-4578-4942-8955-4f98552010d1
[req] GET /api/v1/me 200 0ms 6c2754a6-d00c-4d36-8ec4-045926c21e1c
[req] GET /api/v1/me 200 1ms 1064dedb-9d0f-4b34-8466-8330760ce965
[req] GET /api/v1/notifications 200 1ms 062a0c5d-ee30-47bd-9d7e-fb7c44f39509
[req] GET /api/v1/me 200 1ms d1514f4a-849c-4d5f-9021-a4412cde463d
[req] GET /api/v1/me 200 0ms a0cdf04a-16e1-4df7-8812-34eaef69e35c
[req] GET /api/v1/preferences 200 1ms 3c7421a3-f93c-4411-b0d7-fc9e8aefeb33
[req] GET /api/v1/me 200 0ms 2c23e33d-cca3-4a54-b46a-9c5a7658b070
[req] GET /api/v1/me 200 1ms ce60e8f1-22af-44f8-abfd-79cbc22cf40e
[req] GET /api/v1/me 200 0ms c52d79d4-48e4-4c5c-90b1-e581a8f0473d
[req] GET /api/v1/week/preferences 200 1ms cf629719-f3f4-4ee1-88f4-ee1ac47e021d
[req] GET /api/v1/me 200 1ms 905a0861-c831-452a-bbbd-7d39f547f60b
[req] GET /api/v1/me 200 1ms c58be5c1-fd8f-4071-9d22-52d18b0f4500
[req] GET /api/v1/me 200 1ms 5c90ccf8-2b7c-4e95-8ff8-822b0a12868f
[req] GET /api/v1/notifications 200 1ms 42e0e107-e1ea-4b42-9642-5b6af0de79c2
[req] GET /api/v1/me 200 1ms fb320dab-b2c1-4577-b86d-03ca83da2dc9
[req] GET /api/v1/me 200 1ms e35f693e-44cc-4e00-832c-9bf739ac110d
[req] GET /api/v1/preferences 200 1ms 83538f5e-bba7-45db-bfac-5379d8eafca9
[req] GET /api/v1/me 200 1ms b62779b7-8d59-43c4-a26b-7f3bea9fdb0e
[req] GET /api/v1/me 200 0ms 8edd7e71-9934-46c1-b320-42fd44e83bbb
[req] GET /api/v1/me 200 0ms fa26e283-0c92-4e86-9fcc-062e68b11aa6
[req] GET /api/v1/week/preferences 200 2ms e2b935ae-6aee-4b07-8e7a-fb4240e68066
[req] GET /api/v1/me 200 0ms c22072ce-e8cb-4aa3-b237-1d77932df60d
[req] GET /api/v1/me 200 1ms b6bf4d39-a8a1-49ba-9fe2-c3b3e1fa75b6
[req] GET /api/v1/me 200 1ms 390774b1-057d-429e-ac3e-cc525632f43d
[req] GET /api/v1/notifications 200 1ms 4ac582d3-a02f-4e69-b284-157be20cfb2f
[req] GET /api/v1/me 200 0ms 25654f5f-465d-4295-8527-6ff138e6aaa7
[req] GET /api/v1/me 200 1ms 10b5026d-a1f0-4fe1-ac28-17b891f0daf2
[req] GET /api/v1/preferences 200 0ms 99596db0-0ebf-437a-8ba6-9f1cfa4b28e5
[req] GET /api/v1/me 200 0ms 3d4c8eae-9770-46d1-b93e-678fe4dc9685
[req] GET /api/v1/me 200 0ms 3b65e530-3ddd-486c-87ad-3d9eb4c33ea2
[req] GET /api/v1/me 200 0ms 0c5ecb35-7394-41b2-84b4-3a71252bb3db
[req] GET /api/v1/week/preferences 200 1ms d80025e4-1102-4c86-889b-edda1a267a9e
[req] GET /api/v1/me 200 0ms 7ba35411-4e6c-4584-9e7d-50c3aa3a8b5c
[req] GET /api/v1/me 200 1ms 3fa1f63f-3b37-4c73-873f-3ba5efc669b4
[req] GET /api/v1/me 200 0ms 714839fb-8279-48b4-bc54-527c59953a17
[req] GET /api/v1/notifications 200 0ms 87a4234f-84c6-40ec-a015-292805f31974
[req] GET /api/v1/me 200 0ms 65e64d8e-4b9f-4cb5-9a0f-2e81b77a0caa
[req] GET /api/v1/preferences 200 0ms 19527534-1026-477b-93b8-fb309ab2b41d
[req] PATCH /api/v1/preferences 200 1ms abc396a9-52f7-414e-ba27-18cac5b326e4
[req] GET /api/v1/preferences 200 1ms cb05c613-9bdd-4f44-b5e3-6ec6fbb02e3d
[req] GET /api/v1/me 200 0ms 501fe8d1-3bd8-46ef-bf94-8b79ecec9bb3
[req] GET /api/v1/preferences 200 1ms d50b5bd5-102a-4183-a17d-1c5a15f1df5c
[req] GET /api/v1/me 200 1ms 20c89c58-2189-4929-a19e-44297a8fd357
[req] GET /api/v1/week/preferences 200 1ms 810fc2df-3314-43b4-becd-8df0141af452
[req] PATCH /api/v1/week/preferences 200 1ms 6d942b88-5bb1-45aa-b114-1d6655870455
[req] GET /api/v1/week/preferences 200 1ms 9bf65b81-df1b-41ed-8304-eb0a39cbc2ed
[req] GET /api/v1/me 200 0ms 21072aba-61d0-4445-a671-c145cca2a607
[req] GET /api/v1/week/preferences 200 1ms 01ef016f-e338-4cea-b633-0cfb6b53ef74
[req] GET /api/v1/me 200 0ms f826966b-682d-4e12-b3c0-717850bf871e
[req] GET /api/v1/me 200 1ms 443c122e-8051-49d2-9595-c19a426591b0
[req] GET /api/v1/me 200 1ms 47ea2e03-a8f0-4be9-aca6-099076d2d43f
[req] GET /api/v1/me 200 1ms 75c35e65-6b43-47f8-a7eb-eecfefc74b94
[req] GET /api/v1/me 200 1ms c67ec25b-b146-4be5-82ea-23984384e49f
[req] GET /api/v1/me 200 1ms ccb71234-fe21-4713-8683-6ef23340803f
[req] GET /api/v1/notifications 200 1ms ad4e7cc2-ffa0-4480-a70b-6bb61c974c10
[req] GET /api/v1/me 200 1ms c9623476-3a8a-4fd3-9d97-9f195d053283
[req] GET /api/v1/me 200 0ms 500882f1-8adb-4f12-b2b5-4e6fabfed771
[req] GET /api/v1/preferences 200 1ms ec06c3e0-8c7f-484d-82b0-f4b194ebb4d5
[req] GET /api/v1/me 200 1ms 07c65ceb-3545-47f3-9ff6-f588fb9e6736
[req] GET /api/v1/me 200 1ms c3b0b88e-eee2-486c-a066-55e69e4b5e6e
[req] GET /api/v1/me 200 0ms 086f55e2-4919-4e3e-b25c-5d94dc3e5ebf
[req] GET /api/v1/week/preferences 200 1ms 94e34a34-cc6c-4999-9d45-c18fafb5ddca
[req] GET /api/v1/me 200 0ms 4cdcab78-aaca-4fce-a337-2ec4eb2d6313
[req] GET /api/v1/me 200 1ms b9d23021-bb8a-49bb-be89-568973956e6c
[req] GET /api/v1/me 200 1ms b523b3f6-2814-4dd3-8172-9b5594b3e00e
[req] GET /api/v1/notifications 200 3ms af985c27-a39a-4876-ab93-30f968896bdd
[req] GET /api/v1/me 200 1ms 7d28268f-a16d-43ce-b77b-00f1e6da4477
[req] GET /api/v1/me 200 1ms 492a1650-0d3c-45c4-94f1-df5efb1e7307
[req] GET /api/v1/me 200 1ms c6072f16-ba8f-4f68-a38e-5e3b3fceddd3
[req] GET /api/v1/meal-planning/plans/current 200 2ms 46d21410-24a7-4ee7-8758-9ba53a4e2928
[req] GET /api/v1/inventory 200 0ms 39705c53-96e9-4584-842b-e57475b74697
[req] GET /api/v1/recipe-discovery 200 17ms 70f94366-105c-4423-94a9-c46dc57d7eeb
[req] GET /api/v1/inventory 200 1ms 363523bc-abe1-4559-981f-d9948d78f1e0
8:20:32 PM [vite] (client) hmr update /src/web/styles/index.css
[req] GET /api/v1/config 200 1ms 4b827bea-3366-4317-a164-bc14580f9eb3
[req] GET /api/v1/config 200 1ms e68f005f-9524-4319-8abb-efcdda07cadd
[req] GET /api/v1/config 200 0ms 344d24bb-6b5b-41c3-ad3b-c19f3f3a2835
[req] GET /api/v1/config 200 0ms 00120271-8a0a-4a91-b057-454d183ca4ab
[req] GET /api/v1/config 200 0ms fe6a91f1-baa9-474d-a19e-0461906d58f1
[req] GET /api/v1/config 200 0ms e374bebb-75a3-4247-8221-a1302e6e0a09
[req] GET /api/v1/config 200 0ms 7e6676d1-7558-4ec3-9549-7ffa742e1241
[req] GET /api/v1/config 200 1ms 62c6c91e-973b-425e-9f8d-53a7cd7ac8d6
[req] GET /api/v1/config 200 0ms b02cea27-fc11-4b11-9379-ca4197b3a591
[req] GET /api/v1/config 200 0ms d0ee1621-0814-4a45-8a9e-60629f5f86ad
[req] GET /api/v1/config 200 0ms b841912d-54a7-4ae4-82a1-8c8df3e0df23
[req] GET /api/v1/config 200 0ms 2873c9ec-1fe1-4f96-8cc9-693e0f26cb7c
[req] GET /api/v1/config 200 1ms 8fa525f6-8735-494d-afa8-2dfed50c91e9
[req] GET /api/v1/config 200 0ms 1cf85af9-a060-40a5-a327-5b5feafe7df7
[req] GET /api/v1/config 200 1ms fdecca1e-6069-4679-aa85-98107dfc7153
[req] GET /api/v1/config 200 1ms 88a56d2c-2f3f-49f6-803f-c9e7203ee589
[req] GET /api/v1/config 200 0ms 36dd1cf8-f00d-4270-89d7-a12fd86dedf8
[req] GET /api/v1/config 200 0ms 5abae710-32bf-4851-9a4b-5bf76cdeface
[req] GET /api/v1/config 200 0ms aad07097-8995-4c3f-b2ff-1e91c0aa04ff
[req] GET /api/v1/config 200 1ms 1526999d-2780-498d-94f0-7cc354e896f1
[req] GET /api/v1/config 200 1ms bb922eea-801e-421d-884c-b8817f5f4b86
[req] GET /api/v1/config 200 0ms 4d768e3d-4604-4ac6-abbd-9840125256ae
[req] GET /api/v1/config 200 1ms ba954644-fbec-41a9-ac04-d2468f074ddf
[req] GET /api/v1/config 200 0ms d5f8c4f4-403e-4bcc-9955-57d4bd98825f
[req] GET /api/v1/config 200 1ms 3f8203bf-6b2d-4a58-8b25-a4b6a0f01df1
[req] GET /api/v1/config 200 1ms 4b404c6b-2548-4cfd-a760-1ca25a668243
[req] GET /api/v1/config 200 0ms 86ee2a95-6591-4d64-9d70-ae23110fbdd3
[req] GET /api/v1/config 200 0ms ea6dadf4-32bc-4c81-9926-b02f99762263
[req] GET /api/v1/config 200 0ms 492bc094-df9c-47b9-88e1-f3b678b92214
[req] GET /api/v1/config 200 1ms 5875bba3-8346-4f7b-8bab-da4dfe13a03c
[req] GET /api/v1/config 200 0ms cffbd6e6-b360-400e-8783-ec80171f9a10
[req] GET /api/v1/config 200 0ms f9e2dd78-bde7-4ef1-a818-9fdf5455c25f
[req] GET /api/v1/config 200 2ms cb4509b7-2795-401e-b405-493a336d8d2b
[req] GET /api/v1/config 200 1ms 7fa4b2c5-967d-41e6-8948-161f3372e6eb
[req] GET /api/v1/config 200 1ms 2fa0faf1-22f3-4d3e-b840-db9ab347d8b4
[req] GET /api/v1/config 200 0ms 74337712-1fe6-4ce1-a1b9-fbe825da3224
[req] GET /api/v1/config 200 1ms 267ca0d0-79bf-4686-914c-87dacd86886e
[req] GET /api/v1/config 200 0ms 6073d9bb-fadc-49de-a41e-3a864f8b1a57
[req] GET /api/v1/config 200 0ms 15430f07-e591-456c-8098-0c0932fdbba9
[req] GET /api/v1/config 200 0ms 5da7a939-8c73-4c1d-9bca-b25e2cbc078e
[req] GET /api/v1/config 200 0ms 16873925-79e4-4472-9f8a-f6cbbf42e490
[req] GET /api/v1/config 200 0ms deecd34e-573a-45f1-b253-d2e63c164390
[req] GET /api/v1/config 200 1ms 28c9e3ae-1a51-448d-a73b-7de26479ca3f
[req] GET /api/v1/config 200 1ms 924c5bc0-052d-4785-a982-51ec7c730a01
[req] GET /api/v1/config 200 0ms 7dc79fc9-e058-4964-842e-08b51e992265
[req] GET /api/v1/config 200 0ms f36d1f5a-6e2a-41da-9676-54087eecf46d
[req] GET /api/v1/config 200 0ms 56a51894-29ba-4fe5-8e42-8da1714c3c32
[req] GET /api/v1/config 200 0ms b6c7d6ae-a6dc-4d23-b01d-2dd7bd271f74
[req] GET /api/v1/config 200 0ms d8d32ea1-c737-4008-a65f-6a3d898dcab4
[req] GET /api/v1/config 200 0ms 24ab2862-a7d8-456a-813b-4d8bdebc155e
[req] GET /api/v1/me 200 1ms 79523f87-259e-4c16-8700-f579eaf96497
[req] GET /api/v1/me 200 1ms 47536f75-71fc-48d0-98d0-405a3b973ba9
[req] GET /api/v1/me 200 1ms 22ef2759-7047-451f-bf39-32edde8b045d
[req] GET /api/v1/me 200 1ms b97d8100-74d4-43ab-9168-e41c9b99a08f
[req] GET /api/v1/me 200 8ms 751bd69c-357f-448b-8d01-984aa7a1949b
[req] GET /api/v1/me 200 0ms 3412643b-c4b9-4b9d-abc1-50db7db9cce5
[req] GET /api/v1/me 200 1ms 7d188a7a-fb24-47f2-a2e2-5c9b9ce3517b
[req] GET /api/v1/me 200 0ms 5bbb0113-dfb5-443d-b99f-a6b2caf894dc
[req] GET /api/v1/me 200 1ms f7d3e505-dae6-4c53-a1c9-57b6ff570ce2
[req] GET /api/v1/me 200 0ms 0356eb3a-8a74-419b-b81a-8211a3ad3930
[req] GET /api/v1/me 200 1ms 1ac14db7-1923-4cce-b883-9bd5f6062aba
[req] GET /api/v1/me 200 0ms 1711afc2-0a69-43b8-8f1c-503e044c3308
[req] GET /api/v1/me 200 0ms c2f828e8-8a09-459e-9da4-dff4e40d0d14
[req] GET /api/v1/me 200 1ms 2e3a10e9-168b-4f11-80bd-2ff46524f01a
[req] GET /api/v1/me 200 1ms 4571eb47-d474-4e9c-b275-8eba4445c1f0
[req] GET /api/v1/me 200 0ms 8d4cf6e5-bf86-4ff4-9639-ee518dc7a8a0
[req] GET /api/v1/me 200 0ms e4ac19da-edfb-4aa1-bbdf-4ef45e43bbb1
[req] GET /api/v1/me 200 1ms 8ea74617-800c-489c-a621-adc557631b4d
[req] GET /api/v1/me 200 1ms 78edd4a1-a6a5-42c4-8f86-3fd2bfdcf5fa
[req] GET /api/v1/me 200 0ms c952ea81-a3b6-4888-a3fd-6cf131b17d9a
[req] GET /api/v1/me 200 1ms da5cbe57-f9cd-4d80-96f2-eea4d2d1414c
[req] PATCH /api/v1/preferences 200 2ms 878bfc59-8b5b-4705-ad30-fcdd4c44d0ad
[req] GET /api/v1/inventory 200 1ms b3eaf965-2955-4e9d-bce5-76bcab452c00
[req] GET /api/v1/me 200 1ms c6ffb258-59f2-4387-a6f5-288adbb3c0ef
[req] GET /api/v1/me 200 1ms 85164abd-cd32-40ba-892f-abafce6c2d50
[req] GET /api/v1/preferences 200 1ms e0fe24f1-0819-4687-b094-52c5d8359f03
[req] GET /api/v1/me 200 1ms 4c57f37e-d2cd-4189-8649-22d049e4433b
[req] GET /api/v1/me 200 1ms c719b75a-edc0-42b6-afb1-64d8bb1483f4
[req] GET /api/v1/me 200 0ms 1aa7f3f4-9b0b-4f03-a47d-026517490673
[req] GET /api/v1/week/preferences 200 2ms 8cb68876-b3b1-4972-a071-e55a8fce9afc
[req] GET /api/v1/me 200 1ms be53c112-99d7-493e-9aa5-e59ddcebdf5b
[req] GET /api/v1/me 200 1ms b1c73880-01fd-426a-9bc7-96fa7982372d
[req] GET /api/v1/me 200 0ms ababcb0e-4da7-4395-a29f-2c5a4f6fd171
[req] GET /api/v1/notifications 200 1ms 65faf9c4-c2ea-4147-a2a7-8400b6fa8084
[req] GET /api/v1/me 200 1ms e1e0d34a-49f3-43d9-a098-1ab7a6f8450e
[req] GET /api/v1/me 200 1ms 4e4ba5a5-3f91-4826-8be1-e50c2283ef62
[req] GET /api/v1/preferences 200 1ms 5b103eee-9c80-4104-854d-e05b264221ce
[req] GET /api/v1/me 200 0ms 573cb30a-6bfb-45c3-8475-c271e27592e0
[req] GET /api/v1/me 200 1ms 45fcc8a5-6c88-4f9a-b202-cd0621d7e700
[req] GET /api/v1/me 200 1ms ea541118-5861-4010-bc77-3f8d34d9cd74
[req] GET /api/v1/week/preferences 200 4ms 860ae099-e34f-4ee5-b17f-5d3083731b47
[req] GET /api/v1/me 200 1ms 192bcb4d-db2b-4868-8f9a-36b9dbeaa16f
[req] GET /api/v1/me 200 1ms 0b672b18-c0f7-428d-9cfa-7c188e64ba84
[req] GET /api/v1/me 200 0ms d7d3db4f-3a8b-442a-a514-80610bc7dec8
[req] GET /api/v1/notifications 200 1ms 669e9293-b453-4330-89a7-ac03c6b95355
[req] GET /api/v1/me 200 0ms f09dc01d-6c0a-4c3f-bab4-2ee3459c8693
[req] GET /api/v1/me 200 0ms 552fcfd1-65da-4ff1-8b65-281bbb9e3d05
[req] GET /api/v1/preferences 200 0ms 90769be1-f906-48f3-8513-2cced0955185
[req] GET /api/v1/me 200 1ms caba6684-1271-42fb-bfd4-10f5088ccf30
[req] GET /api/v1/me 200 0ms 3699580a-5fd0-4ac0-828f-a4b5ca5f9fc6
[req] GET /api/v1/me 200 1ms 7ca50f59-8fb5-4fd9-8373-c502f13c45a1
[req] GET /api/v1/week/preferences 200 1ms 680a3aae-9369-4dbc-8816-8cdb0875fddd
[req] GET /api/v1/me 200 1ms 0ee47d4e-9424-4298-9cc3-43806cc32ca0
[req] GET /api/v1/me 200 0ms 2e61b3e3-e51f-401d-bd82-d161c15d541b
[req] GET /api/v1/me 200 1ms c6980a41-7de2-45a6-b229-bf5146aa4f30
[req] GET /api/v1/notifications 200 1ms 9db6b738-baa4-4df8-9682-4af419ced348
[req] GET /api/v1/me 200 3ms 24707abe-c6df-4072-83f3-b19156321ec7
[req] GET /api/v1/me 200 1ms e5563146-08f5-4fdb-bfb5-991f2a2cb782
[req] GET /api/v1/preferences 200 1ms 5d5180a5-6eda-4c74-9876-134e0929240e
[req] GET /api/v1/me 200 1ms c331ad3a-1e4a-44d1-ba57-420cbde7ef00
[req] GET /api/v1/me 200 1ms 32c7ea5f-8c06-455c-aa16-c08ac2b5fe4e
[req] GET /api/v1/me 200 0ms 5784f279-a78b-49c6-b23b-8ad240ef8141
[req] GET /api/v1/week/preferences 200 1ms fc03954c-294f-440d-82f0-f16f700e23b6
[req] GET /api/v1/me 200 1ms 11bf55ac-a697-4a15-a05e-9363186254d7
[req] GET /api/v1/me 200 0ms 2d12ed94-36d1-4b2e-807a-13498b63eb49
[req] GET /api/v1/me 200 0ms 089ad67c-9f50-406e-8d6c-9b9718ec5147
[req] GET /api/v1/notifications 200 4ms 9d814afc-35a1-4596-b289-9892a3a5bbb3
[req] GET /api/v1/me 200 0ms 25ae38ce-f906-45b8-aac0-4d011651334d
[req] GET /api/v1/me 200 1ms 910e1136-316b-46f6-9b3b-ae7d91500d9a
[req] GET /api/v1/preferences 200 1ms 8838f73e-b9fd-46b9-88e4-ae29f0e1a4f2
[req] GET /api/v1/me 200 1ms abd5c419-2537-4e69-943a-6d03fa21c3ba
[req] GET /api/v1/me 200 1ms edef18cc-4072-40c2-a7da-f18ab14925a3
[req] GET /api/v1/me 200 0ms b771b8e3-fb0b-4862-9f2a-29c6eb314aa0
[req] GET /api/v1/week/preferences 200 2ms 052eaf2b-f4f0-4d68-bbc8-7870830bffd9
[req] GET /api/v1/me 200 1ms feb9fc9f-a7f1-4ea3-8587-390043f608a3
[req] GET /api/v1/me 200 0ms 138d41d7-63fb-4c14-9fdd-59109a112645
[req] GET /api/v1/me 200 1ms b4eeb368-77a5-4d84-8243-17ce6f3496d1
[req] GET /api/v1/notifications 200 2ms 5cb984e7-8c9d-481e-8b1f-457835cede9e
[req] GET /api/v1/me 200 0ms d2b521ce-427e-4aa3-8b5a-76a7526e201c
[req] GET /api/v1/preferences 200 0ms 1b8370e7-910c-4d7a-860a-3739ce8e2512
[req] PATCH /api/v1/preferences 200 2ms 49e1c78b-7c45-4703-a4dc-a80c04f9cbb5
[req] GET /api/v1/preferences 200 0ms 0baae19a-b4a6-4f2a-b37c-1eaec30c97ca
[req] GET /api/v1/me 200 1ms 8fc31174-cb31-4532-b009-5de3a966b17b
[req] GET /api/v1/preferences 200 1ms 08898b8d-fdaa-45b3-bf9c-f086bd7aeb83
[req] GET /api/v1/me 200 1ms cd4a9133-7aa9-4a9d-a9cd-6f4a2221f900
[req] GET /api/v1/week/preferences 200 1ms dee32565-055d-43c5-8971-ed45b2a4eb86
[req] PATCH /api/v1/week/preferences 200 2ms 8e5f3876-382a-4269-bc2f-2eec9677b189
[req] GET /api/v1/week/preferences 200 0ms 5a4b3979-5703-4de9-bec9-29e2f36158df
[req] GET /api/v1/me 200 1ms 0a57c017-1b90-46c9-8c76-e7354d7d240e
[req] GET /api/v1/week/preferences 200 2ms dfcd5903-83a4-42b4-aa25-4c4c35a86f8c
[req] GET /api/v1/me 200 0ms a60df7b1-b182-4317-8364-ba36b694ca08
[req] GET /api/v1/me 200 1ms c9b2b681-78da-4289-b0b7-acebd535a8ba
[req] GET /api/v1/me 200 1ms b020a505-c3b9-43dc-92ae-d3d9d75891b6
[req] GET /api/v1/me 200 0ms ca6d6f1b-d29c-464d-ba0d-840b1fa352b4
[req] GET /api/v1/me 200 0ms 5f3d0e78-80ab-4380-9625-0aab484e3583
[req] GET /api/v1/notifications 200 0ms c3c1f810-8d52-4e62-878a-005092243bae
[req] GET /api/v1/me 200 1ms d709f24b-e6f3-4ef0-b821-75559267053b
[req] GET /api/v1/preferences 200 1ms 8bd0f503-6345-4971-8812-413dd52e1162
[req] PATCH /api/v1/preferences 200 1ms aa1806d3-d649-4106-b097-4801e9230c4b
[req] GET /api/v1/preferences 200 1ms 4471722e-ea72-4cc6-baf2-47219e36f3a4
[req] GET /api/v1/me 200 1ms a8e795ec-5f8a-499d-97ca-d917b17a5ed3
[req] GET /api/v1/week/preferences 200 3ms be39d22c-f2c7-492f-9551-88a4f5c80b4e
[req] PATCH /api/v1/week/preferences 200 1ms e3d2166c-18fc-4972-815a-a242f914ed47
[req] GET /api/v1/week/preferences 200 0ms 12377170-bf42-4f35-8c29-2ff628eda7b5
[req] GET /api/v1/me 200 1ms dfecc5c1-f0a2-4f11-b79b-7ec7771ceb70
[req] GET /api/v1/me 200 0ms 2020dbc7-6a2a-44dd-ab88-8cfa2245effc
[req] GET /api/v1/notifications 200 2ms 29e59305-5970-49a4-ae7b-cd38a6c5160c
[req] GET /api/v1/me 200 0ms 0e7b25b1-7e07-4ce2-aa6f-e7b52b835e5a
[req] GET /api/v1/me 200 1ms 96e47dae-9c3c-43e3-9374-8191a65862f9
[req] GET /api/v1/preferences 200 1ms d2e3192a-22df-49cd-b533-621c02a5d270
[req] GET /api/v1/me 200 0ms 6fee73e0-9ffa-46ec-b495-d3c616074f37
[req] GET /api/v1/me 200 1ms f7a7bc93-ba36-4efb-bde9-2154e7eb2803
[req] GET /api/v1/me 200 1ms 589820a0-c4ca-491c-ba69-cb061afc3635
[req] GET /api/v1/week/preferences 200 1ms 1b455e0d-8283-4e4b-a22f-b1ee7afd0f1e
[req] GET /api/v1/me 200 0ms 0cd38451-fdf5-4bbb-a2ea-99473b429cd5
[req] GET /api/v1/me 200 1ms 245880a0-c3ef-43c0-9e48-34991a0118b3
[req] GET /api/v1/me 200 1ms c106b2dc-ecc9-4555-b184-49cd42eb9964
[req] GET /api/v1/notifications 200 2ms 8644e2a9-1c7f-4692-b28f-088ed6560c9e
[req] GET /api/v1/me 200 1ms 88f7e802-7164-4619-af1f-0cb62a955fcf
[req] GET /api/v1/me 200 1ms 825576d5-a66c-426f-9244-f47e6f204818
[req] GET /api/v1/me 200 0ms 0353b883-5d73-4045-afb2-3f8b60620482
[req] GET /api/v1/meal-planning/plans/current 200 2ms 6be5c46d-331c-4c01-8be4-8238a29c3b1b
[req] GET /api/v1/inventory 200 0ms 01bc3f9a-0e7b-4986-ac42-ac52a542a75e
[req] GET /api/v1/recipe-discovery 200 9ms 404cbfdb-2959-49eb-938a-891a0044adb8
[req] GET /api/v1/inventory 200 0ms 1f7bf339-d085-4c4d-925c-bbc234ccefec
[req] POST /api/v1/auth/guest 200 1ms 12309ddf-68c1-4102-82d3-856f1a147a8b
[req] GET /api/v1/me 200 1ms d5fe6dc7-6033-4d4d-b3fb-2c2b5c6e0b24
[req] PATCH /api/v1/preferences 200 1ms 30b3832f-5c6b-458d-a4b1-2537b1a9fb34
[req] GET /api/v1/meal-planning/plans/current 403 1ms 441b920f-cc17-445c-8783-75c3b9eb0edb
[req] GET /api/v1/inventory 200 1ms c9e4d0ef-a5a6-4022-ab78-84a78172bc7f
[req] GET /api/v1/recipe-discovery 200 5ms 8a19c78f-f31c-460c-b048-f90bbd948320
[req] POST /api/v1/auth/guest 200 6ms a36ad4ba-3fcd-48a7-ad19-88b8fa74d1da
[req] GET /api/v1/me 200 2ms 45fdb515-03f0-4d5d-8f41-750cc64e8401
[req] PATCH /api/v1/preferences 200 1ms 617b2c48-a701-4f67-b085-cbdff5de6a91
[req] GET /api/v1/meal-planning/plans/current 403 1ms fd4f6423-0f64-450a-8fc6-4705d61c7bc6
[req] GET /api/v1/inventory 200 0ms f3aed260-d09a-4f37-acd4-353166eb5532
[req] GET /api/v1/recipe-discovery 200 5ms 83a4d335-6845-461f-8b0a-7309179959a7
[req] GET /api/v1/me 200 1ms 518f3793-b87a-4270-bda3-30114fc414f0
8:25:36 PM [vite] (client) hmr update /src/web/App.tsx, /src/web/styles/index.css
8:26:37 PM [vite] (client) hmr update /src/web/styles/index.css
[req] GET /api/v1/config 200 0ms e91d9b87-ec5e-4e83-84d9-1f37b3874351
[req] GET /api/v1/config 200 0ms c983639f-8a23-4b74-acf3-ee7dd1875df9
[req] GET /api/v1/config 200 1ms 97dc6717-c91a-41f9-95f1-0f8844272c5e
[req] GET /api/v1/config 200 0ms a3d45ad6-c33a-4798-b129-bea888a1ef36
[req] GET /api/v1/config 200 1ms 603df1db-8dde-4dda-9c23-c60a1932c6fa
[req] GET /api/v1/config 200 0ms fabea5da-9591-4528-99ff-fb9458e4efc5
[req] GET /api/v1/config 200 0ms f91e4e55-266a-4634-87fb-04abbdf6b8c2
[req] GET /api/v1/config 200 1ms f1c45d5f-d03d-4bf7-8bfb-d41f399971f7
[req] GET /api/v1/config 200 0ms 6e412206-5868-486d-a756-a13dd2776dc7
[req] GET /api/v1/config 200 0ms f188ccef-174e-472b-9117-5b93e62562b3
[req] GET /api/v1/config 200 0ms 5552a6cc-6b73-4c6c-b870-93613689544b
[req] GET /api/v1/config 200 0ms 26f18273-9282-4f18-86c4-aeda2455b211
[req] GET /api/v1/config 200 0ms 301a9d8b-3cd0-48d9-989d-a7fad09b7b56
[req] GET /api/v1/config 200 1ms 0159d40a-f995-48dd-9a5c-4e20f358d16b
[req] GET /api/v1/config 200 0ms b2f792bd-8941-4265-9bbe-97ceda24c7ff
[req] GET /api/v1/config 200 0ms 12c0a685-6571-4776-9c82-f86135e9efd0
[req] GET /api/v1/config 200 0ms bf26c925-165e-41ae-9fa7-532ca07a29e2
[req] GET /api/v1/config 200 0ms 56d8d943-26fd-4b1d-942d-1ffdacb171a8
[req] GET /api/v1/config 200 0ms 98ab5e9a-73a9-40f9-9bfa-879dd8232946
[req] GET /api/v1/config 200 0ms a1d9239e-3ff5-4a42-93b6-caccc0545bd0
[req] GET /api/v1/config 200 1ms 87cc34f6-0242-411e-80f2-5c93c6a45d1d
[req] GET /api/v1/config 200 0ms 97ac6ffb-99d5-4ac1-966b-1b3efd3d22c6
[req] GET /api/v1/config 200 1ms db073d34-0d1f-4007-b782-7b1d773f40ab
[req] GET /api/v1/config 200 0ms 79de23dd-4329-4962-a09d-df0826a330bc
[req] GET /api/v1/config 200 0ms 14564e08-c68f-4963-827a-95632fe6a906
[req] GET /api/v1/config 200 0ms dfcf2ae2-f1ea-41af-9c3b-9c1f2cd7ac37
[req] GET /api/v1/config 200 0ms f91858ee-97ad-48bf-9980-2a27b4633cf6
[req] GET /api/v1/config 200 0ms 594e3d5d-0462-4877-b2d2-56e22445d10b
[req] GET /api/v1/config 200 1ms fa2c1bf4-6b1c-46b1-affd-b1d989aec344
[req] GET /api/v1/config 200 0ms b31e0ef4-3dc7-46ae-b007-3e968086bd38
[req] GET /api/v1/config 200 0ms dcfa7005-ccbb-4fae-b6b1-ba03b897d779
[req] GET /api/v1/config 200 0ms 12a0e7ae-ac27-4add-919f-bc9396029f74
[req] GET /api/v1/config 200 0ms b2e5f75a-6e3f-49c9-a822-32d64d21894c
[req] GET /api/v1/config 200 0ms c5e5b7f1-d287-4962-9184-aaa2a7c4b8ed
[req] GET /api/v1/config 200 0ms 8b6d1748-f4d6-45a7-8673-393280045757
[req] GET /api/v1/config 200 0ms 9b3a2310-204d-47a3-b06b-7b2807951ada
[req] GET /api/v1/config 200 0ms 2426a149-c601-4035-8628-6117f052b2b7
[req] GET /api/v1/config 200 0ms cc36034a-4548-4570-9ced-3884be6010df
[req] GET /api/v1/config 200 0ms 14b46841-e709-47e9-b096-3a845acde92d
[req] GET /api/v1/config 200 0ms 6bf4e390-a688-46e4-9f05-3c1c4311c24e
[req] GET /api/v1/config 200 0ms 6cfe25b0-a51c-46ab-a569-3fa9651d19c9
[req] GET /api/v1/config 200 0ms 3ecca24c-8a08-4fbc-9150-f51fc5238084
[req] GET /api/v1/config 200 0ms 4229d845-b76b-4196-a8da-99e32db436d0
[req] GET /api/v1/config 200 0ms b2a7f40d-61fa-4ba6-9762-6f23697c2659
[req] GET /api/v1/config 200 1ms 15f162ed-a004-43f1-9dac-1f8f80f5c8a2
[req] GET /api/v1/config 200 0ms c8b64c4c-fc1e-44b0-afde-0cacd44a2e0a
[req] GET /api/v1/config 200 1ms e172b02d-0cbc-446b-aece-06ec7ad9e070
[req] GET /api/v1/config 200 3ms 45377090-c4d3-4885-a0d1-eb64576de366
[req] GET /api/v1/config 200 0ms 5405acf1-6d5b-4532-8a6a-2b4638cb1e47
[req] GET /api/v1/config 200 0ms 5f546626-00ec-4007-8420-89b31e0128bf
[req] GET /api/v1/me 200 13ms d6677ca7-8f96-4515-a7d3-da0160a02a4e
[req] GET /api/v1/me 200 4ms 96aed599-deec-4ecf-8a07-0184bbc98df6
[req] GET /api/v1/me 200 4ms e2e23932-2456-46e3-85f8-b22319ce852c
[req] GET /api/v1/me 200 16ms 493173b7-d99a-4e8d-8281-4855aa54e97c
[req] GET /api/v1/me 200 1ms d6e3e753-7bb5-41ca-bd1e-f33f7f88bfed
[req] GET /api/v1/me 200 1ms dc47b7ac-2df2-4f3f-9408-252be7ac6728
[req] GET /api/v1/me 200 1ms 09908ce7-7f2b-4940-8b18-80348c798c02
[req] GET /api/v1/me 200 2ms fc2b0fdd-9cef-4fa9-b721-fb104e88c9a0
[req] GET /api/v1/me 200 1ms b1537f58-b5f8-4bb4-b3e8-8efce9b5cf93
[req] GET /api/v1/me 200 1ms 4580a099-a65b-4851-b759-3bd28bfb4e22
[req] GET /api/v1/me 200 1ms 42e450a2-f986-48e9-9cf7-9fbe89046358
[req] GET /api/v1/me 200 0ms 67e1a733-4d7b-410a-9f14-1d73a9d8ee8e
[req] GET /api/v1/me 200 0ms bcb4b742-3763-41d9-912e-8817d678b19a
[req] GET /api/v1/me 200 1ms 7b3a9033-efeb-4704-962d-b60b01e5d1ec
[req] GET /api/v1/me 200 1ms 6ebd5204-9af3-49c4-8cff-0d9c06f49dfa
[req] GET /api/v1/me 200 1ms 5a690f64-c584-4f08-96fb-811ae99d3e0b
[req] GET /api/v1/me 200 0ms 5a27b1e6-34fa-47b2-91b6-4dde0964b6c6
[req] GET /api/v1/me 200 1ms 863e9a2a-a211-4a39-b75d-43d320014988
[req] GET /api/v1/me 200 0ms f001fade-0a4a-44e7-8a62-f39e468e1d1a
[req] GET /api/v1/me 200 1ms 61857aa0-4b4e-4d1d-be42-ea92d0e3a61f
[req] GET /api/v1/me 200 1ms 6de7b676-b03f-4fb1-b1f5-b9075adcf0d4
[req] PATCH /api/v1/preferences 200 2ms 95ce5cbf-2182-480d-9d85-ea96b81f794b
[req] GET /api/v1/inventory 200 1ms 515ea601-7f28-464e-8616-42fb566d9cb1
[req] GET /api/v1/me 200 1ms 193af74e-7874-4dd4-8938-cd2e4fb541c1
[req] GET /api/v1/me 200 0ms a1cff17b-42e1-439a-a13f-2f35c5ae4ded
[req] GET /api/v1/preferences 200 1ms 4544210a-ac62-471f-a8e3-2426fdd96b4a
[req] GET /api/v1/me 200 0ms ce57bf38-c602-426d-843c-4dcbf48a6b61
[req] GET /api/v1/me 200 1ms b982ba51-e580-4d06-883b-e94bfce5242f
[req] GET /api/v1/me 200 1ms fcac60f1-9eef-464d-b135-8aa161aacbe9
[req] GET /api/v1/week/preferences 200 2ms 851e9cda-8e30-43b9-b8f9-39a3d93a0192
[req] GET /api/v1/me 200 1ms f8a65f9d-aa96-4d8b-ab87-c029121ac37b
[req] GET /api/v1/me 200 1ms 36c1c9d7-0675-4ab8-9592-6ae2bed00b81
[req] GET /api/v1/me 200 0ms 56d940aa-4de6-4404-9c60-2049e28eb7ab
[req] GET /api/v1/notifications 200 1ms 4194467f-d249-4d74-b2c2-1045e53869f3
[req] GET /api/v1/me 200 0ms f2a4fe45-625b-41b0-bcd7-01469e5c2e7c
[req] GET /api/v1/me 200 2ms a9a3c980-4f07-4b24-b7a1-ec168b0966aa
[req] GET /api/v1/preferences 200 0ms befa47ab-e5b8-46c0-b653-1e099f469fb5
[req] GET /api/v1/me 200 1ms d99fd0d4-80e0-4c54-90d5-1ba57867d269
[req] GET /api/v1/me 200 1ms 26236343-ef07-4908-9c84-deb8e2c2b21c
[req] GET /api/v1/me 200 1ms ef520ea6-9356-415b-bc0b-201d31b333cd
[req] GET /api/v1/week/preferences 200 1ms 10638d1c-04d5-4edc-b43c-ed92f2866360
[req] GET /api/v1/me 200 1ms a2d5ebe6-8c18-4c5a-a005-4f44e0fcd442
[req] GET /api/v1/me 200 1ms 29b4de88-0641-4d8b-abf7-d351c76ac8b3
[req] GET /api/v1/me 200 1ms 324aafb5-a73d-40dc-8a96-74eeab486a4f
[req] GET /api/v1/notifications 200 1ms 9a4f2db3-b771-40ea-a09e-30221b014c33
[req] GET /api/v1/me 200 0ms 4cc4b243-b012-459b-9e8b-77de3695cd1a
[req] GET /api/v1/me 200 0ms fa909f39-d6ab-4fd7-9ca8-1435aee5d28c
[req] GET /api/v1/preferences 200 1ms b32c5cd1-0e19-448d-87b7-42c5f31d5462
[req] GET /api/v1/me 200 1ms 7063fac7-ec05-4067-922c-780a93ffcdf3
[req] GET /api/v1/me 200 1ms 761c08a6-1f35-408d-be0c-bffce803a04b
[req] GET /api/v1/me 200 0ms 18216c90-d628-475b-befc-66d75af726fb
[req] GET /api/v1/week/preferences 200 0ms decaaece-503a-4247-a9c2-ffa3684cf442
[req] GET /api/v1/me 200 0ms 78027787-c6fc-48c1-b9e2-35ce52432319
[req] GET /api/v1/me 200 1ms 065db06b-350f-4345-96ca-ff6e6e9d9f16
[req] GET /api/v1/me 200 1ms 54a57873-84c0-48c0-96e1-6db52728d945
[req] GET /api/v1/notifications 200 1ms 1b64404f-f0b0-4af7-b068-22e1566a6448
[req] GET /api/v1/me 200 1ms 4367bdfd-d403-47c5-ab5a-0ef93906bacb
[req] GET /api/v1/me 200 1ms 2e50f069-a10a-447d-ab28-4bee1de21eca
[req] GET /api/v1/preferences 200 0ms 964a5b68-ce6f-49a7-b1c8-aa17616ea42b
[req] GET /api/v1/me 200 1ms 7a68d544-9d0a-4e00-8bc3-ef29f5e8aeb9
[req] GET /api/v1/me 200 1ms 44ac55e8-8eab-489f-9bc7-5e5fdfe413a4
[req] GET /api/v1/me 200 1ms 455f4fe8-d398-472d-b034-bf284941b71d
[req] GET /api/v1/week/preferences 200 2ms f469dde2-ac2c-44ed-97a3-ac05d72a0925
[req] GET /api/v1/me 200 2ms 9480d4cb-a92e-4ad9-b726-0b5fd3d98140
[req] GET /api/v1/me 200 1ms 6b90bfc8-e884-4fe2-a181-a125b03cc786
[req] GET /api/v1/me 200 1ms 84d58616-6d02-4053-ac5c-c3a8c6268806
[req] GET /api/v1/notifications 200 1ms 7248175b-02e8-4e81-a4f5-a64b1810d0c3
[req] GET /api/v1/me 200 0ms a1bd3819-d865-40ed-83a5-6ca7b1151c19
[req] GET /api/v1/me 200 1ms e193c4bb-b7e0-4c64-b960-ba02f532011a
[req] GET /api/v1/preferences 200 0ms 1ecbf98d-2f5b-4f4c-8276-cee55b52e0b2
[req] GET /api/v1/me 200 0ms 5baeda4e-8c00-4eec-8c44-0c1d596d5abf
[req] GET /api/v1/me 200 0ms 0b2d8b71-c419-42d3-b45c-e697037c5a46
[req] GET /api/v1/me 200 1ms a671252b-d768-4a31-8ab2-1762a2d8aa84
[req] GET /api/v1/week/preferences 200 0ms b0cb77de-c64e-429e-a8b1-b800623fa8bc
[req] GET /api/v1/me 200 1ms bee52f1c-8bbb-4a77-88b1-3293bb40f50f
[req] GET /api/v1/me 200 0ms 1d86962c-1587-4dbe-bd42-389351e74a6a
[req] GET /api/v1/me 200 0ms 7a07d3cd-514b-43e3-86a9-2e925827cc8c
[req] GET /api/v1/notifications 200 1ms fa728736-ee80-4943-9a4e-e88738c2b7ef
[req] GET /api/v1/me 200 1ms 52c6daa3-22e7-459c-8bf7-076621c5c051
[req] GET /api/v1/preferences 200 1ms afa1fefd-badd-40a2-b9c5-b4f62a2b868e
[req] PATCH /api/v1/preferences 200 1ms 542501de-21c7-43a5-bd9b-9a15136275ec
[req] GET /api/v1/preferences 200 0ms f4971ecf-4369-4711-b574-422efd40c5c9
[req] GET /api/v1/me 200 0ms 32452de3-d872-4ad7-9bff-f8e43ad3906e
[req] GET /api/v1/preferences 200 1ms b31fca26-4ffa-4265-b373-4e30a5fede6f
[req] GET /api/v1/me 200 0ms 3428ddf9-f4c1-488b-b331-fe96bc91c5a8
[req] GET /api/v1/week/preferences 200 0ms a888cced-cae3-44b1-8224-ed99d2f90a47
[req] PATCH /api/v1/week/preferences 200 1ms 4084cf92-26b6-4aac-8dd9-cd8307e61f05
[req] GET /api/v1/week/preferences 200 0ms 74bb7452-ca91-4f57-898a-6ecb4cb91e23
[req] GET /api/v1/me 200 1ms aeadd863-9f73-42b8-9701-71432fa18dc3
[req] GET /api/v1/week/preferences 200 0ms 05e836ee-1261-447d-8d29-a561c0eff363
[req] GET /api/v1/me 200 0ms 496ec2cf-a5f8-4021-a6c8-e52cd09d37dc
[req] GET /api/v1/me 200 1ms 6de849c8-5472-4ee6-98f1-52a45d45203c
[req] GET /api/v1/me 200 1ms db7028a4-6d5c-4639-9e0a-99b0398e862a
[req] GET /api/v1/me 200 1ms 09a9fb2f-f838-43d4-a43f-e1b56fb6d97e
[req] GET /api/v1/me 200 1ms d8b41bf6-aa89-47d7-a3e4-e04422f739b2
[req] GET /api/v1/notifications 200 1ms f8b07a5e-7ef9-46ac-be28-7453af4150a9
[req] GET /api/v1/me 200 1ms edc50945-16ea-42b6-ba48-c558acdb42b9
[req] GET /api/v1/preferences 200 1ms b0c72724-8caf-4c2c-90e3-db0c27c460a4
[req] PATCH /api/v1/preferences 200 1ms 7fe694a6-1f27-477a-9e4f-49ebd173da25
[req] GET /api/v1/preferences 200 0ms b191d31f-9191-4c17-979c-f652c6b2b986
[req] GET /api/v1/me 200 1ms 8bde152d-9cf7-42b4-8aec-5788dc5d6ac0
[req] GET /api/v1/week/preferences 200 2ms 4d3ef1bf-302c-416e-ad15-fb37c79447e7
[req] PATCH /api/v1/week/preferences 200 1ms 89beb254-6e8c-4624-aa2f-4d42f8e1eab0
[req] GET /api/v1/week/preferences 200 1ms 795077e2-d6c1-47fa-b0d7-5ed223461040
[req] GET /api/v1/me 200 1ms 65fa6f27-0e3b-4508-9315-969e07ecc8d2
[req] GET /api/v1/me 200 1ms adcbf347-be8b-4491-aaf9-eaa8ce271fc0
[req] GET /api/v1/notifications 200 0ms d88b25f6-7397-4fab-b4e8-8439ed17aaeb
[req] GET /api/v1/me 200 1ms 95f9c1ee-d171-47c8-9c7e-47de806a3618
[req] GET /api/v1/me 200 1ms 6e9713b5-0573-488f-804c-d3b68f6871b7
[req] GET /api/v1/preferences 200 1ms d6754bec-661a-4e5b-9af6-4b1534251ffc
[req] GET /api/v1/me 200 1ms 5be5eafe-cddc-4725-a1bf-cb4dcb257172
[req] GET /api/v1/me 200 1ms 73378007-f921-4c2f-bef5-b4a4e21a015e
[req] GET /api/v1/me 200 1ms 7bd8bd78-a18f-4f5a-a152-56660b1d5c91
[req] GET /api/v1/week/preferences 200 2ms 3d290e0f-ad03-42ec-bd97-5000cdd2d4a6
[req] GET /api/v1/me 200 1ms 9ce6ee28-6e88-4c95-b6f5-ce3d46b5ac5f
[req] GET /api/v1/me 200 0ms d22fa747-96ad-4752-9dfe-63af84f55b92
[req] GET /api/v1/me 200 0ms dd8e63e6-8ae0-476b-b121-9dab80c6c9ca
[req] GET /api/v1/notifications 200 1ms 03005648-42f4-48ac-9578-4f22580d6539
[req] GET /api/v1/me 200 0ms 899112ce-4335-4722-8082-1d55fef32ddd
[req] GET /api/v1/me 200 1ms 5032178e-a04f-405d-b4f7-58eae0f195ec
[req] GET /api/v1/me 200 1ms 5208899b-c493-4592-b308-07ac353f6346
[req] GET /api/v1/meal-planning/plans/current 200 1ms 4393e58a-9ab8-4e68-9f20-cf8dd78ce093
[req] GET /api/v1/inventory 200 0ms 095e1e03-3c89-4cdc-b341-fc8ad0adb368
[req] GET /api/v1/recipe-discovery 200 5ms e2e95843-157c-481c-ac7e-ccc370ae1d72
[req] GET /api/v1/inventory 200 1ms bd8fc997-38d8-4f41-bc81-971b546df0c5
[req] POST /api/v1/auth/guest 200 1ms b633bd43-4216-4bbb-b0d4-dfd82843efe6
[req] GET /api/v1/me 200 0ms f5adeac2-a865-4370-a758-5ccb968bdd06
[req] PATCH /api/v1/preferences 200 2ms c63c6515-40ef-4a22-9e08-4d0d190f0a1f
[req] GET /api/v1/me 200 1ms e6f5277d-7bcc-4a32-bb9a-4241061d22d2
