
[UX AUDIT] 137 files checked
--------------------------------------------------
[!] ISSUES (29):
  - [Hick's Law] index.html: 8 nav items (Max 7)
  - [Cognitive Load] auth-resend-turnstile.test.tsx: Form inputs without labels. Use <label> for accessibility and clarity.
  - [Cognitive Load] account-gates.test.tsx: Form inputs without labels. Use <label> for accessibility and clarity.
  - [Cognitive Load] t13r-a-receipt-ownership.test.tsx: Form inputs without labels. Use <label> for accessibility and clarity.
  - [Cognitive Load] payment-checkout.test.tsx: Form inputs without labels. Use <label> for accessibility and clarity.
  - [Cognitive Load] t13b-inventory-detail.test.tsx: Form inputs without labels. Use <label> for accessibility and clarity.
  - [Accessibility] planner-ui.test.tsx: Missing img alt text
  - [Cognitive Load] design-tokens.css: Form inputs without labels. Use <label> for accessibility and clarity.
  - [Cognitive Load] frigo-tokens.css: Form inputs without labels. Use <label> for accessibility and clarity.
  - [Cognitive Load] WeekSummaryCards.tsx: Form inputs without labels. Use <label> for accessibility and clarity.
[*] WARNINGS (902):
  - [Serial Position] index.html: Last nav item may not be important. Place key actions at start/end.
  - [Animation] index.html: Async operations without loading indicator. Add skeleton or spinner for perceived performance.
  - [Von Restorff] auth-resend-turnstile.test.tsx: No primary CTA
  - [Animation] auth-resend-turnstile.test.tsx: Async operations without loading indicator. Add skeleton or spinner for perceived performance.
  - [Animation] auth-resend-turnstile.test.tsx: Routing detected without page transitions. Consider fade/slide for context continuity.
  - [Reflective] account-gates.test.tsx: Long-form content without brand story/values. Add 'About' or 'Why We Exist' section.
  - [Trust] account-gates.test.tsx: No social proof detected. Consider adding testimonials, ratings, or 'Trusted by' logos.
  - [Persuasion] account-gates.test.tsx: Prices without anchoring. Show original price to frame discount value.
  - [Persuasion] account-gates.test.tsx: Social proof without specific numbers. Use 'Join 10,000+' format.
  - [Typography] account-gates.test.tsx: No line length constraint (45-75ch). Use max-w-prose or max-w-[65ch].
  - [Typography] account-gates.test.tsx: Text elements found without line-height. Body: 1.4-1.6, Headings: 1.1-1.3
  - [Visual] account-gates.test.tsx: Flat design with no depth. Consider shadows or subtle gradients for hierarchy.
  - [Animation] account-gates.test.tsx: Async operations without loading indicator. Add skeleton or spinner for perceived performance.
  - [Animation] account-gates.test.tsx: Routing detected without page transitions. Consider fade/slide for context continuity.
  - [Animation] ui07-brand-shell.test.tsx: Routing detected without page transitions. Consider fade/slide for context continuity.
[+] PASSED CHECKS: 77
STATUS: FAIL
