board-320 PASS
assets-320 PASS
dialog-320 PASS
board-360 PASS
assets-360 PASS
dialog-360 PASS
board-390 PASS
assets-390 PASS
dialog-390 PASS
board-430 PASS
assets-430 PASS
dialog-430 PASS
board-768 PASS
assets-768 PASS
dialog-768 PASS
board-1024 PASS
assets-1024 PASS
dialog-1024 PASS
board-1440 PASS
assets-1440 PASS
dialog-1440 PASS
board-320-text2 PASS
dialog-320-text2 PASS
board-768-text2 PASS
dialog-768-text2 PASS
board-390-420 PASS
dialog-390-420 PASS
board-768-420 PASS
dialog-768-420 PASS
board-320-420-text2 PASS
dialog-320-420-text2 PASS
synthetic-human-claim PASS
board-normal-motion PASS
PASS 33 snapshots / 11 journeys; no browser writes/external requests/pageerrors
