board-320 PASS
assets-320 PASS
dialog-320 PASS
board-360 PASS
assets-360 PASS
dialog-360 PASS
board-390 PASS
assets-390 PASS
dialog-390 PASS
board-430 PASS
assets-430 PASS
dialog-430 PASS
board-768 PASS
assets-768 PASS
dialog-768 PASS
board-1024 PASS
assets-1024 PASS
dialog-1024 PASS
board-1440 PASS
assets-1440 PASS
dialog-1440 PASS
board-320-text2 PASS
dialog-320-text2 PASS
board-768-text2 PASS
dialog-768-text2 PASS
board-390-420 PASS
dialog-390-420 PASS
board-768-420 PASS
dialog-768-420 PASS
board-320-420-text2 PASS
dialog-320-420-text2 PASS
node:internal/modules/run_main:107
    triggerUncaughtException(
    ^

ExpectError: expect(locator).toBeFocused() failed

Locator:  locator('#cancel-review')
Expected: focused
Received: inactive
Timeout:  5000ms

Call log:
  - Expect "toBeFocused" locator('#cancel-review') with timeout 5000ms
  - waiting for locator('#cancel-review')
    14 × locator resolved to <button type="button" id="cancel-review">Đóng, bỏ sửa đang nhập</button>
       - unexpected value "inactive"

    at captureRawStack (/Users/tunbee27/Documents/Tako-san-ui-rebuild/node_modules/.pnpm/playwright-core@1.63.0/node_modules/playwright-core/lib/coreBundle.js:8588:17)
    at callMatcherAsStep (/Users/tunbee27/Documents/Tako-san-ui-rebuild/node_modules/.pnpm/playwright@1.63.0/node_modules/playwright/lib/matchers/expect.js:13310:57)
    at Object.toBeFocused (/Users/tunbee27/Documents/Tako-san-ui-rebuild/node_modules/.pnpm/playwright@1.63.0/node_modules/playwright/lib/matchers/expect.js:13302:23)
    at /Users/tunbee27/Documents/Tako-san-ui-rebuild/scripts/ui13-browser-check.mjs:165:48 {
  matcherResult: {
    message: 'expect(locator).toBeFocused() failed\n' +
      '\n' +
      "Locator:  locator('#cancel-review')\n" +
      'Expected: focused\n' +
      'Received: inactive\n' +
      'Timeout:  5000ms\n' +
      '\n' +
      'Call log:\n' +
      `  - Expect "toBeFocused" locator('#cancel-review') with timeout 5000ms\n` +
      "  - waiting for locator('#cancel-review')\n" +
      '    14 × locator resolved to <button type="button" id="cancel-review">Đóng, bỏ sửa đang nhập</button>\n' +
      '       - unexpected value "inactive"\n',
    pass: false,
    actual: 'inactive',
    name: 'toBeFocused',
    expected: 'focused',
    log: [
      `  - Expect "toBeFocused" locator('#cancel-review') with timeout 5000ms`,
      "  - waiting for locator('#cancel-review')",
      '    14 × locator resolved to <button type="button" id="cancel-review">Đóng, bỏ sửa đang nhập</button>',
      '       - unexpected value "inactive"'
    ],
    timeout: 5000,
    ariaSnapshot: '- button "Đóng, bỏ sửa đang nhập"'
  }
}

Node.js v24.16.0
