legacy-detail-390: axe0 / overflow0 / assets0
canonical-detail-320: axe0 / overflow0 / assets0
canonical-edit-320: axe0 / overflow0 / assets0
reconciliation-empty-320: axe0 / overflow0 / assets0
canonical-detail-390: axe0 / overflow0 / assets0
canonical-edit-390: axe0 / overflow0 / assets0
reconciliation-empty-390: axe0 / overflow0 / assets0
canonical-detail-768: axe0 / overflow0 / assets0
canonical-edit-768: axe0 / overflow0 / assets0
reconciliation-empty-768: axe0 / overflow0 / assets0
canonical-detail-1024: axe0 / overflow0 / assets0
canonical-edit-1024: axe0 / overflow0 / assets0
reconciliation-empty-1024: axe0 / overflow0 / assets0
canonical-detail-1440: axe0 / overflow0 / assets0
canonical-edit-1440: axe0 / overflow0 / assets0
reconciliation-empty-1440: axe0 / overflow0 / assets0
detail-alias-ingredients: axe0 / overflow0 / assets0
detail-alias-inventory: axe0 / overflow0 / assets0
detail-enlarged-320: axe0 / overflow0 / assets0
edit-enlarged-320: axe0 / overflow0 / assets0
detail-long-content-enlarged-320: axe0 / overflow0 / assets0
edit-short-390: axe0 / overflow0 / assets0
detail-not-found: axe0 / overflow0 / assets0
detail-loading: axe0 / overflow0 / assets0
metadata-saving: axe0 / overflow0 / assets0
metadata-save-error: axe0 / overflow0 / assets0
detail-read-error: axe0 / overflow0 / assets0
reconciliation-records-320: axe0 / overflow0 / assets0
reconciliation-records-390: axe0 / overflow0 / assets0
reconciliation-records-768: axe0 / overflow0 / assets0
reconciliation-records-1024: axe0 / overflow0 / assets0
reconciliation-records-1440: axe0 / overflow0 / assets0
reconciliation-enlarged-320: axe0 / overflow0 / assets0
reconciliation-long-content-enlarged-320: axe0 / overflow0 / assets0
reconciliation-decision-error: axe0 / overflow0 / assets0
reconciliation-loading: axe0 / overflow0 / assets0
reconciliation-read-error: axe0 / overflow0 / assets0
session-verifying: axe0 / overflow0 / assets0
session-error-320: axe0 / overflow0 / assets0
session-error-390: axe0 / overflow0 / assets0
session-error-768: axe0 / overflow0 / assets0
session-error-1024: axe0 / overflow0 / assets0
session-error-1440: axe0 / overflow0 / assets0
session-error-enlarged-320: axe0 / overflow0 / assets0
logout-pending: axe0 / overflow0 / assets0
logout-error: axe0 / overflow0 / assets0
application-render-error: axe0 / overflow0 / assets0
application-error-enlarged-320: axe0 / overflow0 / assets0
detail-normal-motion: axe0 / overflow0 / assets0
PASS 49 snapshots / 9 journeys / 0 unexpected page errors
