9:02:44 PM [vite] (client) Re-optimizing dependencies because vite config has changed
Isolated security preview: Vite 5202, in-memory SQLite API 8902, external API fetch disabled; /__preview for synthetic login/reset
9:05:28 PM [vite] (client) page reload .artifacts/ui09/preview-response.html
[req] GET /api/v1/me 200 2ms 886c6892-cff2-4bf3-9f50-6976ac472a4b
[req] GET /api/v1/me 200 1ms b4075dcd-f864-4cdd-ae86-c24a9eda268c
[req] GET /api/v1/me 200 1ms 217ae511-1639-46e1-9b5f-3a2e2da758a3
[req] PATCH /api/v1/preferences 200 2ms e060a93b-9e07-46f0-83a1-630b4d335482
[req] GET /api/v1/me 200 3ms e771e051-cf40-4740-800a-b77acf9cfaf8
[req] GET /api/v1/inventory/lots/preview-stock-egg 409 1ms 97ad0c7e-012d-4c76-84b3-be2472aefbf3
[req] GET /api/v1/inventory 200 1ms 1f86829e-2f38-4cce-a5a3-081af98e055e
[req] GET /api/v1/me 200 13ms f6298fb6-b9ec-4e69-9a6a-3efa51305446
[req] POST /api/v1/inventory/adopt 201 24ms 5d10e344-235c-4efe-a0b0-2cbe704aeecf
[req] GET /api/v1/inventory 200 3ms 5886e0a4-69e5-4f0c-84bf-69642642f577
[req] GET /api/v1/me 200 1ms 1c924d62-8225-49e1-b913-cbc8c2618677
[req] GET /api/v1/inventory/lots/preview-stock-egg 200 15ms 5fa05ced-b4b3-40df-9c91-e75d26965815
[req] GET /api/v1/me 200 1ms 737a7cbd-35e8-4011-a3a7-2ea68fc75345
[req] GET /api/v1/inventory/observations 200 2ms c1f1a9fb-a532-4942-b33f-9e5f5133109d
[req] GET /api/v1/me 200 1ms 2f9ab28c-4b50-4310-855d-1fed14f146ee
[req] GET /api/v1/inventory/lots/preview-stock-egg 200 4ms d811d6ca-25ec-462a-b88a-ad324eaa8714
[req] GET /api/v1/me 200 0ms f9332e58-ebba-4b4c-a36a-4335df0ec42c
[req] GET /api/v1/inventory/observations 200 2ms 51eaf05f-507e-4ebd-a402-75e4e41ae12e
[req] GET /api/v1/me 200 1ms 8be41bb6-d88d-43b0-9303-e1d26455740f
[req] GET /api/v1/inventory/lots/preview-stock-egg 200 4ms daba0705-e8fd-4fe3-8977-1287ffc7ac52
[req] GET /api/v1/me 200 1ms 002de28a-c601-499b-8f66-2ffab03948a7
[req] GET /api/v1/inventory/observations 200 1ms 5762d5a5-358a-4699-92a3-bfa6986d381b
[req] GET /api/v1/me 200 1ms f4c44ecf-0116-472e-8060-6a1ee95068a6
[req] GET /api/v1/inventory/lots/preview-stock-egg 200 3ms 55ea7e90-b920-4f80-9d0c-4facab1ba4d7
[req] GET /api/v1/me 200 1ms c327a2a5-fcd8-434a-b6ea-ae95847c8105
[req] GET /api/v1/inventory/observations 200 2ms a2233eee-922c-4b62-ac02-6ae8ab149a47
[req] GET /api/v1/me 200 1ms ee6393c9-ec45-42d6-b406-aa09502ed2d4
[req] GET /api/v1/inventory/lots/preview-stock-egg 200 5ms 9716d5fe-474f-496b-8752-8ebde7175053
[req] GET /api/v1/me 200 1ms 4a530e98-b7f2-49bf-b088-7e4831a37433
[req] GET /api/v1/inventory/observations 200 1ms 588e96e2-8707-49d9-b367-d49db4c520df
[req] GET /api/v1/me 200 1ms 0f2726ac-0df3-4bf0-a284-4156c484843c
[req] GET /api/v1/inventory/lots/preview-stock-egg 200 5ms f9f3f060-6daa-4351-8236-393fc4c5179a
[req] GET /api/v1/me 200 1ms bc422f72-e1a6-419c-984f-076b7a7fc399
[req] GET /api/v1/inventory/lots/preview-stock-egg 200 6ms c8f56481-88da-4545-affd-b7f0930c628a
[req] GET /api/v1/inventory 200 2ms ec37e9eb-9a59-4f9b-a4a3-b6f2c29d8816
[req] GET /api/v1/me 200 0ms a7e35f40-7771-4fc0-bac5-d17cc9942120
[req] GET /api/v1/inventory/lots/preview-stock-egg 200 6ms 756612c2-2640-4102-b4f9-ee140a32b000
[req] GET /api/v1/me 200 2ms 915af5b4-b52b-4c2c-92ca-c812d3e18ae0
[req] GET /api/v1/me 200 1ms f0001dc0-3438-4b49-83b1-4f98f39864bc
[req] GET /api/v1/inventory/lots/preview-stock-egg 200 7ms 7ba0a1c8-6d25-42f5-8f46-b7c1a1d6cddf
9:09:58 PM [vite] (client) hmr update /src/web/styles/index.css
[req] GET /api/v1/me 200 1ms 40fe9a22-1a0b-4a2f-a6ab-b5fa32c8327f
[req] GET /api/v1/me 200 1ms 90fd46a2-d030-406a-bd9c-f25a9f6a09cb
[req] GET /api/v1/me 200 1ms dddec62a-19af-49b5-9aca-e1c7794d0e21
[req] PATCH /api/v1/preferences 200 1ms a6047b26-0439-4e2e-a0a7-f14c36e28842
[req] GET /api/v1/me 200 0ms 910cdf74-3f6f-4d70-ba21-ab37261e4431
[req] GET /api/v1/inventory/lots/preview-stock-egg 409 0ms 82a5e18f-ca4d-49d1-b66b-0d09284f15c1
[req] GET /api/v1/inventory 200 1ms f3459eec-b49b-48fe-a1f8-1c77047c833e
[req] GET /api/v1/me 200 1ms 73115d9a-5104-4a5c-acfc-2d88dfbf3f70
[req] POST /api/v1/inventory/adopt 201 22ms 1265708d-6020-4d14-96d2-73406b98708e
[req] GET /api/v1/inventory 200 2ms 0765b70b-4ff9-4524-b3d7-0a0723a9c2f0
[req] GET /api/v1/me 200 0ms dd7fcdc0-148e-4d7f-8187-e07232820728
[req] GET /api/v1/inventory/lots/preview-stock-egg 200 5ms 608e737b-02fe-4455-a8c2-2a805098c0b3
[req] GET /api/v1/me 200 0ms 31c3858f-835c-4058-a80e-15d1a17ea981
[req] GET /api/v1/inventory/observations 200 1ms 23b840c8-9888-4372-b798-482002420e21
[req] GET /api/v1/me 200 2ms 2aca9f7c-de17-4680-a028-b3db1906937b
[req] GET /api/v1/inventory/lots/preview-stock-egg 200 3ms 44a7b857-13fa-44b3-8569-58dfef1f42f2
[req] GET /api/v1/me 200 1ms 8c91ba07-f083-4f9a-8805-a8a0b2b1fbe8
[req] GET /api/v1/inventory/observations 200 3ms 423dbe90-e5f5-40d4-8627-c504254dd267
[req] GET /api/v1/me 200 1ms cc53393b-b931-448e-9931-91cd5860b772
[req] GET /api/v1/inventory/lots/preview-stock-egg 200 4ms eb5c49a6-49a5-4b43-906c-78777390e8fd
[req] GET /api/v1/me 200 0ms c348aaf5-f17d-479d-a0fd-eb6758ffa6a3
[req] GET /api/v1/inventory/observations 200 1ms 38baca6b-25d2-49ac-9c92-11d4e131b67b
[req] GET /api/v1/me 200 0ms 80c413e9-bc49-4382-a92c-0e8ce580af7e
[req] GET /api/v1/inventory/lots/preview-stock-egg 200 5ms 64440c79-5136-4d4d-ac9f-451c42ffc416
[req] GET /api/v1/me 200 1ms 1777451d-cf09-4595-959f-0cb7d443fef2
[req] GET /api/v1/inventory/observations 200 2ms 0603aead-ddb1-456e-bec2-382f9fe2ae02
[req] GET /api/v1/me 200 2ms 405490e3-40df-4fd5-b26a-3e9ae4ba8d01
[req] GET /api/v1/inventory/lots/preview-stock-egg 200 6ms ac77ff5b-5fd1-4116-9d4c-9e25113bca3d
9:10:15 PM [vite] (client) hmr update /src/web/styles/index.css
[req] GET /api/v1/me 200 1ms 0264f457-517a-49a3-bb14-8de2ec322538
[req] GET /api/v1/me 200 0ms 1a5a3e2a-7a09-49d0-86b5-52b1a368a2a1
[req] GET /api/v1/inventory/lots/preview-stock-egg 200 11ms 346cbcd6-12cd-4318-88dc-15507a12bcc3
[req] GET /api/v1/me 200 1ms 6b582b36-4330-4bb0-b64f-194884ffb756
[req] GET /api/v1/inventory/observations 200 2ms 3215823e-b490-485c-99ee-45a64d642f3b
[req] GET /api/v1/me 200 3ms 174741a4-82c8-4f2a-86b0-e7d89e1d4f77
[req] GET /api/v1/inventory/lots/preview-stock-egg 200 4ms 33ceb863-a585-47c8-8826-e937abf01848
[req] GET /api/v1/me 200 1ms 7a2a999d-b73a-404c-ab2b-a48c8c6d19ce
[req] GET /api/v1/inventory/lots/preview-stock-egg 200 16ms 148ca547-e8d9-45e7-88d3-ecf45ada1777
[req] GET /api/v1/inventory 200 1ms 66ed0ffa-9381-46d5-99a5-3afb6d47b5b1
[req] GET /api/v1/me 200 1ms 80644c3c-7f31-4967-8a7f-0fac2267923f
[req] GET /api/v1/inventory/lots/preview-stock-egg 200 4ms e73cc7d5-e64e-46c0-8771-8a657de90327
[req] GET /api/v1/me 200 1ms 51fd0d33-4fe5-4692-abc1-95ce5fcc6409
[req] GET /api/v1/inventory/lots/preview-stock-egg 200 5ms adade7f8-7927-4a94-945b-ba719bcb776a
[req] GET /api/v1/me 200 1ms 7e575890-eeaf-4633-9d1f-ba7d5e3e6b9c
[req] GET /api/v1/me 200 0ms a32a1ba1-316c-46b9-a094-b2e0a2630087
[req] GET /api/v1/inventory/lots/preview-stock-egg 200 5ms d65bfadf-f0a2-468c-84e9-cfd8aa7f4d82
9:11:55 PM [vite] (client) hmr update /src/web/styles/index.css
9:11:55 PM [vite] (client) hmr update /src/web/pages/IngredientDetailPage.tsx, /src/web/styles/index.css
[req] GET /api/v1/me 200 1ms 118eab29-6b91-446c-9e80-81df9b08638e
[req] GET /api/v1/me 200 1ms 7a5ca5fd-5004-473e-9af0-c7e21e432001
[req] PATCH /api/v1/preferences 200 1ms 782be7c1-20c0-4556-a4bc-fd6dba2b023b
[req] GET /api/v1/me 200 2ms 12189a77-1492-4890-9ffa-48d5790cd085
[req] GET /api/v1/inventory/lots/preview-stock-egg 409 1ms 3aea39c7-215e-46a8-b558-6f7edbbe581b
[req] GET /api/v1/inventory 200 1ms 33a38966-4637-41e9-a8f1-c3b1faf638ab
[req] GET /api/v1/me 200 1ms 5f4b535e-7367-42a5-baeb-b489ccbfb11b
[req] POST /api/v1/inventory/adopt 201 22ms e53167a4-a155-4668-8f1c-a680eff087dd
[req] GET /api/v1/inventory 200 3ms 57d9d930-b663-476c-a647-50c2932d397f
[req] GET /api/v1/me 200 1ms 5ac7f6c2-2598-4490-aa80-7f1ef68e625b
[req] GET /api/v1/inventory/lots/preview-stock-egg 200 4ms e3c31acb-e07f-486f-affc-aecdb840b142
[req] GET /api/v1/me 200 1ms e6f996b0-0003-4381-bf50-ecbd96ed3b7e
[req] GET /api/v1/inventory/observations 200 0ms 1540546b-2368-43c8-9250-3dba7782a6c9
[req] GET /api/v1/me 200 1ms 944849cd-874f-4294-a9bc-7e23bc5e432b
[req] GET /api/v1/inventory/lots/preview-stock-egg 200 6ms 208aaf8c-9111-4750-b9c5-a4d055818464
[req] GET /api/v1/me 200 1ms ce3141a9-5254-4d9a-8179-234eacba6cd9
[req] GET /api/v1/inventory/observations 200 0ms bf5bdde3-a388-4677-a525-403ddd5e0782
[req] GET /api/v1/me 200 1ms 88c81b1c-9f98-45bf-af15-06cd0ac3ae6b
[req] GET /api/v1/inventory/lots/preview-stock-egg 200 4ms d575f1fb-c13b-44c2-a7dc-db398769a410
[req] GET /api/v1/me 200 2ms 744b5927-ef41-4c61-b535-b52c30dd38fb
[req] GET /api/v1/inventory/observations 200 2ms 4327420e-713e-452a-8c4c-42491e4c409d
[req] GET /api/v1/me 200 0ms b0c9687a-eb52-40ba-9ca7-3fb6d0e16e5b
[req] GET /api/v1/inventory/lots/preview-stock-egg 200 8ms 92f70b06-dc82-44a5-8760-93c8b51e66cb
[req] GET /api/v1/me 200 0ms c7404bec-06a8-4890-a839-b51923727e26
[req] GET /api/v1/inventory/observations 200 1ms 57349837-ca3a-4bb1-968d-f699ef1ae4c4
[req] GET /api/v1/me 200 0ms 601ad3fa-950b-48be-8109-97906f3e454d
[req] GET /api/v1/inventory/lots/preview-stock-egg 200 6ms 7d491c61-39cc-4ff3-92b5-bacbca1c9510
[req] GET /api/v1/me 200 1ms 6d21223a-3087-485e-bf35-60605f0750b3
[req] GET /api/v1/inventory/observations 200 1ms 4f222453-78d3-4a52-874a-368abec6c0cb
[req] GET /api/v1/me 200 1ms 29f4a2a5-61cf-4b37-8594-34a9910bc112
[req] GET /api/v1/inventory/lots/preview-stock-egg 200 7ms 64e24583-4b59-4086-ac4c-b4b29639bf38
[req] GET /api/v1/me 200 1ms 8514851c-5352-464a-b250-639084403ed3
[req] GET /api/v1/inventory/lots/preview-stock-egg 200 4ms 849a80b3-72e0-45f5-b891-49aa27abfd11
[req] GET /api/v1/inventory 200 2ms bc96e2da-4996-49d2-883e-0b410451695c
[req] GET /api/v1/me 200 3ms 55f37941-0c7c-4def-8749-b946590e1f78
[req] GET /api/v1/inventory/lots/preview-stock-egg 200 7ms 8346058b-17cc-4112-824d-8ca7e2586819
[req] GET /api/v1/me 200 2ms 995a9fc4-8ff1-49f9-8263-5ee3148e3dd1
[req] GET /api/v1/inventory/lots/preview-stock-egg 200 5ms c4f2f582-8e7f-4158-95f5-265e3aad4638
[req] GET /api/v1/me 200 2ms f6045941-abab-445d-9422-10be554f2bb9
[req] GET /api/v1/inventory/lots/ui09-missing 404 6ms a9a85d10-5b37-447f-a68f-174b5eb1627a
[req] GET /api/v1/inventory 200 4ms b0217fdc-b200-4059-a5bd-adf9d25dfa49
[req] GET /api/v1/me 200 2ms 1aa31e3e-4dec-4de9-b66a-0291f7854d0e
[req] GET /api/v1/inventory/lots/preview-stock-egg 200 17ms cfdc7fd6-42da-4ffa-9939-cbc6312f5a1f
[req] GET /api/v1/me 200 1ms f08b5539-e31d-4d9f-84e1-868479e189ee
[req] GET /api/v1/me 200 0ms c897a2e5-b800-4064-9c2d-594848e7d114
[req] PATCH /api/v1/preferences 200 1ms 6572905d-32a4-47c0-add5-d8217e32fe21
[req] GET /api/v1/me 200 0ms 3161ae7b-bc49-46fc-8aa4-70c63f4411b3
[req] GET /api/v1/inventory/lots/preview-stock-egg 409 2ms 1948e049-0077-42a3-828c-ea47b2629dc1
[req] GET /api/v1/inventory 200 1ms 176330eb-da2c-4ebd-8945-e2e8f46e363f
[req] GET /api/v1/me 200 1ms ee5b1e0d-6423-4471-a363-683fdb179282
[req] POST /api/v1/inventory/adopt 201 19ms 50b7e8c2-678b-4940-8c8e-e2c0efcc2128
[req] GET /api/v1/inventory 200 2ms cd33de03-90cb-4111-a21a-232dee627484
[req] GET /api/v1/me 200 1ms 776679fa-7e08-4326-8e87-f7e3585418a3
[req] GET /api/v1/inventory/lots/preview-stock-egg 200 4ms 13b424a9-9d74-41d4-9b80-71fc3535a855
[req] GET /api/v1/me 200 1ms 394cfad0-3f7a-4f2b-ab0c-64f894cb827f
[req] GET /api/v1/inventory/observations 200 1ms a3f1ea70-c481-4ae1-8b51-53e69ba1d1de
[req] GET /api/v1/me 200 1ms 9a196713-8e5d-4203-836d-b4beecd26228
[req] GET /api/v1/inventory/lots/preview-stock-egg 200 6ms 50bb019e-300b-4578-8ba8-bb6f32881c5a
[req] GET /api/v1/me 200 1ms 173d8c9c-660a-4709-90ae-52906e6df791
[req] GET /api/v1/inventory/observations 200 3ms df8debaf-1935-4233-bef9-61a1aa35b903
[req] GET /api/v1/me 200 1ms fa9a06c6-1bb5-4676-90ea-6c166eb0f9b6
[req] GET /api/v1/inventory/lots/preview-stock-egg 200 6ms 209c98d8-5c64-418d-843b-af37e9c5d059
[req] GET /api/v1/me 200 1ms 47e94d71-f01c-42e4-85b3-eb0379883252
[req] GET /api/v1/inventory/observations 200 3ms 71d6edf8-c8df-414e-b88c-35584cb7b2de
[req] GET /api/v1/me 200 1ms 88a544ad-a2b4-4ec3-9a52-8a985f217c04
[req] GET /api/v1/inventory/lots/preview-stock-egg 200 5ms 967f94e8-03cc-40d3-98c3-c18aef17ed35
[req] GET /api/v1/me 200 1ms c8e79625-1d2f-4747-bd06-0c3f3cbf210a
[req] GET /api/v1/inventory/observations 200 1ms 4f1e59e2-5a31-459c-bd93-62d783160e06
[req] GET /api/v1/me 200 1ms 4a691d82-4e15-44ea-b1ab-a180ad74c4ee
[req] GET /api/v1/inventory/lots/preview-stock-egg 200 3ms 4c8d9c1e-f183-4acd-8232-b6799a884c5c
[req] GET /api/v1/me 200 1ms d86b607f-841c-4442-abae-8316965e2720
[req] GET /api/v1/inventory/observations 200 1ms 8faf64aa-8d17-49f3-b3b0-d0b80db9315b
[req] GET /api/v1/me 200 1ms 238705ad-ccc6-436f-96da-3fe6bfcf59f1
[req] GET /api/v1/inventory/lots/preview-stock-egg 200 6ms 48c12822-a1a2-4f1a-aaae-bda34c894a32
[req] GET /api/v1/me 200 0ms 40da109a-5fe2-49eb-bd5d-0fb503eeacaf
[req] GET /api/v1/inventory/lots/preview-stock-egg 200 7ms 6473327a-fda0-4b07-8956-e3bdee878704
[req] GET /api/v1/inventory 200 2ms 83523b86-7240-456f-beb5-7340a97bf238
[req] GET /api/v1/me 200 1ms 692c8995-30a5-4b42-bbdd-8e6539a3655f
[req] GET /api/v1/inventory/lots/preview-stock-egg 200 6ms 9305ec47-ac34-42c2-8198-b1f403ad8031
[req] GET /api/v1/me 200 7ms 9861f593-6553-4930-a94d-1c7670d6ea1d
[req] GET /api/v1/inventory/lots/preview-stock-egg 200 14ms a28af412-3240-416a-b04c-33f68003d679
[req] GET /api/v1/me 200 1ms 25e25b4f-99a3-476f-88cb-620ae2c854da
[req] GET /api/v1/inventory/lots/ui09-missing 404 5ms 82ee5624-91e4-429d-b038-70170fe0f642
[req] GET /api/v1/inventory 200 3ms a9fde9d1-b0d1-437d-adcb-5c7402652dd6
[req] GET /api/v1/me 200 1ms 69e10c5e-d2af-44b6-9f83-fa7fd5c9390a
[req] GET /api/v1/inventory/lots/preview-stock-egg 200 4ms fc4b0154-c9ad-45da-9ae2-c27d9298b6b3
[req] PATCH /api/v1/inventory/preview-stock-egg 200 28ms 1ca86e9d-520c-4c48-b19e-2cffa68cd997
[req] GET /api/v1/inventory 200 3ms 1f87e4ce-4ea1-443d-a8f9-2432a206ff9e
[req] GET /api/v1/inventory/lots/preview-stock-egg 200 6ms 62a0bcea-b8ed-4536-bd44-bf534407a37e
[req] GET /api/v1/inventory/lots/preview-stock-egg 200 5ms 925c75b9-53ad-464e-aa39-10b15fccecd8
[req] GET /api/v1/inventory/lots/preview-stock-egg 200 4ms 4381f180-44cd-4909-9712-38689dc31157
[req] GET /api/v1/inventory 200 1ms 6ffc8a31-6feb-4d28-a4e7-f5ff26ab88b8
9:18:37 PM [vite] (client) hmr update /src/web/styles/index.css
[req] GET /api/v1/me 200 0ms 2c738218-1ff7-438b-ac1d-a5f856bcdfc2
[req] GET /api/v1/me 200 1ms ab329639-25dd-4388-aa3f-21c6c33c4258
[req] GET /api/v1/me 200 1ms 65e5934e-90f7-47ac-9978-2adfa6e09b5e
[req] PATCH /api/v1/preferences 200 0ms d29589b3-c74a-4b6f-b98a-7334b1eaa6e9
[req] GET /api/v1/me 200 1ms 397be5fc-74cb-410c-a6bd-9fa4e9ec654e
[req] GET /api/v1/inventory/lots/preview-stock-egg 409 1ms 0356f69c-a425-47e1-aa10-a3a2afb1eec0
[req] GET /api/v1/inventory 200 1ms c624773b-5255-4e90-9ef7-6678220ab2dc
[req] GET /api/v1/me 200 1ms 2e326ece-396c-4eef-aef1-9686d36820b3
[req] POST /api/v1/inventory/adopt 201 19ms 7f65ead8-43dd-48c2-8407-94d750ae59f3
[req] GET /api/v1/inventory 200 2ms 169dc10c-6435-4116-88db-84f476ed7166
[req] GET /api/v1/me 200 2ms 2be7b3bc-6003-4324-abea-7627d9d6a123
[req] GET /api/v1/inventory/lots/preview-stock-egg 200 7ms 18515498-38bd-4335-aeb6-2dbc446474ea
[req] GET /api/v1/me 200 0ms a773cbfb-dae4-4989-9265-85e580bc1728
[req] GET /api/v1/inventory/observations 200 1ms c3ea4dc1-dc5b-49cf-8b62-55a21db2f4ff
[req] GET /api/v1/me 200 0ms 65bba530-79b5-48ba-941a-3d72b17a194b
[req] GET /api/v1/inventory/lots/preview-stock-egg 200 6ms ed4dd6b7-ea2d-4928-8ede-2e3740f2d440
[req] GET /api/v1/me 200 1ms d4084972-dac3-4a3b-a87a-56fc7a1cf2fa
[req] GET /api/v1/inventory/observations 200 2ms b03f9c61-82b1-4b83-b62c-9e4cdaedb17f
[req] GET /api/v1/me 200 1ms 1cff769f-ceb5-45f4-b1c8-31e0c577af5f
[req] GET /api/v1/inventory/lots/preview-stock-egg 200 6ms a9aa2ac0-d17e-458c-9899-6bf597512b96
[req] GET /api/v1/me 200 1ms 46d59d02-0de1-4d93-bcbd-c214be1838dc
[req] GET /api/v1/inventory/observations 200 0ms 0669a1ec-62b3-4f87-893b-db54066bc880
[req] GET /api/v1/me 200 1ms 29d03999-5ef6-45e1-b232-94c73f689a4f
[req] GET /api/v1/inventory/lots/preview-stock-egg 200 5ms 3586d77e-784d-42b2-963a-32d3d80572b8
[req] GET /api/v1/me 200 1ms 4df6eb4f-10be-47bb-b882-fa5ad1d065df
[req] GET /api/v1/inventory/observations 200 2ms a55b55ef-d926-4e48-9d6c-8c4d58576247
[req] GET /api/v1/me 200 0ms cd6be1b8-8977-4d39-a16a-d794119201d2
[req] GET /api/v1/inventory/lots/preview-stock-egg 200 8ms 6539758f-cafe-4c36-a886-25d8c46f2549
[req] GET /api/v1/me 200 1ms 11ecd17c-8622-4a4d-987b-746fa2f9ccf2
[req] GET /api/v1/inventory/observations 200 5ms 912c2ffa-b8b1-44ca-b436-8207f359fd1d
[req] GET /api/v1/me 200 1ms 15b92515-75c7-4f6c-ad2e-a75ac02657a8
[req] GET /api/v1/inventory/lots/preview-stock-egg 200 17ms 7109d700-9453-49b9-9d58-0122cf72aee4
[req] GET /api/v1/me 200 1ms 303684c7-2488-4963-974c-71c14e1a7384
[req] GET /api/v1/inventory/lots/preview-stock-egg 200 8ms 1d6eedbb-ba52-4e42-b634-f72749c07106
[req] GET /api/v1/inventory 200 3ms d7cbd57c-383c-43a3-bb6d-7348317c0afa
[req] GET /api/v1/me 200 4ms d89fd724-551a-4fb4-a203-732e27ea0ee2
[req] GET /api/v1/inventory/lots/preview-stock-egg 200 6ms 9197dc23-052f-4b11-a803-4df3bfe173e7
[req] GET /api/v1/me 200 1ms 7e739e42-8925-4ea2-80bd-2581466239bd
[req] GET /api/v1/inventory/lots/preview-stock-egg 200 5ms a79a14e0-b67f-4ebf-9b1c-46c3bd961630
[req] GET /api/v1/me 200 4ms 3beb0368-bfb8-41a0-9a67-7d774c281377
[req] GET /api/v1/inventory/lots/ui09-missing 404 5ms f21bf416-90cb-4069-9a3a-27151ffa7e05
[req] GET /api/v1/inventory 200 2ms 659fe59a-30bf-4064-b4f0-6f934fcd9899
[req] GET /api/v1/me 200 0ms f0d3be38-8200-4f9d-a39c-392c86290d58
[req] GET /api/v1/inventory/lots/preview-stock-egg 200 5ms 9b8147ee-18c9-4c00-9d81-d5fa10737b6b
[req] PATCH /api/v1/inventory/preview-stock-egg 200 23ms 3c3970f9-6376-4a70-8ac4-fc16471e159e
[req] GET /api/v1/inventory 200 2ms aa98fca3-f3aa-41bf-a76d-4c4df9e10f8f
[req] GET /api/v1/inventory/lots/preview-stock-egg 200 7ms 74b35fb8-3e0d-4979-a9f9-5aebdaa83939
[req] GET /api/v1/inventory/lots/preview-stock-egg 200 4ms 44859fd3-1858-4d28-9326-3b61034c54c7
[req] GET /api/v1/inventory/lots/preview-stock-egg 200 4ms b2da1dc5-d6ff-42dd-a0e7-32fd52950b15
[req] GET /api/v1/inventory 200 2ms 45a81c36-7181-4567-bfa0-3ba8db1d1780
[req] PATCH /api/v1/inventory/preview-stock-egg 200 20ms 3b35413c-2fb6-4d64-a060-45e031ef050d
[req] GET /api/v1/inventory 200 2ms bf0c0fa2-ea13-4754-bf2b-35142a2e69be
[req] GET /api/v1/inventory/lots/preview-stock-egg 200 5ms 5e105318-b3b5-4c4e-95ff-74b06d4c4f88
[req] GET /api/v1/inventory/lots/preview-stock-egg 200 6ms 9c09b3f4-0335-4330-87ab-22dd4ba52f01
[req] GET /api/v1/me 200 1ms 45cc84c3-2e47-45f6-890e-a63d7a804857
[req] GET /api/v1/inventory/lots/preview-stock-egg 200 7ms dad341e8-f189-4dba-a0b1-aaff1a162516
[req] GET /api/v1/me 200 2ms 76c7a8c8-3d5e-48ef-8520-353bed87adc7
[req] GET /api/v1/inventory 200 3ms 0aba4b87-c50f-490a-b94f-06cdc15ba36f
[req] GET /api/v1/me 200 3ms 2709f15e-b244-4654-8047-0ba744e799fa
[req] GET /api/v1/inventory/observations 200 2ms 6ee22b8c-786a-4b9b-b8a8-a185144eff24
[req] GET /api/v1/me 200 1ms 3684ecec-a4fd-4b6c-b35a-a46f73f5ff4c
[req] GET /api/v1/inventory/observations 200 2ms a4dd545e-903d-4088-81d1-6b8707825a90
[req] GET /api/v1/me 200 0ms 3ca05c0a-b384-4a18-ba1f-53704b6e9992
[req] GET /api/v1/inventory/observations 200 1ms a0e80a27-23cf-4fec-984f-8a064896a3e4
[req] GET /api/v1/me 200 0ms 6bf6b669-836b-461b-867c-d93ab634b5cf
[req] GET /api/v1/inventory/observations 200 1ms b8731d99-a376-4527-8345-31d4c1002a62
[req] GET /api/v1/me 200 1ms 59411d58-6092-4f6a-9933-7f2993fad872
[req] GET /api/v1/inventory/observations 200 1ms cdf951c2-4eb3-4da2-87a9-f34cff68cb17
[req] GET /api/v1/me 200 1ms 7c538aa9-80ed-464c-b98b-5714ab1b017c
[req] GET /api/v1/inventory/observations 200 2ms 8482f426-afe0-4551-b22a-808a28469222
[req] GET /api/v1/me 200 1ms 4d60b755-3f8a-47bf-b7db-17bb0720fb85
[req] GET /api/v1/inventory/observations 200 2ms 55b7b70f-36e0-4416-830f-2a787f2f892b
[req] POST /api/v1/inventory/observations/t10-observation%3Aplanner-preview-household%3ASCAN%3At13b-reconciliation-egg/decision 201 13ms 6bfbcf67-4238-42ef-8c05-6f1a1891c4d7
[req] GET /api/v1/inventory/observations 200 1ms e68c2c7e-edc1-495e-9c72-378409025c3a
[req] GET /api/v1/inventory/observations 200 1ms 897f0260-eef2-42e4-b939-73c71b75ae69
[req] GET /api/v1/inventory/lots/preview-stock-egg 200 4ms 8805c543-5f38-4555-9fbd-9fdd35ad843e
[req] GET /api/v1/inventory/lots/preview-stock-tofu 200 4ms 38deeec6-16cf-46ae-9d08-3d3d0206ac83
[req] POST /api/v1/inventory/observations/t10-observation%3Aplanner-preview-household%3ASCAN%3At13b-reconciliation-tofu/decision 201 2ms b8014af6-82d2-4974-87db-1fde41e9aac7
[req] GET /api/v1/inventory/observations 200 0ms b9bf7cf6-143c-44db-bbad-51dab8ec6576
[req] GET /api/v1/inventory/observations 200 1ms 203fab88-dc58-4c3a-806e-f3c17ceb8ae6
[req] GET /api/v1/inventory/lots/preview-stock-tofu 200 5ms bb54298c-a585-4c64-b0a8-5fc0ee2b228d
[req] GET /api/v1/me 200 0ms 850475a0-4275-4ac6-9916-de92b2b8032b
[req] GET /api/v1/inventory/observations 200 1ms 143900ef-c371-4d98-8733-f53b43b37a7b
[req] GET /api/v1/me 200 0ms b7577290-a7bb-4d2d-8fc0-9f3a0d0b754c
[req] GET /api/v1/inventory/observations 200 1ms efede19e-4700-4c41-a5b7-e98d91d2150b
[req] GET /api/v1/me 200 0ms 0c9eec5c-d3e6-47fe-8fc5-62eb433a609d
[req] GET /api/v1/inventory 200 2ms c8e4aed7-135a-4d6b-9b61-7fcbfeca7294
[req] GET /api/v1/me 200 0ms 716b7777-e656-4188-9f84-c933df0f6fb8
[req] GET /api/v1/inventory 200 5ms 9c7e6590-135d-4894-8b0c-f052ef1f88f2
[req] GET /api/v1/inventory 200 3ms 932bb71e-971e-4dcb-ac0b-23b328063b9d
[req] GET /api/v1/me 200 1ms e708b692-50a2-4203-8b9f-1b81c192551a
[req] GET /api/v1/me 200 2ms f21fb4cf-050e-4569-be3a-5dd4e6a6a791
[req] GET /api/v1/me 200 1ms ea7e6bed-d171-45c1-9622-541dbdf20bbf
[req] GET /api/v1/inventory/lots/preview-stock-egg 200 4ms bb9d0bb9-8069-4328-a896-2a599740af98
9:20:00 PM [vite] (client) hmr update /src/web/pages/IngredientDetailPage.tsx, /src/web/styles/index.css
9:21:23 PM [vite] (client) hmr update /src/web/styles/index.css
[req] GET /api/v1/me 200 1ms 9b15c7c4-ea05-405b-98bd-4e504c2fbee2
[req] GET /api/v1/me 200 15ms 2db7cd04-cbd6-4a7f-a0b6-85217113e664
[req] PATCH /api/v1/preferences 200 1ms 26b894d1-9798-4e89-bf13-bb0d2d52c4b5
[req] GET /api/v1/me 200 0ms 486fa315-d488-4c90-8b99-cec6328a9f54
[req] GET /api/v1/inventory/lots/preview-stock-egg 409 1ms a30c6f7d-1335-4919-9f49-e55dfd0dfcc7
[req] GET /api/v1/inventory 200 1ms b7bd713b-f143-4ff2-acd6-f4a1cf86f5f1
[req] GET /api/v1/me 200 1ms 9f1db21e-99b2-4950-be64-f89e95c4e22b
[req] POST /api/v1/inventory/adopt 201 19ms e7b3130a-de06-4417-b28b-0eee26aae7fe
[req] GET /api/v1/inventory 200 1ms 5a4d9a79-3b29-4cfe-b994-1c29c5ec1fb9
[req] GET /api/v1/me 200 0ms 9b18a5c9-a5c3-48f9-a4e4-8c3dcca68024
[req] GET /api/v1/inventory/lots/preview-stock-egg 200 3ms 410b0d50-3240-4756-ab8d-3f036cb91697
[req] GET /api/v1/me 200 1ms faa4c976-14bd-4a22-84f2-3abe0f259c4c
[req] GET /api/v1/inventory/observations 200 1ms ee2d60cd-d5ce-46b6-a3b5-68065c0ad1a3
[req] GET /api/v1/me 200 0ms 044e5d3d-d5f9-4d56-9a2d-0bc09e91d1ee
[req] GET /api/v1/inventory/lots/preview-stock-egg 200 5ms c4896e08-ba07-464a-9cd8-fcb8afc79c23
[req] GET /api/v1/me 200 0ms 129e9cee-9bb5-43e4-b27c-f57bade0ecd9
[req] GET /api/v1/inventory/observations 200 0ms 515e05f4-88d9-4c99-a42d-54523e9d6d9d
[req] GET /api/v1/me 200 0ms 3a6016eb-562d-4c8c-98cb-688a6eefd1ab
[req] GET /api/v1/inventory/lots/preview-stock-egg 200 4ms e7b98c6a-5d90-492d-9293-3c22f80055a3
[req] GET /api/v1/me 200 1ms 08416949-7aaf-4859-9ae3-ea761c4af47b
[req] GET /api/v1/inventory/observations 200 1ms 54d14545-1286-4c6b-9d7b-b42ab0e5457e
[req] GET /api/v1/me 200 0ms aa6e3142-dbb0-49c0-a47a-233028ab97bd
[req] GET /api/v1/inventory/lots/preview-stock-egg 200 5ms d10f29b2-d857-4ca3-9948-e9d7373940c8
[req] GET /api/v1/me 200 1ms 20685724-ddae-4488-89fe-05304ba4afa6
[req] GET /api/v1/inventory/observations 200 2ms ef9a6a78-a61c-4d96-adae-5c3cb982ac9b
[req] GET /api/v1/me 200 1ms 24100081-d468-4ca5-8046-cc8596b0f2a9
[req] GET /api/v1/inventory/lots/preview-stock-egg 200 4ms d73a51b5-dbd4-4cd9-abfa-badc01dd51d6
[req] GET /api/v1/me 200 1ms 118e9141-4b47-47fe-8ed8-646d58c2d8a9
[req] GET /api/v1/inventory/observations 200 1ms 5cc573ee-7d01-477d-bdce-3aadb71aa872
[req] GET /api/v1/me 200 2ms bdcb6e02-26d6-4b27-bcff-d858dc56f752
[req] GET /api/v1/inventory/lots/preview-stock-egg 200 5ms 9d3660cd-9dff-4850-a71d-b0388ab3a688
[req] GET /api/v1/me 200 1ms 4a99f07e-a338-4777-9395-6584f78f28bf
[req] GET /api/v1/inventory/lots/preview-stock-egg 200 5ms c8b0cb99-e0bf-4f20-81d5-ef54ed72154e
[req] GET /api/v1/inventory 200 1ms 6416a956-3831-463a-b0b5-d6a6e4f1dbc4
[req] GET /api/v1/me 200 1ms 9518545d-0db1-4398-b2ed-6e34a2c22052
[req] GET /api/v1/inventory/lots/preview-stock-egg 200 3ms 41d893b0-12fd-4626-9e9a-c87723b4dfc7
[req] GET /api/v1/me 200 0ms b16a3aef-89e7-4021-b52c-12e4dec27e0c
[req] GET /api/v1/inventory/lots/preview-stock-egg 200 6ms 42dcb330-6c05-450c-8ff6-887a898055eb
[req] GET /api/v1/inventory/lots/preview-stock-egg 200 5ms a5a611c2-b8f1-4631-8adb-3467cb31aacc
[req] GET /api/v1/me 200 0ms 127d2d60-19d5-4160-8082-17cd7310e39f
[req] GET /api/v1/me 200 1ms d4e2f664-7254-409b-a125-e6de48997d33
[req] GET /api/v1/inventory/lots/preview-stock-egg 200 4ms 5f9878ec-e8c5-444a-b154-666dec85d75e
[req] GET /api/v1/me 200 0ms 1c501c8a-9eeb-45c9-9e64-9087b0f9350e
[req] GET /api/v1/inventory/lots/ui09-missing 404 5ms 4a17e4e7-976b-4cd3-81c8-51262913e975
[req] GET /api/v1/inventory 200 2ms 11a48206-8257-4adb-8091-341ba98807fa
[req] GET /api/v1/me 200 1ms 91acd54b-51c2-4b7a-af24-3896d4ddd838
[req] GET /api/v1/inventory/lots/preview-stock-egg 200 4ms cff63300-ed5c-4237-986f-0fba4cce9bb1
[req] PATCH /api/v1/inventory/preview-stock-egg 200 15ms 269d01b8-f4db-4ba6-bd8e-06f564340fad
[req] GET /api/v1/inventory 200 2ms a8b6e428-1f47-40e1-9796-07f8be29ff14
[req] GET /api/v1/inventory/lots/preview-stock-egg 200 7ms c70bdf5b-da4c-4782-aa69-bb36756b5992
[req] GET /api/v1/inventory/lots/preview-stock-egg 200 4ms 5401566f-683a-4c9a-9ba6-2b1f08e9de56
[req] GET /api/v1/inventory/lots/preview-stock-egg 200 4ms d94cb127-70b9-4bb4-8334-374ca13ca337
[req] GET /api/v1/inventory 200 2ms 8385b1d3-6e63-4c42-a65f-f51841380a85
[req] PATCH /api/v1/inventory/preview-stock-egg 200 17ms f50c0215-081c-44a2-9aed-8bcb90ecf622
[req] GET /api/v1/inventory 200 2ms cfd6f1d2-7ee8-4ef5-9f44-6ecb380a86ca
[req] GET /api/v1/inventory/lots/preview-stock-egg 200 4ms 0bde9dad-2188-4760-81f8-426b80741258
[req] GET /api/v1/inventory/lots/preview-stock-egg 200 3ms 99b61db5-4b98-4283-a71e-c4e720d8c5e5
[req] GET /api/v1/me 200 0ms 9b0aabc0-b4ed-4675-9d67-69ee2b7bd4b4
[req] GET /api/v1/inventory/lots/preview-stock-egg 200 4ms 922216e4-587d-4035-99c3-2b73e65436ba
[req] GET /api/v1/me 200 1ms 5cdc5f2d-c475-49fd-acf5-167c19728fa0
[req] GET /api/v1/inventory 200 8ms 248d684a-3483-40af-b93e-732be65dba59
[req] GET /api/v1/me 200 0ms ab335365-89f5-498e-934c-6b298ebde980
[req] GET /api/v1/inventory/observations 200 5ms 0c4c7534-77bc-4e57-b363-0a1d0205e5f2
[req] GET /api/v1/me 200 1ms ceb0e1ad-d332-4593-940b-ec161c3648fc
[req] GET /api/v1/inventory/observations 200 3ms 7966bd6e-6d6a-4db5-be01-732386aa5f84
[req] GET /api/v1/me 200 1ms a00b93ad-a7fc-49b4-af59-84022de3df4b
[req] GET /api/v1/inventory/observations 200 2ms 089cd646-5265-4ebd-baa7-8dafe1735c3c
[req] GET /api/v1/me 200 1ms c8ddc488-48e9-4d63-a8cf-cdb4fb4ee46c
[req] GET /api/v1/inventory/observations 200 2ms 716cb1a4-b8b7-4761-b196-9c9365f41e09
[req] GET /api/v1/me 200 1ms 217a9351-1135-477c-8991-0995b5141df1
[req] GET /api/v1/inventory/observations 200 3ms 2c7bd7e6-93ac-4c2e-bf66-48aacca91347
[req] GET /api/v1/me 200 1ms c680fb3f-b311-4c71-ae17-a0efdf3ab027
[req] GET /api/v1/inventory/observations 200 2ms c03441b4-b66d-44ca-b5dc-0ac315664ca9
[req] GET /api/v1/me 200 1ms 433657ad-dd6e-4246-9389-a4cbad5edab0
[req] GET /api/v1/inventory/observations 200 2ms 7abb7285-eac5-4588-a720-aaabbe2a53a1
[req] GET /api/v1/inventory/observations 200 2ms 4176dc7d-62d6-464f-b532-6f6deb24de50
[req] GET /api/v1/me 200 2ms 0c697d29-31fb-4bd9-9ff9-9a18c067b324
[req] GET /api/v1/me 200 0ms c62f8323-9f24-4de2-83d7-edb73e5e5832
[req] GET /api/v1/inventory/observations 200 2ms e13421da-419a-4998-bfc8-1b72f36463e1
[req] POST /api/v1/inventory/observations/t10-observation%3Aplanner-preview-household%3ASCAN%3At13b-reconciliation-egg/decision 201 14ms 8e53f722-4c38-4b18-9362-12275299a549
[req] GET /api/v1/inventory/observations 200 1ms 70896da7-3226-4bbc-b9da-570d9be82c46
[req] GET /api/v1/inventory/observations 200 1ms 9c378a8c-b0b9-4854-a77c-4387f71af798
[req] GET /api/v1/inventory/lots/preview-stock-egg 200 3ms 6ae157ab-0ade-4999-ac14-1868924a4801
[req] GET /api/v1/inventory/lots/preview-stock-tofu 200 3ms d36560f5-b5a5-4aa7-ab83-585b7b455ed0
[req] POST /api/v1/inventory/observations/t10-observation%3Aplanner-preview-household%3ASCAN%3At13b-reconciliation-tofu/decision 201 2ms fae70bab-367f-4cb4-a993-877e704c406a
[req] GET /api/v1/inventory/observations 200 1ms f1740492-7a5c-42ab-a582-a42175db7654
[req] GET /api/v1/inventory/observations 200 1ms 45f3ce9f-bb94-4d6b-aff7-f125f4577d77
[req] GET /api/v1/inventory/lots/preview-stock-tofu 200 4ms 54e6b65b-30c1-46bf-9de9-3a98b2503d7b
[req] GET /api/v1/me 200 0ms 424e6c0c-9001-44d8-84c0-802061280f32
[req] GET /api/v1/inventory/observations 200 1ms 024a70d9-e6d8-487c-a841-e1fc19afeb54
[req] GET /api/v1/me 200 0ms 7e3ef009-ad0f-45e7-b28d-5f4b0a5ddbf2
[req] GET /api/v1/inventory/observations 200 1ms e6740cc8-3596-4cc3-89ee-08866806919b
[req] GET /api/v1/me 200 0ms 8f47c7ec-3f83-425e-9dc2-0aa7d8d86edb
[req] GET /api/v1/inventory 200 1ms cd85f8d6-5fd8-4a34-9de5-4ba7e113e133
[req] GET /api/v1/me 200 0ms f3c95474-2850-4ff8-afb6-b971b59d4e69
[req] GET /api/v1/inventory 200 2ms 1f698488-4fb8-461d-b81d-170fd6a0bd07
[req] GET /api/v1/inventory 200 2ms f587f1c0-599d-4a65-b390-eaa1f754c9fd
[req] GET /api/v1/me 200 2ms 17de04e1-febd-44c3-8684-7c82a5c5eade
[req] GET /api/v1/me 200 0ms fc1bcbe3-518a-407c-bfe7-8cea79397f66
[req] GET /api/v1/me 200 1ms 55e87379-5ded-4933-b62a-557cbdd86103
[req] GET /api/v1/inventory/lots/preview-stock-egg 200 3ms a9348f85-3f72-4133-bb21-36d5abcb0e63
