Isolated security preview: Vite 5203, in-memory SQLite API 8903, external API fetch disabled; /__preview for synthetic login/reset
[req] GET /api/v1/me 200 2ms 78432aed-3bdf-409b-a0b2-de7045329bdf
[req] GET /api/v1/me 200 2ms 0668a5ce-702f-4719-a06d-e03f54b23a91
[req] GET /api/v1/me 200 1ms dedb04cf-4ece-43df-8fbb-766d761c8827
[req] PATCH /api/v1/preferences 200 1ms a4539354-f8be-424c-a09c-cb95d0361ceb
[req] GET /api/v1/me 200 1ms a79055b6-8440-44ee-84b9-1aac0f8c7b22
[req] GET /api/v1/week/current 200 0ms 25c1a4a0-f581-495c-b760-67cb9a84adf1
[req] GET /api/v1/me 200 0ms dc54bdf8-9c44-4594-bcba-765403669fd4
[req] GET /api/v1/me 200 0ms 4cad59d8-92f3-461a-8dc3-ae998f116b88
[req] GET /api/v1/week/current 200 1ms e8f685cc-ec63-40a0-a7da-453d0e767405
[req] GET /api/v1/me 200 1ms f636e44a-3375-49fb-b7d0-9b91357d84c4
[req] GET /api/v1/me 200 2ms fc683a59-1e5d-40ce-9c59-1197947c857e
[req] GET /api/v1/week/current 200 1ms b566a3cd-66c4-40ca-91bb-326780fcadc3
[req] GET /api/v1/me 200 0ms ae1729f3-db25-4b12-868f-cd8f4d07be69
[req] GET /api/v1/me 200 1ms 13633525-6ddd-49ca-b207-05f9ce422cb5
[req] GET /api/v1/week/current 200 3ms cb407a72-de84-4ed9-a69a-90b02554f196
[req] GET /api/v1/me 200 1ms 72b51443-873f-4c34-8fd9-82c99f867648
[req] GET /api/v1/me 200 1ms 730ab345-1319-47e7-9688-f020b9459a27
[req] GET /api/v1/inventory 200 1ms 5d4251b6-647d-4fbf-a7ca-bdcf66d96d1e
[req] POST /api/v1/week/plans 201 28ms ed5c306a-497d-4e42-a070-5489cf20c909
[req] GET /api/v1/week/plans/plan_week_plan_1791634296377_zkd1bg 200 4ms 5b47607d-71d5-4a94-a9ad-66bf8abddc16
9:11:55 PM [vite] (client) hmr update /src/web/styles/index.css
[req] GET /api/v1/me 200 3ms 19e671a3-805f-4f7e-9cc1-2c713e4a2041
[req] GET /api/v1/me 200 13ms d6558d38-cdad-4d30-8597-de6772264576
[req] GET /api/v1/me 200 3ms 418a7bc3-8222-4302-9af9-7f87dfe6013f
[req] PATCH /api/v1/preferences 200 2ms 48c315f2-32fb-4f47-985c-baf232946c58
[req] GET /api/v1/me 200 6ms c0275ac5-96ec-4b57-9758-ccb2e3350c7a
[req] GET /api/v1/week/current 200 2ms 57da7b9f-ec1c-49da-9295-a9ec74f38fd4
[req] GET /api/v1/me 200 1ms 516cdb99-92e4-43cf-a6c8-1f0ed2adbfb6
[req] GET /api/v1/me 200 1ms 55aa1d27-9098-449c-9086-4d082d688109
[req] GET /api/v1/week/current 200 0ms 1de9adb8-955f-4764-a26b-642ab933fa70
[req] GET /api/v1/me 200 3ms b7ac9d34-b06b-498a-926c-3ab2cfe10846
[req] GET /api/v1/me 200 3ms f3b778ad-9d4e-4fbc-86bc-945c5a7fdeac
[req] GET /api/v1/week/current 200 11ms d337589c-9591-4efa-beb7-70f0b9a3abe1
[req] GET /api/v1/me 200 4ms 4e66601b-5983-4bf3-a30f-09824d2290b8
[req] GET /api/v1/me 200 2ms f7e3d33f-04a6-44aa-80b3-9a7b4c85f2dd
[req] GET /api/v1/week/current 200 1ms 8f2a534b-f829-4bda-99fa-48ed0d9ce625
[req] GET /api/v1/me 200 2ms 6cb99c3c-2baa-46c4-8225-031bd863a66d
[req] GET /api/v1/me 200 1ms 61db58b3-6b23-4498-8866-07204f21089e
[req] GET /api/v1/inventory 200 1ms c7c728f9-4a56-44ca-a4ef-0e9cd43745d1
[req] POST /api/v1/week/plans 201 9ms f27d60da-9e41-4292-a741-f5bf60b2b8bf
[req] GET /api/v1/week/plans/plan_week_plan_1791634345692_2wrs9i 200 3ms 163a5ab6-8d53-4393-8298-8557edfc9799
[req] GET /api/v1/me 200 1ms 5698b9fe-2802-46f0-b50d-2f30a2fa781c
[req] GET /api/v1/week/plans/plan_week_plan_1791634345692_2wrs9i 200 1ms 82edf353-2e81-4824-939b-deebf443c3ae
[req] GET /api/v1/me 200 2ms fe020b55-19f7-4b64-b0d6-33d7a7f3deec
[req] GET /api/v1/inventory 200 1ms 9385d9b4-9d08-493b-ae02-5888cde30619
[req] GET /api/v1/me 200 1ms 670ae2b4-25e2-496f-974f-fc648751b27f
[req] GET /api/v1/me 200 0ms 43fdd1cd-d965-4cbf-b7d3-6597f1c8df56
[req] GET /api/v1/me 200 1ms 49cd77ae-be4b-4a31-9409-f67b3f1267b7
[req] PATCH /api/v1/preferences 200 1ms 5048f37a-e6cd-4ac0-84b4-6350150690f5
[req] GET /api/v1/me 200 1ms 5eebd9e2-9872-45c6-b7a2-eb262f363bba
[req] GET /api/v1/week/current 200 1ms ca42bdac-e6fc-41bd-a611-dab401b61d9b
[req] GET /api/v1/me 200 1ms c7af2cc8-f74a-411c-95f5-9e762354a221
[req] GET /api/v1/me 200 1ms 4c7bf55d-c712-4066-b885-c2082d3e38f4
[req] GET /api/v1/week/current 200 0ms 9db34831-1b56-4408-a297-449b2a6c7c07
[req] GET /api/v1/me 200 1ms 1be6267e-35e2-43d0-a4fd-bde7e9da46ad
[req] GET /api/v1/me 200 1ms 0eab468c-7800-4ab7-bd95-fe114c8d03c7
[req] GET /api/v1/week/current 200 1ms a04ba05d-e779-4180-84cc-6be8a50b7346
[req] GET /api/v1/me 200 1ms a02e88ce-be19-467b-9522-d7697c774424
[req] GET /api/v1/me 200 2ms 334b2505-6095-4bce-818e-a35f0e59b88f
[req] GET /api/v1/week/current 200 0ms 465f4a84-0e42-4b42-bd45-44d14148cb0e
[req] GET /api/v1/me 200 1ms 193cc099-d946-4673-94ae-5097a574bb89
[req] GET /api/v1/me 200 1ms 5dfe6e95-44d5-412d-9483-b813d3c4e031
[req] GET /api/v1/meal-planning/plans 404 0ms 2d8043cb-b990-43ef-8e4a-410ace790a6b
[req] GET /api/v1/inventory 200 1ms 0a605f77-8ac6-4345-98e4-9f5e89e8ff3a
[req] POST /api/v1/week/plans 201 7ms f09504b6-f670-45b7-a256-ceb77505ffee
[req] GET /api/v1/week/plans/plan_week_plan_1791634470366_iid1il 200 2ms cd10ee6c-2b20-4f6d-a405-d1540c77e3da
[req] GET /api/v1/week/plans/plan_week_plan_1791634470366_iid1il 200 2ms f1f92a0c-8e25-40ff-b9cb-9a9621e805f1
[req] GET /api/v1/me 200 1ms dd146732-ab4f-4715-9f89-4bd8827eacc3
[req] GET /api/v1/week/plans/plan_week_plan_1791634470366_iid1il 200 1ms 88541e2d-83e9-40d0-98b3-5f738280f1fa
[req] GET /api/v1/me 200 0ms 67adf422-f165-404e-a62c-c0e66df681bc
[req] GET /api/v1/me 200 1ms 00ffc0cb-4dd3-4826-bbc6-e7b30de569b3
[req] GET /api/v1/inventory 200 1ms 77eebe34-f6a2-4df9-8f1e-bf2dc999e708
9:18:37 PM [vite] (client) hmr update /src/web/styles/index.css
9:21:23 PM [vite] (client) hmr update /src/web/styles/index.css
[req] GET /api/v1/me 200 1ms f2f67b24-bc11-4c36-a4c8-20c716d8326c
[req] GET /api/v1/me 200 1ms 510bd44b-575c-4f67-974b-d01a2d04265c
[req] GET /api/v1/me 200 1ms c915c03a-7217-4626-962c-7c8d791c90eb
[req] PATCH /api/v1/preferences 200 1ms a8a51fd9-dd35-437e-8ca9-57eb5b445e88
[req] GET /api/v1/me 200 1ms b4d49ad8-8f73-42a8-8e45-b2872b7fc3a4
[req] GET /api/v1/week/current 200 1ms ae271028-8dc5-4cbe-adb3-d5c6b58473e1
[req] GET /api/v1/me 200 1ms a670aad6-526c-4705-8df8-cd5085d235b9
[req] GET /api/v1/me 200 1ms a4200a9e-e598-4d0c-901a-b2a40a73892a
[req] GET /api/v1/week/current 200 2ms 568cbaa4-90de-4d71-9e1e-f1a0e9172157
[req] GET /api/v1/me 200 0ms 13e559af-6e60-40db-99db-fce4c47de7ca
[req] GET /api/v1/me 200 1ms 4288ab96-379f-4443-b7a1-acc555988da5
[req] GET /api/v1/week/current 200 1ms 37424958-9f85-4619-9d0f-6fbfadbe2c78
[req] GET /api/v1/me 200 1ms ed583ccb-31a9-4cd7-9992-4f5db979a62e
[req] GET /api/v1/me 200 1ms fc3e8b57-5469-47c4-8f46-b9226c5ecbd3
[req] GET /api/v1/week/current 200 1ms 300e8fe9-8049-428e-ba7c-49020941cf09
[req] GET /api/v1/me 200 2ms d344ca39-b84e-45e6-9977-bc9bd6122067
[req] GET /api/v1/me 200 2ms 34fddf71-804e-4adb-815f-f401cea09994
[req] GET /api/v1/meal-planning/plans 404 0ms d63985e0-9e0b-4ec8-9476-4c2a50f1766d
[req] GET /api/v1/inventory 200 0ms eda8182b-bd9a-4165-b714-6aeb6178545a
[req] POST /api/v1/week/plans 201 5ms b8cf5e59-165a-4f86-b2bb-e5eca428d899
[req] GET /api/v1/week/plans/plan_week_plan_1791635011028_oc90or 200 2ms 54c15a22-4929-4937-b71f-c47ab9a498f1
[req] GET /api/v1/week/plans/plan_week_plan_1791635011028_oc90or 200 2ms bdc943df-f141-4286-b1b5-f13447c271b9
[req] GET /api/v1/me 200 1ms 52ec47e0-5e0f-4c2e-a91a-f3572098028c
[req] GET /api/v1/week/plans/plan_week_plan_1791635011028_oc90or 200 2ms 06db8147-0b52-410e-963a-47eab5cb31bd
[req] GET /api/v1/me 200 1ms 9e04eb5d-2049-4426-9be9-a1af40401a22
[req] GET /api/v1/me 200 1ms 0d5509c7-c9b9-489d-abc9-50be14caad82
[req] GET /api/v1/inventory 200 1ms 869c230b-1dae-40d5-8771-05aa12edd062
