
Running 1 test using 1 worker

(node:73323) Warning: The 'NO_COLOR' env is ignored due to the 'FORCE_COLOR' env being set.
(Use `node --trace-warnings ...` to show where the warning was created)
  ✘  1 [mobile-390] › tests/e2e/t17-ui/t18c-gaps.e2e.ts:145:1 › AppShell honors the 640 breakpoint and exposes the active route (1.0m)


  1) [mobile-390] › tests/e2e/t17-ui/t18c-gaps.e2e.ts:145:1 › AppShell honors the 640 breakpoint and exposes the active route

    Test timeout of 60000ms exceeded.

    Error: locator.boundingBox: Test timeout of 60000ms exceeded.
    Call log:
      - waiting for getByRole('img', { name: 'Takosan cầm tủ lạnh' })


      195 |     await settle(page);
      196 |     const heading = await page.getByRole('heading', { level: 1 }).boundingBox();
    > 197 |     const mascot = await page.getByRole('img', { name: 'Takosan cầm tủ lạnh' }).boundingBox();
          |                                                                                 ^
      198 |     expect(heading && mascot).toBeTruthy();
      199 |     expect(heading!.x + heading!.width).toBeLessThanOrEqual(mascot!.x);
      200 |     await expectNoHorizontalOverflow(page);
        at /Users/tunbee27/Documents/Tako-san-ui-rebuild/tests/e2e/t17-ui/t18c-gaps.e2e.ts:197:81

    attachment #1: screenshot (image/png) ──────────────────────────────────────────────────────────
    .artifacts/ui11/e2e-results/t18c-gaps.e2e.ts-AppShell--1ced0-nd-exposes-the-active-route-mobile-390/test-failed-1.png
    ────────────────────────────────────────────────────────────────────────────────────────────────

    Error Context: .artifacts/ui11/e2e-results/t18c-gaps.e2e.ts-AppShell--1ced0-nd-exposes-the-active-route-mobile-390/error-context.md

  1 failed
    [mobile-390] › tests/e2e/t17-ui/t18c-gaps.e2e.ts:145:1 › AppShell honors the 640 breakpoint and exposes the active route
