
 RUN  v3.2.7 /Users/tunbee27/Documents/Tako-san-ui-rebuild

 ✓ tests/unit/takosan-brand.test.tsx (19 tests) 466ms
 ✓ tests/unit/ui11-shell-measurement.test.tsx (3 tests) 536ms
   ✓ UI11 measured offset lifecycle > tracks resized nav including safe-area space and late fixed actions  377ms
 ✓ tests/unit/ui07-brand-shell.test.tsx (15 tests) 98ms
 ✓ tests/unit/ui09-route-scope.test.tsx (14 tests) 22ms
 ✓ tests/unit/ui08-route-scope.test.tsx (20 tests) 58ms
 ✓ tests/unit/ui02-presentation.test.ts (47 tests) 93ms
 ✓ tests/unit/ui11-navigation.test.tsx (29 tests) 264ms
stderr | tests/unit/ui08-onboarding-navigation.test.tsx > UI08 completion intent through actual App guards > today reaches its chosen destination after server confirmation
⚠️ React Router Future Flag Warning: React Router will begin wrapping state updates in `React.startTransition` in v7. You can use the `v7_startTransition` future flag to opt-in early. For more information, see https://reactrouter.com/v6/upgrading/future#v7_starttransition.
⚠️ React Router Future Flag Warning: Relative route resolution within Splat routes is changing in v7. You can use the `v7_relativeSplatPath` future flag to opt-in early. For more information, see https://reactrouter.com/v6/upgrading/future#v7_relativesplatpath.

 ✓ tests/unit/ui08-onboarding-navigation.test.tsx (6 tests) 628ms
stderr | tests/unit/t18c-keyboard-controls.test.tsx > Week PLANNED card exposes only actionable native controls
⚠️ React Router Future Flag Warning: React Router will begin wrapping state updates in `React.startTransition` in v7. You can use the `v7_startTransition` future flag to opt-in early. For more information, see https://reactrouter.com/v6/upgrading/future#v7_starttransition.
⚠️ React Router Future Flag Warning: Relative route resolution within Splat routes is changing in v7. You can use the `v7_relativeSplatPath` future flag to opt-in early. For more information, see https://reactrouter.com/v6/upgrading/future#v7_relativesplatpath.

stderr | tests/unit/ui10-week-routes.test.tsx > planner on preserves /week → /planner
⚠️ React Router Future Flag Warning: React Router will begin wrapping state updates in `React.startTransition` in v7. You can use the `v7_startTransition` future flag to opt-in early. For more information, see https://reactrouter.com/v6/upgrading/future#v7_starttransition.
⚠️ React Router Future Flag Warning: Relative route resolution within Splat routes is changing in v7. You can use the `v7_relativeSplatPath` future flag to opt-in early. For more information, see https://reactrouter.com/v6/upgrading/future#v7_relativesplatpath.

 ✓ tests/unit/t18c-keyboard-controls.test.tsx (5 tests) 374ms
 ✓ tests/unit/ui10-week-routes.test.tsx (14 tests) 703ms

 Test Files  10 passed (10)
      Tests  172 passed (172)
   Start at  23:12:28
   Duration  10.39s (transform 5.47s, setup 599ms, collect 33.81s, tests 3.24s, environment 4.65s, prepare 2.33s)
