Isolated security preview: Vite 5207, in-memory SQLite API 8907, external API fetch disabled; /__preview for synthetic login/reset
[req] GET /api/v1/me 200 6ms 4349c8f8-a3ed-4031-b0a3-27a764c1c248
[req] GET /api/v1/me 200 5ms 735987ec-e140-49cb-b2be-aa63d448ccc1
[req] GET /api/v1/me 200 6ms 8bc1c9cd-7ef8-4b56-a6b5-8326052276af
[req] PATCH /api/v1/preferences 200 4ms bf6b2849-6c9d-42b8-9416-6320171e56b3
[req] GET /api/v1/inventory 200 4ms 928948b4-e0db-4ca6-9b44-e381a9982a3d
[req] GET /api/v1/me 200 1ms 78ee7d87-84ae-4a4f-9884-a1709867f594
[req] GET /api/v1/week/current 200 3ms 2ee79fe7-9a95-4f87-b01e-108675e78bef
[req] GET /api/v1/me 200 1ms 30881558-8ec7-430d-a929-78528b3b4444
11:12:12 PM [vite] (client) hmr update /src/web/components/layout/AppLayout.tsx, /src/web/styles/index.css
[req] GET /api/v1/me 200 2ms f302f93e-c129-41d8-b180-c37a2c3e2a18
[req] GET /api/v1/me 200 5ms 7496a7c2-3069-46d0-9426-76e7f7113288
[req] GET /api/v1/me 200 5ms 2b1fde5a-4746-4683-8051-610fa03f076c
[req] PATCH /api/v1/preferences 200 1ms 861145ab-63d6-494a-a9ad-08e4c3b275f8
[req] GET /api/v1/inventory 200 3ms b03c357a-43f3-492e-a12e-861a2b702376
[req] GET /api/v1/me 200 7ms b94195c7-68d1-456f-a774-0b40ef9aaf16
[req] GET /api/v1/week/current 200 1ms 85ef8edb-2b51-4897-9bbe-5da9f3a2a691
[req] GET /api/v1/me 200 5ms 0dbde844-5d91-4b38-81b1-31d0661c4610
[req] GET /api/v1/me 200 23ms 45197813-793c-4465-b175-14a003030f15
[req] GET /api/v1/week/current 200 1ms cf9cfc66-93a3-4b46-a0a8-a6656dc5a8bd
[req] GET /api/v1/me 200 20ms 8fba9074-54c7-4153-9bfc-0dccb65ef41a
[req] GET /api/v1/me 200 3ms 69cd5c2e-0aa1-49bd-980f-feffe6b0f80f
[req] GET /api/v1/week/current 200 1ms d611c4c7-5c29-469f-983b-7c6d2668ee74
[req] GET /api/v1/me 200 3ms 9a916e7d-b917-4957-854a-6591dc08e836
[req] GET /api/v1/me 200 2ms 259f557b-d9a9-4962-82ec-fad459842c95
[req] GET /api/v1/week/current 200 12ms cae14784-9282-4687-9ccd-a3270d171a79
[req] GET /api/v1/me 200 2ms 6b6321fe-133d-46b7-a447-e2e70ad6e340
[req] GET /api/v1/me 200 5ms d314f206-9f62-411c-87f4-b6451e0ec5ae
[req] GET /api/v1/week/current 200 0ms ab0c9a2a-75df-4247-8abb-328e0005bd1d
[req] GET /api/v1/me 200 1ms e05fcb1f-5964-4487-b3e5-4ad5bd02b18e
[req] GET /api/v1/me 200 1ms bc9f5ea3-39db-44c5-9e35-b36b079e8bef
[req] GET /api/v1/week/current 200 1ms bac0e84f-41dd-4cc0-b549-b84b65b17871
[req] GET /api/v1/me 200 0ms 7ec5cdad-660e-4d78-ab2d-16311512e549
[req] GET /api/v1/me 200 2ms eee38531-e13f-412c-af88-05fecfc543b3
[req] GET /api/v1/week/current 200 1ms f54772e7-2a54-4c9e-88ed-9003c1166c13
[req] GET /api/v1/me 200 2ms 211d64c8-71cb-4bf8-948a-156b5717fc05
[req] GET /api/v1/me 200 3ms cad31032-d9eb-4cb4-a923-406b00589454
[req] GET /api/v1/week/current 200 1ms ccf2a352-9ddf-4e5a-b958-eb9f8bb80f46
[req] GET /api/v1/me 200 8ms 5398334b-6da4-44f2-8245-2f49430407b9
[req] GET /api/v1/me 200 9ms 6907499e-f097-4a8b-91c2-c06f24b42c22
[req] GET /api/v1/week/current 200 1ms b0d50348-0f8d-44db-a785-b01e444a39c1
[req] GET /api/v1/me 200 2ms 9bbdd6de-300c-4b5d-9ac0-1dd4a86a2d8c
[req] GET /api/v1/me 200 1ms a1bcb4ef-d4ab-47e0-b9ba-67e009bc98bd
[req] GET /api/v1/week/current 200 1ms a0b32392-a75a-408c-b574-53c3465fb5fa
[req] GET /api/v1/me 200 1ms ca7a406d-142a-4f8f-8800-a7712e09ac40
[req] GET /api/v1/me 200 3ms 94761bcf-ef91-462a-a0cb-b81c9dffbb03
[req] GET /api/v1/week/current 200 2ms 9df345f6-6cee-4a35-9e31-bdc8099ce6c5
[req] GET /api/v1/me 200 1ms d5a6b3c0-df0b-4826-8d87-8078d2ca525f
[req] GET /api/v1/me 200 2ms 61f26e74-9ed0-4002-a531-71cd989fa38b
[req] GET /api/v1/week/current 200 2ms 47cabaf7-172e-4b5a-a2a3-8b65df6ce3cd
[req] GET /api/v1/me 200 1ms 967e9f3c-5b61-4103-9791-8828d68a4269
[req] GET /api/v1/me 200 1ms 19c23057-a539-411f-90ce-217024b43bd8
[req] GET /api/v1/meal-planning/plans 404 1ms dafe745f-e210-41ee-97a1-437699a5cc8e
[req] GET /api/v1/inventory 200 1ms d31f544f-bd86-41d6-84e2-1b3cf249c74e
11:14:20 PM [vite] (client) hmr update /src/web/styles/index.css
11:14:20 PM [vite] (client) hmr update /src/web/components/layout/AppLayout.tsx, /src/web/styles/index.css
11:14:20 PM [vite] (client) page reload src/web/design-system/primitives.tsx
11:14:20 PM [vite] (client) hmr update /src/web/components/layout/AppLayout.tsx, /src/web/styles/index.css
11:14:20 PM [vite] (client) hmr update /src/web/styles/index.css
11:15:35 PM [vite] (client) hmr update /src/web/design-system/navigation.tsx, /src/web/styles/index.css
11:15:35 PM [vite] (client) hmr update /src/web/components/layout/AppLayout.tsx, /src/web/styles/index.css
11:15:49 PM [vite] (client) hmr update /src/web/components/layout/AppLayout.tsx, /src/web/styles/index.css
11:15:49 PM [vite] (client) hmr update /src/web/styles/index.css
11:15:50 PM [vite] (client) hmr update /src/web/components/layout/AppLayout.tsx, /src/web/styles/index.css
[req] GET /api/v1/me 200 3ms a984fb19-b0ac-4400-8874-2796363aff9b
[req] GET /api/v1/me 200 1ms 0e713f8b-f564-4c12-b60b-4f9eb4456da3
[req] GET /api/v1/me 200 2ms 92228517-8058-46ec-ac99-bc8506c50922
[req] PATCH /api/v1/preferences 200 4ms c4ebd333-0ac3-4e27-a7bb-a2de0066eafa
[req] GET /api/v1/inventory 200 2ms 8ef5f246-c046-4f0f-bafb-19a4125bc055
[req] GET /api/v1/me 200 3ms 80cb1d1a-17b0-4d16-82ce-e06d533f5987
[req] GET /api/v1/week/current 200 5ms 290e0015-03da-4749-8ead-48dc610ca9a7
[req] GET /api/v1/me 200 2ms f86bdd5a-0742-40d6-9ad8-97b4d20fa4d1
[req] GET /api/v1/me 200 1ms e96283a2-ecda-4972-9439-72a8f27d5597
[req] GET /api/v1/week/current 200 1ms 3bcde807-e0de-4c79-aa6c-bd16a165795a
[req] GET /api/v1/me 200 4ms ea66cb1c-f440-40c5-8723-d4c180d7869d
[req] GET /api/v1/me 200 1ms c3405b08-7146-4b6e-9fce-2ba7addc98d5
[req] GET /api/v1/week/current 200 3ms 00432fc6-af64-4844-b9bd-df890d5469e2
[req] GET /api/v1/me 200 8ms 09527328-1ef0-4a46-8fec-d577a5056059
[req] GET /api/v1/me 200 4ms 47264e78-95c2-433d-a187-a542a9162ec8
[req] GET /api/v1/week/current 200 0ms daf5fe33-f74c-4766-8886-3f2dc53655ac
[req] GET /api/v1/me 200 0ms 7955195a-b3e0-4c60-be9d-c825ab71e494
[req] GET /api/v1/me 200 2ms b348869a-d1cc-4589-a393-5ccd9a0079f8
[req] GET /api/v1/week/current 200 1ms 48aa7b8a-17ca-4016-ae60-0901ce9ad92a
[req] GET /api/v1/me 200 5ms 06ea9007-3b21-444c-afe7-486e7df42d00
[req] GET /api/v1/me 200 0ms f40d81cd-8509-4b9b-9998-ac084095ce9c
[req] GET /api/v1/week/current 200 4ms 4609b8df-f0f2-4469-90aa-1983cdd14b5d
[req] GET /api/v1/me 200 1ms 5e38b150-3c90-4377-a137-c582e8437bd9
[req] GET /api/v1/me 200 0ms 4bd9630d-ea32-4272-b71c-b0cab5d6f936
[req] GET /api/v1/week/current 200 0ms 27999e62-34eb-47c4-81d1-3341449367a6
[req] GET /api/v1/me 200 3ms 30762eb5-8aa9-4d22-a653-38288514050c
[req] GET /api/v1/me 200 1ms b34a648b-e172-4a69-a8a2-f8b34176be7c
[req] GET /api/v1/week/current 200 1ms b25c28f0-c4a4-421d-ba0f-9e02cf455cd5
[req] GET /api/v1/me 200 1ms 426a3535-4785-4751-98b3-01ef3e600d91
[req] GET /api/v1/me 200 1ms 4465eaba-e3fe-4733-9779-365fc654135b
[req] GET /api/v1/week/current 200 3ms 09293522-92c8-4e2b-b69a-e4dfedcc143b
[req] GET /api/v1/me 200 1ms 7d895fa5-aadc-410d-aa14-5937b6589f5a
[req] GET /api/v1/me 200 1ms 5f38c010-afc5-460f-a000-9ffa8bb1b8e0
[req] GET /api/v1/week/current 200 2ms 2f738e1b-b606-4523-b926-761dc3aaebe4
[req] GET /api/v1/me 200 1ms 5f586b08-0a6c-46f4-929c-1765f6f211ba
[req] GET /api/v1/me 200 1ms e53e8559-7236-412e-834b-c2ec3a631cf0
[req] GET /api/v1/week/current 200 2ms a7f4e247-675e-4dd2-9e7f-ce105d3162b0
[req] GET /api/v1/me 200 2ms b62dc641-281d-44c3-acc9-0bf0182d7e89
[req] GET /api/v1/me 200 1ms 18441bf6-f5ee-49c5-beea-d9842828d489
[req] GET /api/v1/week/current 200 2ms a8424c5b-0fdb-4128-8927-fe9c8a14ea8a
[req] GET /api/v1/me 200 4ms 42b0ae9f-70ca-4b18-9b24-cb4ec3b1cb52
[req] GET /api/v1/me 200 5ms 0e3237e6-167e-47ac-b613-4553d3b0a824
[req] GET /api/v1/meal-planning/plans 404 1ms 6bf9ac39-53f8-4efc-a3ac-f9b16d325c3d
[req] GET /api/v1/inventory 200 1ms f1db4014-d2aa-4a3e-a2bd-345085923674
11:20:21 PM [vite] (client) hmr update /src/web/styles/index.css
11:20:21 PM [vite] (client) hmr update /src/web/styles/index.css
[req] GET /api/v1/me 200 1ms b5f4e6c4-a4f4-4e2f-8595-bc83a2d4c72f
[req] GET /api/v1/me 200 0ms 89d6b707-d22b-47f2-ad04-af5de5a52dd3
[req] GET /api/v1/me 200 4ms 5104a7df-0c76-49c7-9b78-ddc58fe5b87f
[req] PATCH /api/v1/preferences 200 1ms ce6e8ce9-3e40-48a3-8f05-22520664373f
[req] GET /api/v1/inventory 200 1ms 28cdd40d-de04-47ce-8567-7d841936e67f
[req] GET /api/v1/me 200 11ms 366ad972-9105-43b8-91a2-b242308cbafd
[req] GET /api/v1/week/current 200 1ms 3ec683fe-7c52-4c89-868f-35b26ba1db2d
[req] GET /api/v1/me 200 1ms 41a341da-2920-46c9-864a-e8cde8556c42
[req] GET /api/v1/me 200 3ms 6f5eea25-3f36-4556-a982-11b2567e69f1
[req] GET /api/v1/week/current 200 1ms 8986e931-1056-4db5-8efe-e516e6653927
[req] GET /api/v1/me 200 1ms 29fc5eba-84d9-454f-b318-1edb64998a0b
[req] GET /api/v1/me 200 2ms 62b746c7-0724-4ba3-8f36-2f1549a700c3
[req] GET /api/v1/week/current 200 6ms cb24efe8-f157-4f53-bfff-3630c57e70ad
[req] GET /api/v1/me 200 3ms 23dd80d1-7fd4-4570-b841-95dd2025dc7a
[req] GET /api/v1/me 200 2ms d010a316-aa57-4eba-9a2a-6c19dfad31d9
[req] GET /api/v1/week/current 200 0ms a8cfa250-686b-4a19-b09c-aa41c6679595
[req] GET /api/v1/me 200 2ms 55832ea5-f593-4c03-a1ec-2a6c7e68a117
[req] GET /api/v1/me 200 1ms d9752fcb-c0a6-4c41-97cf-4491e8bfae13
[req] GET /api/v1/week/current 200 2ms 095644ed-2576-4ca6-bac2-eb26b2b51b33
[req] GET /api/v1/me 200 1ms b1f439cc-8064-4515-b1c8-90264b528f26
[req] GET /api/v1/me 200 0ms c3f09664-deb8-4c40-92e3-07418f95df9d
[req] GET /api/v1/week/current 200 0ms 19e26b1e-7a10-4977-ac03-37ca492451f4
[req] GET /api/v1/me 200 2ms 7ca0014e-b694-45e6-8289-b440b50acae1
[req] GET /api/v1/me 200 5ms 0dc8e8ef-3ce6-49f3-9150-42bfab04f94d
[req] GET /api/v1/week/current 200 1ms 60387705-5fc6-462d-9990-1ed2f68e9434
[req] GET /api/v1/me 200 4ms 6e72e5e3-4b40-4f39-8c5c-3cfd506cd111
[req] GET /api/v1/me 200 11ms f240d1c3-c3e2-4dec-82c4-aa890e821bde
[req] GET /api/v1/week/current 200 1ms 5fac574f-05fa-4dc4-8982-ae4e944887ec
[req] GET /api/v1/me 200 5ms 28b106af-0b3d-4c59-bf6a-c93cb1886b6a
[req] GET /api/v1/me 200 1ms 9d076e5b-ca7a-40bc-8fed-c916da8bcfc8
[req] GET /api/v1/week/current 200 4ms 77f31737-631d-4f31-bee0-94869607d304
[req] GET /api/v1/me 200 2ms 1063e8c0-d583-49d2-9cd1-00687a21dca4
[req] GET /api/v1/me 200 2ms bef03519-549b-4e72-98af-141602b3fbfe
[req] GET /api/v1/week/current 200 1ms db24e259-160a-46db-a40e-94573ba37375
[req] GET /api/v1/me 200 5ms 6b54b224-12fc-4ddc-a7c9-20a7d534c77c
[req] GET /api/v1/me 200 1ms 4f3d747d-7f82-47a0-8b27-c579c30173df
[req] GET /api/v1/week/current 200 1ms f3aaa0ec-8ccf-4f20-b1bb-4309d5ba3bee
[req] GET /api/v1/me 200 1ms 5a33107b-83c1-4a9f-92c7-629b8f19d676
[req] GET /api/v1/me 200 1ms ccf2dbd3-a6b5-46bf-9f79-5dc2a1b2c25c
[req] GET /api/v1/week/current 200 2ms 937f9a03-d757-42ce-818d-aed9fefb20e0
[req] GET /api/v1/me 200 2ms 9c511411-3d58-457f-a2fc-76909568c71c
[req] GET /api/v1/me 200 7ms 3dda3d20-0d3e-4d0e-b8e8-04d608a1a25b
[req] GET /api/v1/meal-planning/plans 404 1ms b8e12aea-9d01-4d3f-9f97-c198c164ddd3
[req] GET /api/v1/inventory 200 0ms 1d90a1e1-2e24-4cef-99df-d886bc392735
11:25:46 PM [vite] (client) hmr update /src/web/components/layout/AppLayout.tsx, /src/web/styles/index.css
[req] GET /api/v1/me 200 1ms 94808191-435b-49a1-b0a9-b645bd87b32d
[req] GET /api/v1/me 200 1ms a1e3ec67-011c-444a-a65f-46fd5c6d8d30
[req] GET /api/v1/me 200 0ms e11351fc-de21-4988-a138-93f9edebe20e
[req] PATCH /api/v1/preferences 200 2ms 8e2cbd9b-c602-4a55-8127-766a4723d54e
[req] GET /api/v1/inventory 200 2ms 36025d08-ed1d-45bd-ac27-c73cd15bc8bc
[req] GET /api/v1/me 200 1ms 3a48551a-133b-4140-86db-a6f6206e19e9
[req] GET /api/v1/week/current 200 1ms 82a87564-3627-40b5-95cd-5d2ee20ecf60
[req] GET /api/v1/me 200 1ms dbd3f583-a876-4be9-8139-fd920e543472
[req] GET /api/v1/me 200 2ms 5336ecd1-3c00-4c6d-8d3a-c2536d8fe483
[req] GET /api/v1/week/current 200 0ms 71b59c57-e480-4c8f-b103-8dba90b92589
[req] GET /api/v1/me 200 1ms 1423417b-ec1e-4c05-95fe-78b88a29d989
[req] GET /api/v1/me 200 4ms c6251b57-6559-4397-a569-cdde7ebd74cb
[req] GET /api/v1/week/current 200 2ms 55110016-02a3-403d-bff3-60d28e3b4e07
[req] GET /api/v1/me 200 1ms 3e5dd730-9adf-44f7-b3f5-f18f80fc79c5
[req] GET /api/v1/me 200 1ms c99e3da6-dce3-46ca-99af-250744c47d06
[req] GET /api/v1/week/current 200 1ms 7dea215f-1c92-4d4f-a343-9c6c5a144c7d
[req] GET /api/v1/me 200 2ms 7ffaf141-80f3-40ed-9680-40419a4525b8
[req] GET /api/v1/me 200 4ms e1f4171b-5005-4298-b45c-557c4cdcce32
[req] GET /api/v1/week/current 200 2ms c6195292-5cb0-4877-8539-a4d604ca7d1e
[req] GET /api/v1/me 200 1ms 11ff124c-c7bd-4460-b64c-1e7b87943307
[req] GET /api/v1/me 200 4ms 7b50dd60-2aa8-4f59-8287-4a46092e2225
[req] GET /api/v1/week/current 200 1ms be4f30a8-29c6-4635-bd6f-96c6682d6bb1
[req] GET /api/v1/me 200 1ms e8fbec5f-e3ab-421b-9faf-a80c0631a31e
[req] GET /api/v1/me 200 1ms afabd4bd-1d73-44bd-9cb0-b23e84cdbcbb
[req] GET /api/v1/week/current 200 4ms ca48f869-1037-458d-a879-c93bddf930be
[req] GET /api/v1/me 200 1ms 699981b2-c653-4d43-b54a-91dde70e86f1
[req] GET /api/v1/me 200 0ms 502578bd-096e-4a03-aada-7db3f8064e55
[req] GET /api/v1/week/current 200 1ms 205a54c9-44c0-494f-8a96-e5ef7ce42c9c
[req] GET /api/v1/me 200 2ms 92cabc58-5561-49fa-be6e-1c89e6a5215e
[req] GET /api/v1/me 200 1ms 2ac2da32-d459-4cd6-a828-999af25cdabd
[req] GET /api/v1/week/current 200 1ms b3883a4a-b189-415a-aee1-f5d92cf85a1f
[req] GET /api/v1/me 200 1ms 0d31ad9a-a84d-4247-9455-ad97336330a9
[req] GET /api/v1/me 200 1ms 998d23b6-f9e1-4cca-a0be-b79edf2968fb
[req] GET /api/v1/week/current 200 1ms 8e4acead-52fd-4f2b-8772-6fc93415b0fe
[req] GET /api/v1/me 200 1ms 0ffc0483-995e-4a83-963e-272de73b668d
[req] GET /api/v1/me 200 0ms 10c8a096-5f6a-4eb6-8026-48ed561548d1
[req] GET /api/v1/week/current 200 1ms f80380ed-2f13-44c0-b51e-7c877df93775
[req] GET /api/v1/me 200 0ms cc5b391f-76c4-452b-8f7a-5cbd7662aa5a
[req] GET /api/v1/me 200 1ms cf1dbbb0-7ac8-4c24-b8a8-9b14d89e368e
[req] GET /api/v1/week/current 200 0ms 6535345c-2b75-4303-b1ff-a2145d11272f
[req] GET /api/v1/me 200 1ms a699909e-60e5-4e68-9176-83a1d96431d4
[req] GET /api/v1/me 200 1ms 89729842-1bb5-475f-aa34-b8092be9617e
[req] GET /api/v1/meal-planning/plans 404 0ms e4c6991e-4e6c-4f32-8d6f-98d728e38f3c
[req] GET /api/v1/inventory 200 0ms 36b253b1-99a0-46b8-9c7e-4062370efdf8
