
 RUN  v3.2.7 /Users/tunbee27/Documents/Tako-san-ui-rebuild

 ✓ tests/unit/takosan-brand.test.tsx (19 tests) 217ms
 ✓ tests/unit/ui11-shell-measurement.test.tsx (3 tests) 347ms
 ✓ tests/unit/ui07-brand-shell.test.tsx (15 tests) 72ms
 ✓ tests/unit/ui09-route-scope.test.tsx (14 tests) 30ms
 ✓ tests/unit/ui08-route-scope.test.tsx (20 tests) 51ms
 ✓ tests/unit/ui11-navigation.test.tsx (29 tests) 259ms
stderr | tests/unit/ui08-onboarding-navigation.test.tsx > UI08 completion intent through actual App guards > today reaches its chosen destination after server confirmation
⚠️ React Router Future Flag Warning: React Router will begin wrapping state updates in `React.startTransition` in v7. You can use the `v7_startTransition` future flag to opt-in early. For more information, see https://reactrouter.com/v6/upgrading/future#v7_starttransition.
⚠️ React Router Future Flag Warning: Relative route resolution within Splat routes is changing in v7. You can use the `v7_relativeSplatPath` future flag to opt-in early. For more information, see https://reactrouter.com/v6/upgrading/future#v7_relativesplatpath.

 ✓ tests/unit/ui08-onboarding-navigation.test.tsx (6 tests) 270ms
stderr | tests/unit/ui10-week-routes.test.tsx > planner on preserves /week → /planner
⚠️ React Router Future Flag Warning: React Router will begin wrapping state updates in `React.startTransition` in v7. You can use the `v7_startTransition` future flag to opt-in early. For more information, see https://reactrouter.com/v6/upgrading/future#v7_starttransition.
⚠️ React Router Future Flag Warning: Relative route resolution within Splat routes is changing in v7. You can use the `v7_relativeSplatPath` future flag to opt-in early. For more information, see https://reactrouter.com/v6/upgrading/future#v7_relativesplatpath.

stderr | tests/unit/t18c-keyboard-controls.test.tsx > Week PLANNED card exposes only actionable native controls
⚠️ React Router Future Flag Warning: React Router will begin wrapping state updates in `React.startTransition` in v7. You can use the `v7_startTransition` future flag to opt-in early. For more information, see https://reactrouter.com/v6/upgrading/future#v7_starttransition.
⚠️ React Router Future Flag Warning: Relative route resolution within Splat routes is changing in v7. You can use the `v7_relativeSplatPath` future flag to opt-in early. For more information, see https://reactrouter.com/v6/upgrading/future#v7_relativesplatpath.

 ✓ tests/unit/t18c-keyboard-controls.test.tsx (5 tests) 79ms
 ✓ tests/unit/ui10-week-routes.test.tsx (14 tests) 227ms

⎯⎯⎯⎯⎯⎯ Failed Suites 1 ⎯⎯⎯⎯⎯⎯⎯

 FAIL  tests/unit/ui02-presentation.test.ts [ tests/unit/ui02-presentation.test.ts ]
ReferenceError: localStorage is not defined
 ❯ removeLegacyPrivateCaches src/web/lib/private-session.ts:53:3
     51|
     52| export function removeLegacyPrivateCaches(): void {
     53|   localStorage.removeItem('frigo_token');
       |   ^
     54|   sessionStorage.removeItem('frigo_guest_token');
     55|   for (let index = localStorage.length - 1; index >= 0; index--) {
 ❯ src/web/stores/useAuthStore.ts:82:3
 ❯ createStoreImpl node_modules/.pnpm/zustand@5.0.15_@types+react@18.3.31_react@18.3.1/node_modules/zustand/esm/vanilla.mjs:19:32
 ❯ createStore node_modules/.pnpm/zustand@5.0.15_@types+react@18.3.31_react@18.3.1/node_modules/zustand/esm/vanilla.mjs:22:53
 ❯ createImpl node_modules/.pnpm/zustand@5.0.15_@types+react@18.3.31_react@18.3.1/node_modules/zustand/esm/react.mjs:15:15
 ❯ create node_modules/.pnpm/zustand@5.0.15_@types+react@18.3.31_react@18.3.1/node_modules/zustand/esm/react.mjs:20:48
 ❯ src/web/stores/useAuthStore.ts:81:29

⎯⎯⎯⎯⎯⎯⎯⎯⎯⎯⎯⎯⎯⎯⎯⎯⎯⎯⎯⎯⎯⎯⎯⎯[1/1]⎯


 Test Files  1 failed | 9 passed (10)
      Tests  125 passed (125)
   Start at  23:11:06
   Duration  4.77s (transform 2.56s, setup 211ms, collect 12.75s, tests 1.55s, environment 2.70s, prepare 1.20s)
