empty-320: overflow=0; axe=0; broken=0
setup-320: overflow=0; axe=0; broken=0
empty-390: overflow=0; axe=0; broken=0
setup-390: overflow=0; axe=0; broken=0
empty-768: overflow=0; axe=0; broken=0
setup-768: overflow=0; axe=0; broken=0
empty-1024: overflow=0; axe=0; broken=0
setup-1024: overflow=0; axe=0; broken=0
empty-1440: overflow=0; axe=0; broken=0
setup-1440: overflow=0; axe=0; broken=0
budget-unlimited-320: overflow=0; axe=0; broken=0
priorities-320: overflow=0; axe=0; broken=0
frequency-review-320: overflow=0; axe=0; broken=0
generating-320: overflow=0; axe=0; broken=0
board-320: overflow=0; axe=0; broken=0
board-390: overflow=0; axe=0; broken=0
board-768: overflow=0; axe=0; broken=0
board-1024: overflow=0; axe=0; broken=0
board-1440: overflow=0; axe=0; broken=0
meal-320: overflow=0; axe=0; broken=0
meal-390: overflow=0; axe=0; broken=0
meal-768: overflow=0; axe=0; broken=0
meal-1024: overflow=0; axe=0; broken=0
meal-1440: overflow=0; axe=0; broken=0
meal-steps-320: overflow=0; axe=0; broken=0
meal-nutrition-320: overflow=0; axe=0; broken=0
swap-error-320: overflow=0; axe=0; broken=0
swap-options-320: overflow=0; axe=0; broken=0
swap-short-390: overflow=0; axe=0; broken=0
export-390: overflow=0; axe=0; broken=0
export-copy-pending-390: overflow=0; axe=0; broken=0
export-copy-error-390: overflow=0; axe=0; broken=0
export-copy-success-390: overflow=0; axe=0; broken=0
export-share-cancel-390: overflow=0; axe=0; broken=0
node:internal/modules/run_main:107
    triggerUncaughtException(
    ^

ExpectError: expect(locator).toBeChecked() failed

Locator:  getByRole('radio', { name: 'Không giới hạn ngân sách', exact: true })
Expected: checked
Received: unchecked
Timeout:  5000ms

Call log:
  - Expect "toBeChecked" getByRole('radio', { name: 'Không giới hạn ngân sách', exact: true }) with timeout 5000ms
  - waiting for getByRole('radio', { name: 'Không giới hạn ngân sách', exact: true })
    14 × locator resolved to <input type="radio" value="unlimited" name="week-budget"/>
       - unexpected value "unchecked"

    at captureRawStack (/Users/tunbee27/Documents/Tako-san-ui-rebuild/node_modules/.pnpm/playwright-core@1.63.0/node_modules/playwright-core/lib/coreBundle.js:8588:17)
    at callMatcherAsStep (/Users/tunbee27/Documents/Tako-san-ui-rebuild/node_modules/.pnpm/playwright@1.63.0/node_modules/playwright/lib/matchers/expect.js:13310:57)
    at Object.toBeChecked (/Users/tunbee27/Documents/Tako-san-ui-rebuild/node_modules/.pnpm/playwright@1.63.0/node_modules/playwright/lib/matchers/expect.js:13302:23)
    at /Users/tunbee27/Documents/Tako-san-ui-rebuild/scripts/ui10-browser-check.mjs:85:224 {
  matcherResult: {
    message: 'expect(locator).toBeChecked() failed\n' +
      '\n' +
      "Locator:  getByRole('radio', { name: 'Không giới hạn ngân sách', exact: true })\n" +
      'Expected: checked\n' +
      'Received: unchecked\n' +
      'Timeout:  5000ms\n' +
      '\n' +
      'Call log:\n' +
      `  - Expect "toBeChecked" getByRole('radio', { name: 'Không giới hạn ngân sách', exact: true }) with timeout 5000ms\n` +
      "  - waiting for getByRole('radio', { name: 'Không giới hạn ngân sách', exact: true })\n" +
      '    14 × locator resolved to <input type="radio" value="unlimited" name="week-budget"/>\n' +
      '       - unexpected value "unchecked"\n',
    pass: false,
    actual: 'unchecked',
    name: 'toBeChecked',
    expected: 'checked',
    log: [
      `  - Expect "toBeChecked" getByRole('radio', { name: 'Không giới hạn ngân sách', exact: true }) with timeout 5000ms`,
      "  - waiting for getByRole('radio', { name: 'Không giới hạn ngân sách', exact: true })",
      '    14 × locator resolved to <input type="radio" value="unlimited" name="week-budget"/>',
      '       - unexpected value "unchecked"'
    ],
    timeout: 5000,
    ariaSnapshot: '- radio "Không giới hạn ngân sách"'
  }
}

Node.js v24.16.0
