
Running 6 tests using 1 worker

(node:69907) Warning: The 'NO_COLOR' env is ignored due to the 'FORCE_COLOR' env being set.
(Use `node --trace-warnings ...` to show where the warning was created)
  ✓  1 [mobile-360] › tests/e2e/t17-ui/t18c-week-compatibility.e2e.ts:3:1 › flag-off Week setup keeps native keyboard selections and unchanged progression (2.1s)
(node:69912) Warning: The 'NO_COLOR' env is ignored due to the 'FORCE_COLOR' env being set.
(Use `node --trace-warnings ...` to show where the warning was created)
  ✓  2 [mobile-390] › tests/e2e/t17-ui/t18c-week-compatibility.e2e.ts:3:1 › flag-off Week setup keeps native keyboard selections and unchanged progression (1.6s)
(node:69917) Warning: The 'NO_COLOR' env is ignored due to the 'FORCE_COLOR' env being set.
(Use `node --trace-warnings ...` to show where the warning was created)
  ✓  3 [mobile-430] › tests/e2e/t17-ui/t18c-week-compatibility.e2e.ts:3:1 › flag-off Week setup keeps native keyboard selections and unchanged progression (1.5s)
(node:69922) Warning: The 'NO_COLOR' env is ignored due to the 'FORCE_COLOR' env being set.
(Use `node --trace-warnings ...` to show where the warning was created)
  ✓  4 [tablet-768] › tests/e2e/t17-ui/t18c-week-compatibility.e2e.ts:3:1 › flag-off Week setup keeps native keyboard selections and unchanged progression (1.7s)
(node:69927) Warning: The 'NO_COLOR' env is ignored due to the 'FORCE_COLOR' env being set.
(Use `node --trace-warnings ...` to show where the warning was created)
  ✓  5 [desktop-1024] › tests/e2e/t17-ui/t18c-week-compatibility.e2e.ts:3:1 › flag-off Week setup keeps native keyboard selections and unchanged progression (1.7s)
(node:69932) Warning: The 'NO_COLOR' env is ignored due to the 'FORCE_COLOR' env being set.
(Use `node --trace-warnings ...` to show where the warning was created)
  ✓  6 [desktop-1440] › tests/e2e/t17-ui/t18c-week-compatibility.e2e.ts:3:1 › flag-off Week setup keeps native keyboard selections and unchanged progression (1.9s)

  6 passed (15.1s)
