empty-320: overflow=0; axe=0; broken=0
setup-320: overflow=0; axe=0; broken=0
empty-390: overflow=0; axe=0; broken=0
setup-390: overflow=0; axe=0; broken=0
empty-768: overflow=0; axe=0; broken=0
setup-768: overflow=0; axe=0; broken=0
empty-1024: overflow=0; axe=0; broken=0
setup-1024: overflow=0; axe=0; broken=0
empty-1440: overflow=0; axe=0; broken=0
setup-1440: overflow=0; axe=0; broken=0
budget-unlimited-320: overflow=0; axe=0; broken=0
priorities-320: overflow=0; axe=0; broken=0
frequency-review-320: overflow=0; axe=0; broken=0
generating-320: overflow=0; axe=0; broken=0
board-320: overflow=0; axe=0; broken=0
board-390: overflow=0; axe=0; broken=0
board-768: overflow=0; axe=0; broken=0
board-1024: overflow=0; axe=0; broken=0
board-1440: overflow=0; axe=0; broken=0
meal-320: overflow=0; axe=0; broken=0
meal-390: overflow=0; axe=0; broken=0
meal-768: overflow=0; axe=0; broken=0
meal-1024: overflow=0; axe=0; broken=0
meal-1440: overflow=0; axe=0; broken=0
meal-steps-320: overflow=0; axe=0; broken=0
meal-nutrition-320: overflow=0; axe=0; broken=0
swap-error-320: overflow=0; axe=0; broken=0
swap-options-320: overflow=0; axe=0; broken=0
swap-short-390: overflow=0; axe=0; broken=0
export-390: overflow=0; axe=0; broken=0
export-copy-pending-390: overflow=0; axe=0; broken=0
export-copy-error-390: overflow=0; axe=0; broken=0
export-copy-success-390: overflow=0; axe=0; broken=0
export-share-cancel-390: overflow=0; axe=0; broken=0
settings-session-draft-390: overflow=0; axe=0; broken=0
shopping-320: overflow=0; axe=0; broken=0
shopping-390: overflow=0; axe=0; broken=0
shopping-768: overflow=0; axe=0; broken=0
shopping-1024: overflow=0; axe=0; broken=0
shopping-1440: overflow=0; axe=0; broken=0
shopping-active-one-390: overflow=0; axe=0; broken=0
shopping-import-error-390: overflow=0; axe=0; broken=0
shopping-import-confirmed-390: overflow=0; axe=0; broken=0
shopping-import-readback-390: overflow=0; axe=0; broken=0
shopping-synthetic-pending-receipt-390: overflow=0; axe=0; broken=0
board-text2-320: overflow=0; axe=0; broken=0
export-text2-320: overflow=0; axe=0; broken=0
export-text2-controls-320: overflow=0; axe=0; broken=0
nutrition-text2-320: overflow=0; axe=0; broken=0
shopping-text2-320: overflow=0; axe=0; broken=0
setup-text2-320: overflow=0; axe=0; broken=0
meal-missing-320: overflow=0; axe=0; broken=0
board-read-error-320: overflow=0; axe=0; broken=0
meal-long-text2-320: overflow=0; axe=0; broken=0
nutrition-unknown-320: overflow=0; axe=0; broken=0
steps-empty-320: overflow=0; axe=0; broken=0
swap-long-title-text2-320: overflow=0; axe=0; broken=0
shopping-long-text2-320: overflow=0; axe=0; broken=0
generation-error-320: overflow=0; axe=0; broken=0
settings-short-390: overflow=0; axe=0; broken=0
export-normal-motion-1440: overflow=0; axe=0; broken=0
PASS 61 snapshots / 11 journeys / 0 unexpected page errors
